[    0.000000] Linux version 5.1.0-0.rc5.git2.1.vanilla.knurd.1.fc29.x86_64 (mockbuild@buildvm-11.phx2.fedoraproject.org) (gcc version 8.3.1 20190223 (Red Hat 8.3.1-2) (GCC)) #1 SMP Wed Apr 17 20:15:07 UTC 2019
[    0.000000] Command line: BOOT_IMAGE=/vmlinuz-5.1.0-0.rc5.git2.1.vanilla.knurd.1.fc29.x86_64 root=/dev/mapper/fedora-root ro resume=/dev/mapper/fedora-swap rd.lvm.lv=fedora/root rd.luks.uuid=luks-2fa18852-37cb-41cb-86ea-41766c499859 rd.lvm.lv=fedora/swap rhgb quiet acpi.ec_no_wakeup=1
[    0.000000] x86/fpu: Supporting XSAVE feature 0x001: 'x87 floating point registers'
[    0.000000] x86/fpu: Supporting XSAVE feature 0x002: 'SSE registers'
[    0.000000] x86/fpu: Supporting XSAVE feature 0x004: 'AVX registers'
[    0.000000] x86/fpu: Supporting XSAVE feature 0x008: 'MPX bounds registers'
[    0.000000] x86/fpu: Supporting XSAVE feature 0x010: 'MPX CSR'
[    0.000000] x86/fpu: xstate_offset[2]:  576, xstate_sizes[2]:  256
[    0.000000] x86/fpu: xstate_offset[3]:  832, xstate_sizes[3]:   64
[    0.000000] x86/fpu: xstate_offset[4]:  896, xstate_sizes[4]:   64
[    0.000000] x86/fpu: Enabled xstate features 0x1f, context size is 960 bytes, using 'compacted' format.
[    0.000000] BIOS-provided physical RAM map:
[    0.000000] BIOS-e820: [mem 0x0000000000000000-0x0000000000057fff] usable
[    0.000000] BIOS-e820: [mem 0x0000000000058000-0x0000000000058fff] reserved
[    0.000000] BIOS-e820: [mem 0x0000000000059000-0x000000000009dfff] usable
[    0.000000] BIOS-e820: [mem 0x000000000009e000-0x00000000000fffff] reserved
[    0.000000] BIOS-e820: [mem 0x0000000000100000-0x0000000016f6dfff] usable
[    0.000000] BIOS-e820: [mem 0x0000000016f6e000-0x0000000016f6efff] ACPI NVS
[    0.000000] BIOS-e820: [mem 0x0000000016f6f000-0x0000000016f6ffff] reserved
[    0.000000] BIOS-e820: [mem 0x0000000016f70000-0x0000000018387fff] usable
[    0.000000] BIOS-e820: [mem 0x0000000018388000-0x0000000018c87fff] reserved
[    0.000000] BIOS-e820: [mem 0x0000000018c88000-0x000000002ee9dfff] usable
[    0.000000] BIOS-e820: [mem 0x000000002ee9e000-0x000000002f88dfff] reserved
[    0.000000] BIOS-e820: [mem 0x000000002f88e000-0x000000002ff7dfff] ACPI NVS
[    0.000000] BIOS-e820: [mem 0x000000002ff7e000-0x000000002fffdfff] ACPI data
[    0.000000] BIOS-e820: [mem 0x000000002fffe000-0x000000002fffefff] usable
[    0.000000] BIOS-e820: [mem 0x000000002ffff000-0x000000003cffffff] reserved
[    0.000000] BIOS-e820: [mem 0x00000000e0000000-0x00000000efffffff] reserved
[    0.000000] BIOS-e820: [mem 0x00000000fd000000-0x00000000fe7fffff] reserved
[    0.000000] BIOS-e820: [mem 0x00000000fec00000-0x00000000fec00fff] reserved
[    0.000000] BIOS-e820: [mem 0x00000000fed00000-0x00000000fed00fff] reserved
[    0.000000] BIOS-e820: [mem 0x00000000fed10000-0x00000000fed19fff] reserved
[    0.000000] BIOS-e820: [mem 0x00000000fed84000-0x00000000fed84fff] reserved
[    0.000000] BIOS-e820: [mem 0x00000000fee00000-0x00000000fee00fff] reserved
[    0.000000] BIOS-e820: [mem 0x00000000ffa00000-0x00000000ffffffff] reserved
[    0.000000] BIOS-e820: [mem 0x0000000100000000-0x00000004c1ffffff] usable
[    0.000000] NX (Execute Disable) protection: active
[    0.000000] e820: update [mem 0x14b47018-0x14b57057] usable ==> usable
[    0.000000] e820: update [mem 0x14b47018-0x14b57057] usable ==> usable
[    0.000000] extended physical RAM map:
[    0.000000] reserve setup_data: [mem 0x0000000000000000-0x0000000000057fff] usable
[    0.000000] reserve setup_data: [mem 0x0000000000058000-0x0000000000058fff] reserved
[    0.000000] reserve setup_data: [mem 0x0000000000059000-0x000000000009dfff] usable
[    0.000000] reserve setup_data: [mem 0x000000000009e000-0x00000000000fffff] reserved
[    0.000000] reserve setup_data: [mem 0x0000000000100000-0x0000000014b47017] usable
[    0.000000] reserve setup_data: [mem 0x0000000014b47018-0x0000000014b57057] usable
[    0.000000] reserve setup_data: [mem 0x0000000014b57058-0x0000000016f6dfff] usable
[    0.000000] reserve setup_data: [mem 0x0000000016f6e000-0x0000000016f6efff] ACPI NVS
[    0.000000] reserve setup_data: [mem 0x0000000016f6f000-0x0000000016f6ffff] reserved
[    0.000000] reserve setup_data: [mem 0x0000000016f70000-0x0000000018387fff] usable
[    0.000000] reserve setup_data: [mem 0x0000000018388000-0x0000000018c87fff] reserved
[    0.000000] reserve setup_data: [mem 0x0000000018c88000-0x000000002ee9dfff] usable
[    0.000000] reserve setup_data: [mem 0x000000002ee9e000-0x000000002f88dfff] reserved
[    0.000000] reserve setup_data: [mem 0x000000002f88e000-0x000000002ff7dfff] ACPI NVS
[    0.000000] reserve setup_data: [mem 0x000000002ff7e000-0x000000002fffdfff] ACPI data
[    0.000000] reserve setup_data: [mem 0x000000002fffe000-0x000000002fffefff] usable
[    0.000000] reserve setup_data: [mem 0x000000002ffff000-0x000000003cffffff] reserved
[    0.000000] reserve setup_data: [mem 0x00000000e0000000-0x00000000efffffff] reserved
[    0.000000] reserve setup_data: [mem 0x00000000fd000000-0x00000000fe7fffff] reserved
[    0.000000] reserve setup_data: [mem 0x00000000fec00000-0x00000000fec00fff] reserved
[    0.000000] reserve setup_data: [mem 0x00000000fed00000-0x00000000fed00fff] reserved
[    0.000000] reserve setup_data: [mem 0x00000000fed10000-0x00000000fed19fff] reserved
[    0.000000] reserve setup_data: [mem 0x00000000fed84000-0x00000000fed84fff] reserved
[    0.000000] reserve setup_data: [mem 0x00000000fee00000-0x00000000fee00fff] reserved
[    0.000000] reserve setup_data: [mem 0x00000000ffa00000-0x00000000ffffffff] reserved
[    0.000000] reserve setup_data: [mem 0x0000000100000000-0x00000004c1ffffff] usable
[    0.000000] efi: EFI v2.50 by INSYDE Corp.
[    0.000000] efi:  ACPI 2.0=0x2fffd014  SMBIOS=0x2f112000  SMBIOS 3.0=0x2f110000  ESRT=0x2f10e698  MEMATTR=0x1f946018  TPMEventLog=0x18c95018 
[    0.000000] SMBIOS 3.0.0 present.
[    0.000000] DMI: LENOVO 81C4/LNVNB161216, BIOS 8GCN32WW 10/09/2018
[    0.000000] tsc: Detected 2000.000 MHz processor
[    0.001008] tsc: Detected 1992.000 MHz TSC
[    0.001008] e820: update [mem 0x00000000-0x00000fff] usable ==> reserved
[    0.001009] e820: remove [mem 0x000a0000-0x000fffff] usable
[    0.001014] last_pfn = 0x4c2000 max_arch_pfn = 0x400000000
[    0.001016] MTRR default type: write-back
[    0.001017] MTRR fixed ranges enabled:
[    0.001018]   00000-9FFFF write-back
[    0.001018]   A0000-BFFFF uncachable
[    0.001019]   C0000-FFFFF write-protect
[    0.001019] MTRR variable ranges enabled:
[    0.001020]   0 base 0080000000 mask 7F80000000 uncachable
[    0.001020]   1 base 0040000000 mask 7FC0000000 uncachable
[    0.001021]   2 base 003C000000 mask 7FFC000000 uncachable
[    0.001021]   3 base 003A000000 mask 7FFE000000 uncachable
[    0.001021]   4 base 0039000000 mask 7FFF000000 uncachable
[    0.001022]   5 base 0038800000 mask 7FFF800000 uncachable
[    0.001022]   6 base 2000000000 mask 7000000000 uncachable
[    0.001023]   7 disabled
[    0.001023]   8 disabled
[    0.001023]   9 disabled
[    0.002177] x86/PAT: Configuration [0-7]: WB  WC  UC- UC  WB  WP  UC- WT  
[    0.002307] last_pfn = 0x2ffff max_arch_pfn = 0x400000000
[    0.007600] esrt: Reserving ESRT space from 0x000000002f10e698 to 0x000000002f10e720.
[    0.007606] Using GB pages for direct mapping
[    0.007607] BRK [0x35be01000, 0x35be01fff] PGTABLE
[    0.007608] BRK [0x35be02000, 0x35be02fff] PGTABLE
[    0.007609] BRK [0x35be03000, 0x35be03fff] PGTABLE
[    0.007647] BRK [0x35be04000, 0x35be04fff] PGTABLE
[    0.007649] BRK [0x35be05000, 0x35be05fff] PGTABLE
[    0.007811] BRK [0x35be06000, 0x35be06fff] PGTABLE
[    0.007899] BRK [0x35be07000, 0x35be07fff] PGTABLE
[    0.007935] BRK [0x35be08000, 0x35be08fff] PGTABLE
[    0.007991] BRK [0x35be09000, 0x35be09fff] PGTABLE
[    0.008032] BRK [0x35be0a000, 0x35be0afff] PGTABLE
[    0.008080] Secure boot disabled
[    0.008081] RAMDISK: [mem 0x07bce000-0x0934dfff]
[    0.008086] ACPI: Early table checksum verification disabled
[    0.008088] ACPI: RSDP 0x000000002FFFD014 000024 (v02 LENOVO)
[    0.008090] ACPI: XSDT 0x000000002FFB7188 00012C (v01 LENOVO CB-01    00000001      01000013)
[    0.008093] ACPI: FACP 0x000000002FFEE000 00010C (v05 LENOVO CB-01    00000001 ACPI 00040000)
[    0.008096] ACPI: DSDT 0x000000002FFBD000 02D146 (v02 LENOVO CB-01    00000001 ACPI 00040000)
[    0.008098] ACPI: FACS 0x000000002FF56000 000040
[    0.008099] ACPI: UEFI 0x000000002FFFC000 000236 (v01 LENOVO CB-01    00000001 ACPI 00040000)
[    0.008100] ACPI: UEFI 0x000000002FFFB000 000042 (v01 LENOVO CB-01    00000001 ACPI 00040000)
[    0.008102] ACPI: MSDM 0x000000002FFFA000 000055 (v03 LENOVO CB-01    00000001 ACPI 00040000)
[    0.008103] ACPI: SSDT 0x000000002FFF9000 0004C3 (v02 LENOVO CB-01    00000001 ACPI 00040000)
[    0.008105] ACPI: SSDT 0x000000002FFF8000 000046 (v02 LENOVO CB-01    00000001 ACPI 00040000)
[    0.008106] ACPI: TPM2 0x000000002FFF7000 000034 (v03 LENOVO CB-01    00000001 ACPI 00040000)
[    0.008107] ACPI: SSDT 0x000000002FFF3000 003138 (v02 LENOVO CB-01    00000001 ACPI 00040000)
[    0.008109] ACPI: ASF! 0x000000002FFF2000 0000A5 (v32 LENOVO CB-01    00000001 ACPI 00040000)
[    0.008110] ACPI: ASPT 0x000000002FFF1000 000034 (v07 LENOVO CB-01    00000001 ACPI 00040000)
[    0.008111] ACPI: BOOT 0x000000002FFF0000 000028 (v01 LENOVO CB-01    00000001 ACPI 00040000)
[    0.008113] ACPI: DBGP 0x000000002FFEF000 000034 (v01 LENOVO CB-01    00000001 ACPI 00040000)
[    0.008114] ACPI: HPET 0x000000002FFED000 000038 (v01 LENOVO CB-01    00000001 ACPI 00040000)
[    0.008116] ACPI: APIC 0x000000002FFEC000 00012C (v03 LENOVO CB-01    00000001 ACPI 00040000)
[    0.008117] ACPI: MCFG 0x000000002FFEB000 00003C (v01 LENOVO CB-01    00000001 ACPI 00040000)
[    0.008118] ACPI: SSDT 0x000000002FFBC000 000A72 (v02 LENOVO CB-01    00000001 ACPI 00040000)
[    0.008120] ACPI: LPIT 0x000000002FFBB000 000094 (v01 LENOVO CB-01    00000001 ACPI 00040000)
[    0.008121] ACPI: WSMT 0x000000002FFBA000 000028 (v01 LENOVO CB-01    00000001 ACPI 00040000)
[    0.008122] ACPI: SSDT 0x000000002FFB9000 00029F (v02 LENOVO CB-01    00000001 ACPI 00040000)
[    0.008124] ACPI: SSDT 0x000000002FFB8000 000346 (v01 LENOVO CB-01    00000001 ACPI 00040000)
[    0.008125] ACPI: SSDT 0x000000002FFB3000 003002 (v02 LENOVO CB-01    00000001 ACPI 00040000)
[    0.008126] ACPI: SSDT 0x000000002FFB2000 0002E9 (v02 LENOVO CB-01    00000001 ACPI 00040000)
[    0.008128] ACPI: SSDT 0x000000002FFB1000 00051E (v02 LENOVO CB-01    00000001 ACPI 00040000)
[    0.008129] ACPI: DBGP 0x000000002FFB0000 000034 (v01 LENOVO CB-01    00000001 ACPI 00040000)
[    0.008131] ACPI: DBG2 0x000000002FFAF000 000054 (v00 LENOVO CB-01    00000001 ACPI 00040000)
[    0.008132] ACPI: SSDT 0x000000002FFAE000 000F94 (v02 LENOVO CB-01    00000001 ACPI 00040000)
[    0.008133] ACPI: SSDT 0x000000002FFAC000 0017AE (v02 LENOVO CB-01    00000001 ACPI 00040000)
[    0.008135] ACPI: SSDT 0x000000002FFA6000 00593F (v02 LENOVO CB-01    00000001 ACPI 00040000)
[    0.008136] ACPI: SSDT 0x000000002FF9E000 007830 (v02 LENOVO CB-01    00000001 ACPI 00040000)
[    0.008137] ACPI: DMAR 0x000000002FF9D000 000138 (v01 LENOVO CB-01    00000001 ACPI 00040000)
[    0.008139] ACPI: NHLT 0x000000002FF9B000 0017F0 (v00 LENOVO CB-01    00000001 ACPI 00040000)
[    0.008140] ACPI: FPDT 0x000000002FF9A000 000044 (v01 LENOVO CB-01    00000001 ACPI 00040000)
[    0.008141] ACPI: BGRT 0x000000002FF99000 000038 (v01 LENOVO CB-01    00000001 ACPI 00040000)
[    0.008146] ACPI: Local APIC address 0xfee00000
[    0.008301] No NUMA configuration found
[    0.008301] Faking a node at [mem 0x0000000000000000-0x00000004c1ffffff]
[    0.008307] NODE_DATA(0) allocated [mem 0x4c1fd5000-0x4c1ffffff]
[    0.043566] Zone ranges:
[    0.043567]   DMA      [mem 0x0000000000001000-0x0000000000ffffff]
[    0.043568]   DMA32    [mem 0x0000000001000000-0x00000000ffffffff]
[    0.043568]   Normal   [mem 0x0000000100000000-0x00000004c1ffffff]
[    0.043569]   Device   empty
[    0.043570] Movable zone start for each node
[    0.043571] Early memory node ranges
[    0.043572]   node   0: [mem 0x0000000000001000-0x0000000000057fff]
[    0.043572]   node   0: [mem 0x0000000000059000-0x000000000009dfff]
[    0.043573]   node   0: [mem 0x0000000000100000-0x0000000016f6dfff]
[    0.043573]   node   0: [mem 0x0000000016f70000-0x0000000018387fff]
[    0.043573]   node   0: [mem 0x0000000018c88000-0x000000002ee9dfff]
[    0.043573]   node   0: [mem 0x000000002fffe000-0x000000002fffefff]
[    0.043574]   node   0: [mem 0x0000000100000000-0x00000004c1ffffff]
[    0.043651] Zeroed struct page in unavailable ranges: 6855 pages
[    0.043652] Initmem setup node 0 [mem 0x0000000000001000-0x00000004c1ffffff]
[    0.043653] On node 0 totalpages: 4130105
[    0.043654]   DMA zone: 64 pages used for memmap
[    0.043654]   DMA zone: 21 pages reserved
[    0.043654]   DMA zone: 3996 pages, LIFO batch:0
[    0.043725]   DMA32 zone: 2903 pages used for memmap
[    0.043726]   DMA32 zone: 185757 pages, LIFO batch:63
[    0.047910]   Normal zone: 61568 pages used for memmap
[    0.047911]   Normal zone: 3940352 pages, LIFO batch:63
[    0.107147] Reserving Intel graphics memory at [mem 0x39000000-0x3cffffff]
[    0.107358] ACPI: PM-Timer IO Port: 0x1808
[    0.107359] ACPI: Local APIC address 0xfee00000
[    0.107363] ACPI: LAPIC_NMI (acpi_id[0x01] high edge lint[0x1])
[    0.107363] ACPI: LAPIC_NMI (acpi_id[0x02] high edge lint[0x1])
[    0.107364] ACPI: LAPIC_NMI (acpi_id[0x03] high edge lint[0x1])
[    0.107364] ACPI: LAPIC_NMI (acpi_id[0x04] high edge lint[0x1])
[    0.107364] ACPI: LAPIC_NMI (acpi_id[0x05] high edge lint[0x1])
[    0.107365] ACPI: LAPIC_NMI (acpi_id[0x06] high edge lint[0x1])
[    0.107365] ACPI: LAPIC_NMI (acpi_id[0x07] high edge lint[0x1])
[    0.107365] ACPI: LAPIC_NMI (acpi_id[0x08] high edge lint[0x1])
[    0.107366] ACPI: LAPIC_NMI (acpi_id[0x09] high edge lint[0x1])
[    0.107370] ACPI: LAPIC_NMI (acpi_id[0x0a] high edge lint[0x1])
[    0.107370] ACPI: LAPIC_NMI (acpi_id[0x0b] high edge lint[0x1])
[    0.107370] ACPI: LAPIC_NMI (acpi_id[0x0c] high edge lint[0x1])
[    0.107370] ACPI: LAPIC_NMI (acpi_id[0x0d] high edge lint[0x1])
[    0.107371] ACPI: LAPIC_NMI (acpi_id[0x0e] high edge lint[0x1])
[    0.107371] ACPI: LAPIC_NMI (acpi_id[0x0f] high edge lint[0x1])
[    0.107371] ACPI: LAPIC_NMI (acpi_id[0x10] high edge lint[0x1])
[    0.107406] IOAPIC[0]: apic_id 2, version 32, address 0xfec00000, GSI 0-119
[    0.107407] ACPI: INT_SRC_OVR (bus 0 bus_irq 0 global_irq 2 dfl dfl)
[    0.107407] ACPI: INT_SRC_OVR (bus 0 bus_irq 9 global_irq 9 high level)
[    0.107408] ACPI: IRQ0 used by override.
[    0.107409] ACPI: IRQ9 used by override.
[    0.107410] Using ACPI (MADT) for SMP configuration information
[    0.107411] ACPI: HPET id: 0x8086a201 base: 0xfed00000
[    0.107415] smpboot: Allowing 8 CPUs, 0 hotplug CPUs
[    0.107428] PM: Registered nosave memory: [mem 0x00000000-0x00000fff]
[    0.107429] PM: Registered nosave memory: [mem 0x00058000-0x00058fff]
[    0.107430] PM: Registered nosave memory: [mem 0x0009e000-0x000fffff]
[    0.107430] PM: Registered nosave memory: [mem 0x14b47000-0x14b47fff]
[    0.107431] PM: Registered nosave memory: [mem 0x14b57000-0x14b57fff]
[    0.107432] PM: Registered nosave memory: [mem 0x16f6e000-0x16f6efff]
[    0.107432] PM: Registered nosave memory: [mem 0x16f6f000-0x16f6ffff]
[    0.107433] PM: Registered nosave memory: [mem 0x18388000-0x18c87fff]
[    0.107434] PM: Registered nosave memory: [mem 0x2ee9e000-0x2f88dfff]
[    0.107434] PM: Registered nosave memory: [mem 0x2f88e000-0x2ff7dfff]
[    0.107435] PM: Registered nosave memory: [mem 0x2ff7e000-0x2fffdfff]
[    0.107436] PM: Registered nosave memory: [mem 0x2ffff000-0x3cffffff]
[    0.107436] PM: Registered nosave memory: [mem 0x3d000000-0xdfffffff]
[    0.107436] PM: Registered nosave memory: [mem 0xe0000000-0xefffffff]
[    0.107436] PM: Registered nosave memory: [mem 0xf0000000-0xfcffffff]
[    0.107437] PM: Registered nosave memory: [mem 0xfd000000-0xfe7fffff]
[    0.107437] PM: Registered nosave memory: [mem 0xfe800000-0xfebfffff]
[    0.107437] PM: Registered nosave memory: [mem 0xfec00000-0xfec00fff]
[    0.107438] PM: Registered nosave memory: [mem 0xfec01000-0xfecfffff]
[    0.107438] PM: Registered nosave memory: [mem 0xfed00000-0xfed00fff]
[    0.107438] PM: Registered nosave memory: [mem 0xfed01000-0xfed0ffff]
[    0.107438] PM: Registered nosave memory: [mem 0xfed10000-0xfed19fff]
[    0.107439] PM: Registered nosave memory: [mem 0xfed1a000-0xfed83fff]
[    0.107439] PM: Registered nosave memory: [mem 0xfed84000-0xfed84fff]
[    0.107439] PM: Registered nosave memory: [mem 0xfed85000-0xfedfffff]
[    0.107440] PM: Registered nosave memory: [mem 0xfee00000-0xfee00fff]
[    0.107440] PM: Registered nosave memory: [mem 0xfee01000-0xff9fffff]
[    0.107440] PM: Registered nosave memory: [mem 0xffa00000-0xffffffff]
[    0.107441] [mem 0x3d000000-0xdfffffff] available for PCI devices
[    0.107442] Booting paravirtualized kernel on bare hardware
[    0.107444] clocksource: refined-jiffies: mask: 0xffffffff max_cycles: 0xffffffff, max_idle_ns: 1910969940391419 ns
[    0.179658] random: get_random_bytes called from start_kernel+0x94/0x503 with crng_init=0
[    0.179663] setup_percpu: NR_CPUS:64 nr_cpumask_bits:64 nr_cpu_ids:8 nr_node_ids:1
[    0.179835] percpu: Embedded 45 pages/cpu @(____ptrval____) s147456 r8192 d28672 u262144
[    0.179839] pcpu-alloc: s147456 r8192 d28672 u262144 alloc=1*2097152
[    0.179839] pcpu-alloc: [0] 0 1 2 3 4 5 6 7 
[    0.179852] Built 1 zonelists, mobility grouping on.  Total pages: 4065549
[    0.179852] Policy zone: Normal
[    0.179853] Kernel command line: BOOT_IMAGE=/vmlinuz-5.1.0-0.rc5.git2.1.vanilla.knurd.1.fc29.x86_64 root=/dev/mapper/fedora-root ro resume=/dev/mapper/fedora-swap rd.lvm.lv=fedora/root rd.luks.uuid=luks-2fa18852-37cb-41cb-86ea-41766c499859 rd.lvm.lv=fedora/swap rhgb quiet acpi.ec_no_wakeup=1
[    0.223118] Memory: 16105220K/16520420K available (12291K kernel code, 1438K rwdata, 4060K rodata, 2184K init, 4788K bss, 415200K reserved, 0K cma-reserved)
[    0.223200] SLUB: HWalign=64, Order=0-3, MinObjects=0, CPUs=8, Nodes=1
[    0.223205] Kernel/User page tables isolation: enabled
[    0.223215] ftrace: allocating 39053 entries in 153 pages
[    0.234088] rcu: Hierarchical RCU implementation.
[    0.234089] rcu: 	RCU restricting CPUs from NR_CPUS=64 to nr_cpu_ids=8.
[    0.234090] 	Tasks RCU enabled.
[    0.234090] rcu: RCU calculated value of scheduler-enlistment delay is 100 jiffies.
[    0.234091] rcu: Adjusting geometry for rcu_fanout_leaf=16, nr_cpu_ids=8
[    0.235788] NR_IRQS: 4352, nr_irqs: 2048, preallocated irqs: 16
[    0.235954] rcu: 	Offload RCU callbacks from CPUs: (none).
[    0.236068] Console: colour dummy device 80x25
[    0.236086] printk: console [tty0] enabled
[    0.236096] ACPI: Core revision 20190215
[    0.236473] clocksource: hpet: mask: 0xffffffff max_cycles: 0xffffffff, max_idle_ns: 79635855245 ns
[    0.236503] hpet clockevent registered
[    0.236560] APIC: Switch to symmetric I/O mode setup
[    0.236562] DMAR: Host address width 39
[    0.236562] DMAR: DRHD base: 0x000000fed90000 flags: 0x0
[    0.236567] DMAR: dmar0: reg_base_addr fed90000 ver 1:0 cap 1c0000c40660462 ecap 19e2ff0505e
[    0.236568] DMAR: DRHD base: 0x000000fed91000 flags: 0x1
[    0.236570] DMAR: dmar1: reg_base_addr fed91000 ver 1:0 cap d2008c40660462 ecap f050da
[    0.236571] DMAR: RMRR base: 0x0000002f755000 end: 0x0000002f774fff
[    0.236572] DMAR: RMRR base: 0x00000038800000 end: 0x0000003cffffff
[    0.236572] DMAR: ANDD device: 1 name: \_SB.PCI0.I2C0
[    0.236573] DMAR: ANDD device: 2 name: \_SB.PCI0.I2C1
[    0.236573] DMAR: ANDD device: 4 name: \_SB.PCI0.I2C3
[    0.236573] DMAR: ANDD device: b name: \_SB.PCI0.UA02
[    0.236574] DMAR-IR: IOAPIC id 2 under DRHD base  0xfed91000 IOMMU 1
[    0.236575] DMAR-IR: HPET id 0 under DRHD base 0xfed91000
[    0.236575] DMAR-IR: Queued invalidation will be enabled to support x2apic and Intr-remapping.
[    0.238298] DMAR-IR: Enabled IRQ remapping in x2apic mode
[    0.238299] x2apic enabled
[    0.238311] Switched APIC routing to cluster x2apic.
[    0.242435] ..TIMER: vector=0x30 apic1=0 pin1=2 apic2=-1 pin2=-1
[    0.246512] clocksource: tsc-early: mask: 0xffffffffffffffff max_cycles: 0x396d519840e, max_idle_ns: 881590569543 ns
[    0.246521] Calibrating delay loop (skipped), value calculated using timer frequency.. 3984.00 BogoMIPS (lpj=1992000)
[    0.246522] pid_max: default: 32768 minimum: 301
[    0.248542] LSM: Security Framework initializing
[    0.248570] Yama: becoming mindful.
[    0.248589] SELinux:  Initializing.
[    0.248599] *** VALIDATE SELinux ***
[    0.250736] Dentry cache hash table entries: 2097152 (order: 12, 16777216 bytes)
[    0.251878] Inode-cache hash table entries: 1048576 (order: 11, 8388608 bytes)
[    0.251934] Mount-cache hash table entries: 32768 (order: 6, 262144 bytes)
[    0.251964] Mountpoint-cache hash table entries: 32768 (order: 6, 262144 bytes)
[    0.252086] *** VALIDATE proc ***
[    0.252114] *** VALIDATE cgroup1 ***
[    0.252115] *** VALIDATE cgroup2 ***
[    0.252137] ENERGY_PERF_BIAS: Set to 'normal', was 'performance'
[    0.252137] ENERGY_PERF_BIAS: View and update with x86_energy_perf_policy(8)
[    0.252142] mce: CPU supports 10 MCE banks
[    0.252164] mce: CPU0: Thermal monitoring enabled (TM1)
[    0.252178] process: using mwait in idle threads
[    0.252179] Last level iTLB entries: 4KB 64, 2MB 8, 4MB 8
[    0.252180] Last level dTLB entries: 4KB 64, 2MB 0, 4MB 0, 1GB 4
[    0.252181] Spectre V2 : Mitigation: Full generic retpoline
[    0.252181] Spectre V2 : Spectre v2 / SpectreRSB mitigation: Filling RSB on context switch
[    0.252182] Spectre V2 : Enabling Restricted Speculation for firmware calls
[    0.252187] Spectre V2 : mitigation: Enabling conditional Indirect Branch Prediction Barrier
[    0.252187] Spectre V2 : User space: Mitigation: STIBP via seccomp and prctl
[    0.252188] Speculative Store Bypass: Mitigation: Speculative Store Bypass disabled via prctl and seccomp
[    0.252419] Freeing SMP alternatives memory: 36K
[    0.253598] TSC deadline timer enabled
[    0.253603] smpboot: CPU0: Intel(R) Core(TM) i7-8550U CPU @ 1.80GHz (family: 0x6, model: 0x8e, stepping: 0xa)
[    0.253658] Performance Events: PEBS fmt3+, Skylake events, 32-deep LBR, full-width counters, Intel PMU driver.
[    0.253678] ... version:                4
[    0.253679] ... bit width:              48
[    0.253679] ... generic registers:      4
[    0.253679] ... value mask:             0000ffffffffffff
[    0.253680] ... max period:             00007fffffffffff
[    0.253680] ... fixed-purpose events:   3
[    0.253680] ... event mask:             000000070000000f
[    0.253712] rcu: Hierarchical SRCU implementation.
[    0.254119] random: crng done (trusting CPU's manufacturer)
[    0.254469] NMI watchdog: Enabled. Permanently consumes one hw-PMU counter.
[    0.254513] smp: Bringing up secondary CPUs ...
[    0.254513] x86: Booting SMP configuration:
[    0.254513] .... node  #0, CPUs:      #1 #2 #3 #4 #5 #6 #7
[    0.257921] smp: Brought up 1 node, 8 CPUs
[    0.257921] smpboot: Max logical packages: 1
[    0.257921] smpboot: Total of 8 processors activated (31872.00 BogoMIPS)
[    0.258892] devtmpfs: initialized
[    0.258892] x86/mm: Memory block size: 128MB
[    0.259654] PM: Registering ACPI NVS region [mem 0x16f6e000-0x16f6efff] (4096 bytes)
[    0.259654] PM: Registering ACPI NVS region [mem 0x2f88e000-0x2ff7dfff] (7274496 bytes)
[    0.259654] clocksource: jiffies: mask: 0xffffffff max_cycles: 0xffffffff, max_idle_ns: 1911260446275000 ns
[    0.259654] futex hash table entries: 2048 (order: 5, 131072 bytes)
[    0.259654] pinctrl core: initialized pinctrl subsystem
[    0.259723] PM: RTC time: 02:51:05, date: 2019-04-22
[    0.259804] NET: Registered protocol family 16
[    0.259878] audit: initializing netlink subsys (disabled)
[    0.259882] audit: type=2000 audit(1555901465.024:1): state=initialized audit_enabled=0 res=1
[    0.259882] cpuidle: using governor menu
[    0.259882] Simple Boot Flag at 0x44 set to 0x1
[    0.259882] ACPI: bus type PCI registered
[    0.259882] acpiphp: ACPI Hot Plug PCI Controller Driver version: 0.5
[    0.259882] PCI: MMCONFIG for domain 0000 [bus 00-ff] at [mem 0xe0000000-0xefffffff] (base 0xe0000000)
[    0.259882] PCI: MMCONFIG at [mem 0xe0000000-0xefffffff] reserved in E820
[    0.259882] PCI: Using configuration type 1 for base access
[    0.261361] HugeTLB registered 1.00 GiB page size, pre-allocated 0 pages
[    0.261361] HugeTLB registered 2.00 MiB page size, pre-allocated 0 pages
[    0.261361] cryptd: max_cpu_qlen set to 1000
[    0.261559] ACPI: Added _OSI(Module Device)
[    0.261560] ACPI: Added _OSI(Processor Device)
[    0.261560] ACPI: Added _OSI(3.0 _SCP Extensions)
[    0.261561] ACPI: Added _OSI(Processor Aggregator Device)
[    0.261562] ACPI: Added _OSI(Linux-Dell-Video)
[    0.261563] ACPI: Added _OSI(Linux-Lenovo-NV-HDMI-Audio)
[    0.261563] ACPI: Added _OSI(Linux-HPI-Hybrid-Graphics)
[    0.286732] ACPI: 14 ACPI AML tables successfully acquired and loaded
[    0.288904] ACPI: [Firmware Bug]: BIOS _OSI(Linux) query ignored
[    0.292386] ACPI: Dynamic OEM Table Load:
[    0.292397] ACPI: SSDT 0xFFFF9484EF74E000 0005CD (v02 PmRef  Cpu0Ist  00003000 INTL 20160527)
[    0.292675] ACPI: \_PR_.PR00: _OSC native thermal LVT Acked
[    0.293503] ACPI: Dynamic OEM Table Load:
[    0.293508] ACPI: SSDT 0xFFFF9484EF751800 0003FF (v02 PmRef  Cpu0Cst  00003001 INTL 20160527)
[    0.293779] ACPI: Dynamic OEM Table Load:
[    0.293784] ACPI: SSDT 0xFFFF9484EF0C1300 0000BA (v02 PmRef  Cpu0Hwp  00003000 INTL 20160527)
[    0.293996] ACPI: Dynamic OEM Table Load:
[    0.294000] ACPI: SSDT 0xFFFF9484EF749000 000628 (v02 PmRef  HwpLvt   00003000 INTL 20160527)
[    0.294417] ACPI: Dynamic OEM Table Load:
[    0.294423] ACPI: SSDT 0xFFFF9484F185C000 000D14 (v02 PmRef  ApIst    00003000 INTL 20160527)
[    0.295003] ACPI: Dynamic OEM Table Load:
[    0.295007] ACPI: SSDT 0xFFFF9484EF752400 000317 (v02 PmRef  ApHwp    00003000 INTL 20160527)
[    0.295283] ACPI: Dynamic OEM Table Load:
[    0.295287] ACPI: SSDT 0xFFFF9484EF750400 00030A (v02 PmRef  ApCst    00003000 INTL 20160527)
[    0.297246] ACPI: EC: EC started
[    0.297247] ACPI: EC: interrupt blocked
[    0.321573] ACPI: \_SB_.PCI0.LPCB.H_EC: Used as first EC
[    0.321575] ACPI: \_SB_.PCI0.LPCB.H_EC: GPE=0x50, EC_CMD/EC_SC=0x66, EC_DATA=0x62
[    0.321576] ACPI: \_SB_.PCI0.LPCB.H_EC: Boot DSDT EC used to handle transactions
[    0.321577] ACPI: Interpreter enabled
[    0.321630] ACPI: (supports S0 S3 S4 S5)
[    0.321631] ACPI: Using IOAPIC for interrupt routing
[    0.321672] PCI: Using host bridge windows from ACPI; if necessary, use "pci=nocrs" and report a bug
[    0.322722] ACPI: Enabled 7 GPEs in block 00 to 7F
[    0.343074] ACPI: PCI Root Bridge [PCI0] (domain 0000 [bus 00-fe])
[    0.343078] acpi PNP0A08:00: _OSC: OS supports [ExtendedConfig ASPM ClockPM Segments MSI]
[    0.344939] acpi PNP0A08:00: _OSC: OS now controls [PCIeHotplug SHPCHotplug PME AER PCIeCapability LTR]
[    0.346305] PCI host bridge to bus 0000:00
[    0.346307] pci_bus 0000:00: root bus resource [io  0x0000-0x0cf7 window]
[    0.346307] pci_bus 0000:00: root bus resource [io  0x0d00-0xffff window]
[    0.346308] pci_bus 0000:00: root bus resource [mem 0x000a0000-0x000bffff window]
[    0.346309] pci_bus 0000:00: root bus resource [mem 0x000c0000-0x000c3fff window]
[    0.346309] pci_bus 0000:00: root bus resource [mem 0x000c4000-0x000c7fff window]
[    0.346310] pci_bus 0000:00: root bus resource [mem 0x000c8000-0x000cbfff window]
[    0.346310] pci_bus 0000:00: root bus resource [mem 0x000cc000-0x000cffff window]
[    0.346311] pci_bus 0000:00: root bus resource [mem 0x000d0000-0x000d3fff window]
[    0.346311] pci_bus 0000:00: root bus resource [mem 0x000d4000-0x000d7fff window]
[    0.346312] pci_bus 0000:00: root bus resource [mem 0x000d8000-0x000dbfff window]
[    0.346312] pci_bus 0000:00: root bus resource [mem 0x000dc000-0x000dffff window]
[    0.346313] pci_bus 0000:00: root bus resource [mem 0x3d000000-0xdfffffff window]
[    0.346314] pci_bus 0000:00: root bus resource [mem 0x2000000000-0x2fffffffff window]
[    0.346314] pci_bus 0000:00: root bus resource [mem 0xfd000000-0xfe7fffff window]
[    0.346315] pci_bus 0000:00: root bus resource [bus 00-fe]
[    0.346321] pci 0000:00:00.0: [8086:5914] type 00 class 0x060000
[    0.346961] pci 0000:00:02.0: [8086:5917] type 00 class 0x030000
[    0.346970] pci 0000:00:02.0: reg 0x10: [mem 0x2ffa000000-0x2ffaffffff 64bit]
[    0.346975] pci 0000:00:02.0: reg 0x18: [mem 0x2fa0000000-0x2fafffffff 64bit pref]
[    0.346978] pci 0000:00:02.0: reg 0x20: [io  0x3000-0x303f]
[    0.346990] pci 0000:00:02.0: BAR 2: assigned to efifb
[    0.347507] pci 0000:00:04.0: [8086:1903] type 00 class 0x118000
[    0.347519] pci 0000:00:04.0: reg 0x10: [mem 0x2ffb010000-0x2ffb017fff 64bit]
[    0.348113] pci 0000:00:14.0: [8086:9d2f] type 00 class 0x0c0330
[    0.348132] pci 0000:00:14.0: reg 0x10: [mem 0x6e300000-0x6e30ffff 64bit]
[    0.348192] pci 0000:00:14.0: PME# supported from D3hot D3cold
[    0.348757] pci 0000:00:14.2: [8086:9d31] type 00 class 0x118000
[    0.348777] pci 0000:00:14.2: reg 0x10: [mem 0x2ffb022000-0x2ffb022fff 64bit]
[    0.349401] pci 0000:00:15.0: [8086:9d60] type 00 class 0x118000
[    0.349570] pci 0000:00:15.0: reg 0x10: [mem 0x2ffb021000-0x2ffb021fff 64bit]
[    0.350667] pci 0000:00:15.1: [8086:9d61] type 00 class 0x118000
[    0.350844] pci 0000:00:15.1: reg 0x10: [mem 0x2ffb020000-0x2ffb020fff 64bit]
[    0.351961] pci 0000:00:15.3: [8086:9d63] type 00 class 0x118000
[    0.352138] pci 0000:00:15.3: reg 0x10: [mem 0x2ffb01f000-0x2ffb01ffff 64bit]
[    0.353219] pci 0000:00:16.0: [8086:9d3a] type 00 class 0x078000
[    0.353243] pci 0000:00:16.0: reg 0x10: [mem 0x2ffb01e000-0x2ffb01efff 64bit]
[    0.353309] pci 0000:00:16.0: PME# supported from D3hot
[    0.353940] pci 0000:00:19.0: [8086:9d66] type 00 class 0x118000
[    0.354117] pci 0000:00:19.0: reg 0x10: [mem 0x2ffb01d000-0x2ffb01dfff 64bit]
[    0.355199] pci 0000:00:1c.0: [8086:9d10] type 01 class 0x060400
[    0.355744] pci 0000:00:1c.0: PME# supported from D0 D3hot D3cold
[    0.356295] pci 0000:00:1c.4: [8086:9d14] type 01 class 0x060400
[    0.356371] pci 0000:00:1c.4: PME# supported from D0 D3hot D3cold
[    0.356927] pci 0000:00:1d.0: [8086:9d18] type 01 class 0x060400
[    0.356994] pci 0000:00:1d.0: PME# supported from D0 D3hot D3cold
[    0.357560] pci 0000:00:1f.0: [8086:9d4e] type 00 class 0x060100
[    0.358140] pci 0000:00:1f.2: [8086:9d21] type 00 class 0x058000
[    0.358155] pci 0000:00:1f.2: reg 0x10: [mem 0x6e310000-0x6e313fff]
[    0.358716] pci 0000:00:1f.3: [8086:9d71] type 00 class 0x040100
[    0.358742] pci 0000:00:1f.3: reg 0x10: [mem 0x2ffb018000-0x2ffb01bfff 64bit]
[    0.358772] pci 0000:00:1f.3: reg 0x20: [mem 0x2ffb000000-0x2ffb00ffff 64bit]
[    0.358816] pci 0000:00:1f.3: PME# supported from D3hot D3cold
[    0.359398] pci 0000:00:1f.4: [8086:9d23] type 00 class 0x0c0500
[    0.359459] pci 0000:00:1f.4: reg 0x10: [mem 0x2ffb01c000-0x2ffb01c0ff 64bit]
[    0.359527] pci 0000:00:1f.4: reg 0x20: [io  0x3040-0x305f]
[    0.360148] pci 0000:00:1c.0: PCI bridge to [bus 01-6a]
[    0.360151] pci 0000:00:1c.0:   bridge window [mem 0x40000000-0x6e0fffff]
[    0.360155] pci 0000:00:1c.0:   bridge window [mem 0x2fb0000000-0x2ff9ffffff 64bit pref]
[    0.360319] pci 0000:6b:00.0: [8086:2526] type 00 class 0x028000
[    0.360353] pci 0000:6b:00.0: reg 0x10: [mem 0x6e200000-0x6e203fff 64bit]
[    0.360580] pci 0000:6b:00.0: PME# supported from D0 D3hot D3cold
[    0.360919] pci 0000:00:1c.4: ASPM: current common clock configuration is broken, reconfiguring
[    0.363866] pci 0000:00:1c.4: PCI bridge to [bus 6b]
[    0.363869] pci 0000:00:1c.4:   bridge window [mem 0x6e200000-0x6e2fffff]
[    0.363928] pci 0000:6c:00.0: [15b7:5002] type 00 class 0x010802
[    0.363954] pci 0000:6c:00.0: reg 0x10: [mem 0x6e100000-0x6e103fff 64bit]
[    0.363981] pci 0000:6c:00.0: reg 0x20: [mem 0x6e104000-0x6e1040ff 64bit]
[    0.364142] pci 0000:00:1d.0: PCI bridge to [bus 6c]
[    0.364145] pci 0000:00:1d.0:   bridge window [mem 0x6e100000-0x6e1fffff]
[    0.365375] ACPI: PCI Interrupt Link [LNKA] (IRQs 3 4 5 6 10 *11 12 14 15)
[    0.365409] ACPI: PCI Interrupt Link [LNKB] (IRQs 3 4 5 6 *10 11 12 14 15)
[    0.365442] ACPI: PCI Interrupt Link [LNKC] (IRQs 3 4 5 6 10 *11 12 14 15)
[    0.365474] ACPI: PCI Interrupt Link [LNKD] (IRQs 3 4 5 6 10 *11 12 14 15)
[    0.365506] ACPI: PCI Interrupt Link [LNKE] (IRQs 3 4 5 6 10 *11 12 14 15)
[    0.365537] ACPI: PCI Interrupt Link [LNKF] (IRQs 3 4 5 6 10 *11 12 14 15)
[    0.365568] ACPI: PCI Interrupt Link [LNKG] (IRQs 3 4 5 6 10 *11 12 14 15)
[    0.365599] ACPI: PCI Interrupt Link [LNKH] (IRQs 3 4 5 6 10 *11 12 14 15)
[    0.370541] ACPI Warning: GPE type mismatch (level/edge) (20190215/evxface-792)
[    0.370542] ACPI: EC: interrupt unblocked
[    0.370561] ACPI: EC: event unblocked
[    0.370594] ACPI: \_SB_.PCI0.LPCB.H_EC: GPE=0x50, EC_CMD/EC_SC=0x66, EC_DATA=0x62
[    0.370596] ACPI: \_SB_.PCI0.LPCB.H_EC: Boot DSDT EC used to handle transactions and events
[    0.370652] pci 0000:00:02.0: vgaarb: setting as boot VGA device
[    0.370652] pci 0000:00:02.0: vgaarb: VGA device added: decodes=io+mem,owns=io+mem,locks=none
[    0.370652] pci 0000:00:02.0: vgaarb: bridge control possible
[    0.370652] vgaarb: loaded
[    0.370652] SCSI subsystem initialized
[    0.370652] libata version 3.00 loaded.
[    0.370652] ACPI: bus type USB registered
[    0.370652] usbcore: registered new interface driver usbfs
[    0.370652] usbcore: registered new interface driver hub
[    0.370652] usbcore: registered new device driver usb
[    0.370652] pps_core: LinuxPPS API ver. 1 registered
[    0.370652] pps_core: Software ver. 5.3.6 - Copyright 2005-2007 Rodolfo Giometti <giometti@linux.it>
[    0.370652] PTP clock support registered
[    0.370652] EDAC MC: Ver: 3.0.0
[    0.371549] Registered efivars operations
[    0.407889] PCI: Using ACPI for IRQ routing
[    0.427388] PCI: pci_cache_line_size set to 64 bytes
[    0.428720] e820: reserve RAM buffer [mem 0x00058000-0x0005ffff]
[    0.428721] e820: reserve RAM buffer [mem 0x0009e000-0x0009ffff]
[    0.428721] e820: reserve RAM buffer [mem 0x14b47018-0x17ffffff]
[    0.428722] e820: reserve RAM buffer [mem 0x16f6e000-0x17ffffff]
[    0.428722] e820: reserve RAM buffer [mem 0x18388000-0x1bffffff]
[    0.428723] e820: reserve RAM buffer [mem 0x2ee9e000-0x2fffffff]
[    0.428724] e820: reserve RAM buffer [mem 0x2ffff000-0x2fffffff]
[    0.428724] e820: reserve RAM buffer [mem 0x4c2000000-0x4c3ffffff]
[    0.428801] NetLabel: Initializing
[    0.428801] NetLabel:  domain hash size = 128
[    0.428802] NetLabel:  protocols = UNLABELED CIPSOv4 CALIPSO
[    0.428810] NetLabel:  unlabeled traffic allowed by default
[    0.428813] hpet0: at MMIO 0xfed00000, IRQs 2, 8, 0, 0, 0, 0, 0, 0
[    0.428813] hpet0: 8 comparators, 64-bit 24.000000 MHz counter
[    0.430530] clocksource: Switched to clocksource tsc-early
[    0.439711] VFS: Disk quotas dquot_6.6.0
[    0.439725] VFS: Dquot-cache hash table entries: 512 (order 0, 4096 bytes)
[    0.439750] *** VALIDATE hugetlbfs ***
[    0.439769] pnp: PnP ACPI init
[    0.439937] system 00:00: [mem 0xfd000000-0xfdabffff] has been reserved
[    0.439938] system 00:00: [mem 0xfdad0000-0xfdadffff] has been reserved
[    0.439938] system 00:00: [mem 0xfdb00000-0xfdffffff] has been reserved
[    0.439939] system 00:00: [mem 0xfe000000-0xfe01ffff] has been reserved
[    0.439940] system 00:00: [mem 0xfe036000-0xfe03bfff] has been reserved
[    0.439940] system 00:00: [mem 0xfe03d000-0xfe3fffff] has been reserved
[    0.439941] system 00:00: [mem 0xfe410000-0xfe7fffff] has been reserved
[    0.439944] system 00:00: Plug and Play ACPI device, IDs PNP0c02 (active)
[    0.440148] system 00:01: [io  0x2000-0x20fe] has been reserved
[    0.440150] system 00:01: Plug and Play ACPI device, IDs PNP0c02 (active)
[    0.440219] system 00:02: [io  0x06a4] has been reserved
[    0.440220] system 00:02: [io  0x06a0] has been reserved
[    0.440221] system 00:02: Plug and Play ACPI device, IDs PNP0c02 (active)
[    0.440392] system 00:03: [io  0x0680-0x069f] has been reserved
[    0.440392] system 00:03: [io  0xffff] has been reserved
[    0.440393] system 00:03: [io  0xffff] has been reserved
[    0.440394] system 00:03: [io  0xffff] has been reserved
[    0.440394] system 00:03: [io  0x1800-0x18fe] has been reserved
[    0.440395] system 00:03: [io  0x164e-0x164f] has been reserved
[    0.440397] system 00:03: Plug and Play ACPI device, IDs PNP0c02 (active)
[    0.440459] pnp 00:04: Plug and Play ACPI device, IDs PNP0b00 (active)
[    0.440482] system 00:05: [io  0x1854-0x1857] has been reserved
[    0.440483] system 00:05: Plug and Play ACPI device, IDs INT3f0d PNP0c02 (active)
[    0.440496] pnp 00:06: Plug and Play ACPI device, IDs PNP0303 (active)
[    0.441278] system 00:07: [mem 0xfdaf0000-0xfdafffff] has been reserved
[    0.441279] system 00:07: [mem 0xfdae0000-0xfdaeffff] has been reserved
[    0.441280] system 00:07: [mem 0xfdac0000-0xfdacffff] has been reserved
[    0.441281] system 00:07: Plug and Play ACPI device, IDs PNP0c02 (active)
[    0.441641] system 00:08: [mem 0xfed10000-0xfed17fff] has been reserved
[    0.441642] system 00:08: [mem 0xfed18000-0xfed18fff] has been reserved
[    0.441643] system 00:08: [mem 0xfed19000-0xfed19fff] has been reserved
[    0.441643] system 00:08: [mem 0xe0000000-0xefffffff] has been reserved
[    0.441644] system 00:08: [mem 0xfed20000-0xfed3ffff] has been reserved
[    0.441645] system 00:08: [mem 0xfed90000-0xfed93fff] could not be reserved
[    0.441645] system 00:08: [mem 0xfed45000-0xfed8ffff] could not be reserved
[    0.441646] system 00:08: [mem 0xff000000-0xffffffff] could not be reserved
[    0.441647] system 00:08: [mem 0xfee00000-0xfeefffff] could not be reserved
[    0.441647] system 00:08: [mem 0x3d000000-0x3d01ffff] has been reserved
[    0.441649] system 00:08: Plug and Play ACPI device, IDs PNP0c02 (active)
[    0.442096] pnp: PnP ACPI: found 9 devices
[    0.447331] clocksource: acpi_pm: mask: 0xffffff max_cycles: 0xffffff, max_idle_ns: 2085701024 ns
[    0.447376] pci 0000:00:1c.0: bridge window [io  0x1000-0x0fff] to [bus 01-6a] add_size 1000
[    0.447381] pci 0000:00:1c.0: BAR 13: assigned [io  0x4000-0x4fff]
[    0.447382] pci 0000:00:1c.0: PCI bridge to [bus 01-6a]
[    0.447385] pci 0000:00:1c.0:   bridge window [io  0x4000-0x4fff]
[    0.447388] pci 0000:00:1c.0:   bridge window [mem 0x40000000-0x6e0fffff]
[    0.447390] pci 0000:00:1c.0:   bridge window [mem 0x2fb0000000-0x2ff9ffffff 64bit pref]
[    0.447394] pci 0000:00:1c.4: PCI bridge to [bus 6b]
[    0.447398] pci 0000:00:1c.4:   bridge window [mem 0x6e200000-0x6e2fffff]
[    0.447403] pci 0000:00:1d.0: PCI bridge to [bus 6c]
[    0.447406] pci 0000:00:1d.0:   bridge window [mem 0x6e100000-0x6e1fffff]
[    0.447411] pci_bus 0000:00: resource 4 [io  0x0000-0x0cf7 window]
[    0.447411] pci_bus 0000:00: resource 5 [io  0x0d00-0xffff window]
[    0.447412] pci_bus 0000:00: resource 6 [mem 0x000a0000-0x000bffff window]
[    0.447413] pci_bus 0000:00: resource 7 [mem 0x000c0000-0x000c3fff window]
[    0.447413] pci_bus 0000:00: resource 8 [mem 0x000c4000-0x000c7fff window]
[    0.447414] pci_bus 0000:00: resource 9 [mem 0x000c8000-0x000cbfff window]
[    0.447414] pci_bus 0000:00: resource 10 [mem 0x000cc000-0x000cffff window]
[    0.447415] pci_bus 0000:00: resource 11 [mem 0x000d0000-0x000d3fff window]
[    0.447415] pci_bus 0000:00: resource 12 [mem 0x000d4000-0x000d7fff window]
[    0.447416] pci_bus 0000:00: resource 13 [mem 0x000d8000-0x000dbfff window]
[    0.447416] pci_bus 0000:00: resource 14 [mem 0x000dc000-0x000dffff window]
[    0.447417] pci_bus 0000:00: resource 15 [mem 0x3d000000-0xdfffffff window]
[    0.447418] pci_bus 0000:00: resource 16 [mem 0x2000000000-0x2fffffffff window]
[    0.447418] pci_bus 0000:00: resource 17 [mem 0xfd000000-0xfe7fffff window]
[    0.447419] pci_bus 0000:01: resource 0 [io  0x4000-0x4fff]
[    0.447420] pci_bus 0000:01: resource 1 [mem 0x40000000-0x6e0fffff]
[    0.447420] pci_bus 0000:01: resource 2 [mem 0x2fb0000000-0x2ff9ffffff 64bit pref]
[    0.447421] pci_bus 0000:6b: resource 1 [mem 0x6e200000-0x6e2fffff]
[    0.447421] pci_bus 0000:6c: resource 1 [mem 0x6e100000-0x6e1fffff]
[    0.447524] NET: Registered protocol family 2
[    0.447638] tcp_listen_portaddr_hash hash table entries: 8192 (order: 5, 131072 bytes)
[    0.447674] TCP established hash table entries: 131072 (order: 8, 1048576 bytes)
[    0.447826] TCP bind hash table entries: 65536 (order: 8, 1048576 bytes)
[    0.447959] TCP: Hash tables configured (established 131072 bind 65536)
[    0.447984] UDP hash table entries: 8192 (order: 6, 262144 bytes)
[    0.448038] UDP-Lite hash table entries: 8192 (order: 6, 262144 bytes)
[    0.448093] NET: Registered protocol family 1
[    0.448096] NET: Registered protocol family 44
[    0.448102] pci 0000:00:02.0: Video device with shadowed ROM at [mem 0x000c0000-0x000dffff]
[    0.449715] PCI: CLS 64 bytes, default 64
[    0.449736] Unpacking initramfs...
[    0.687964] Freeing initrd memory: 24064K
[    0.688008] DMAR: ACPI device "device:7d" under DMAR at fed91000 as 00:15.0
[    0.688010] DMAR: ACPI device "device:7e" under DMAR at fed91000 as 00:15.1
[    0.688012] DMAR: ACPI device "device:7f" under DMAR at fed91000 as 00:15.3
[    0.688023] DMAR: ACPI device "device:80" under DMAR at fed91000 as 00:19.0
[    0.698570] PCI-DMA: Using software bounce buffering for IO (SWIOTLB)
[    0.698577] software IO TLB: mapped [mem 0x2a97b000-0x2e97b000] (64MB)
[    0.698691] clocksource: tsc: mask: 0xffffffffffffffff max_cycles: 0x396d519840e, max_idle_ns: 881590569543 ns
[    0.698709] clocksource: Switched to clocksource tsc
[    0.701471] Initialise system trusted keyrings
[    0.701479] Key type blacklist registered
[    0.701513] workingset: timestamp_bits=36 max_order=22 bucket_order=0
[    0.702793] zbud: loaded
[    0.703562] Platform Keyring initialized
[    0.803861] alg: No test for lzo-rle (lzo-rle-generic)
[    0.804372] alg: No test for lzo-rle (lzo-rle-scomp)
[    0.804884] alg: No test for 842 (842-generic)
[    0.805392] alg: No test for 842 (842-scomp)
[    0.822276] NET: Registered protocol family 38
[    0.822278] Key type asymmetric registered
[    0.822278] Asymmetric key parser 'x509' registered
[    0.822286] Block layer SCSI generic (bsg) driver version 0.4 loaded (major 244)
[    0.822306] io scheduler mq-deadline registered
[    0.822358] atomic64_test: passed for x86-64 platform with CX8 and with SSE
[    0.822648] pcieport 0000:00:1c.0: Signaling PME with IRQ 122
[    0.822668] pciehp 0000:00:1c.0:pcie004: Slot #0 AttnBtn- PwrCtrl- MRL- AttnInd- PwrInd- HotPlug+ Surprise+ Interlock- NoCompl+ LLActRep+
[    0.822897] pcieport 0000:00:1c.4: Signaling PME with IRQ 123
[    0.822932] aer 0000:00:1c.4:pcie002: AER enabled with IRQ 123
[    0.823087] pcieport 0000:00:1d.0: Signaling PME with IRQ 124
[    0.823115] aer 0000:00:1d.0:pcie002: AER enabled with IRQ 124
[    0.823180] shpchp: Standard Hot Plug PCI Controller Driver version: 0.4
[    0.823196] efifb: probing for efifb
[    0.823208] efifb: showing boot graphics
[    0.827616] efifb: framebuffer at 0x2fa0000000, using 32400k, total 32400k
[    0.827617] efifb: mode is 3840x2160x32, linelength=15360, pages=1
[    0.827617] efifb: scrolling: redraw
[    0.827618] efifb: Truecolor: size=8:8:8:8, shift=24:16:8:0
[    0.827645] fbcon: Deferring console take-over
[    0.827646] fb0: EFI VGA frame buffer device
[    0.827650] intel_idle: MWAIT substates: 0x11142120
[    0.827651] intel_idle: v0.4.1 model 0x8E
[    0.827914] intel_idle: lapic_timer_reliable_states 0xffffffff
[    0.828046] ACPI: AC Adapter [ADP1] (on-line)
[    0.828080] input: Lid Switch as /devices/LNXSYSTM:00/LNXSYBUS:00/PNP0A08:00/device:19/PNP0C09:00/PNP0C0D:00/input/input0
[    0.828084] ACPI: Lid Switch [LID0]
[    0.828121] input: Power Button as /devices/LNXSYSTM:00/LNXSYBUS:00/PNP0C0C:00/input/input1
[    0.828167] ACPI: Power Button [PWRB]
[    0.828193] input: Power Button as /devices/LNXSYSTM:00/LNXPWRBN:00/input/input2
[    0.828243] ACPI: Power Button [PWRF]
[    0.829360] thermal LNXTHERM:00: registered as thermal_zone0
[    0.829361] ACPI: Thermal Zone [TZ00] (28 C)
[    0.829426] thermal LNXTHERM:01: registered as thermal_zone1
[    0.829426] ACPI: Thermal Zone [TZ01] (30 C)
[    0.829576] Serial: 8250/16550 driver, 32 ports, IRQ sharing enabled
[    0.831392] Non-volatile memory driver v1.3
[    0.831416] Linux agpgart interface v0.103
[    0.842294] libphy: Fixed MDIO Bus: probed
[    0.842331] ehci_hcd: USB 2.0 'Enhanced' Host Controller (EHCI) Driver
[    0.842332] ehci-pci: EHCI PCI platform driver
[    0.842339] ohci_hcd: USB 1.1 'Open' Host Controller (OHCI) Driver
[    0.842352] ohci-pci: OHCI PCI platform driver
[    0.842358] uhci_hcd: USB Universal Host Controller Interface driver
[    0.842480] xhci_hcd 0000:00:14.0: xHCI Host Controller
[    0.842501] xhci_hcd 0000:00:14.0: new USB bus registered, assigned bus number 1
[    0.843636] battery: ACPI: Battery Slot [BAT1] (battery present)
[    0.843662] xhci_hcd 0000:00:14.0: hcc params 0x200077c1 hci version 0x100 quirks 0x0000000081109810
[    0.843667] xhci_hcd 0000:00:14.0: cache line size of 64 is not supported
[    0.843826] usb usb1: New USB device found, idVendor=1d6b, idProduct=0002, bcdDevice= 5.01
[    0.843827] usb usb1: New USB device strings: Mfr=3, Product=2, SerialNumber=1
[    0.843828] usb usb1: Product: xHCI Host Controller
[    0.843828] usb usb1: Manufacturer: Linux 5.1.0-0.rc5.git2.1.vanilla.knurd.1.fc29.x86_64 xhci-hcd
[    0.843829] usb usb1: SerialNumber: 0000:00:14.0
[    0.843921] hub 1-0:1.0: USB hub found
[    0.843934] hub 1-0:1.0: 12 ports detected
[    0.844462] xhci_hcd 0000:00:14.0: xHCI Host Controller
[    0.844508] xhci_hcd 0000:00:14.0: new USB bus registered, assigned bus number 2
[    0.844509] xhci_hcd 0000:00:14.0: Host supports USB 3.0  SuperSpeed
[    0.844568] usb usb2: New USB device found, idVendor=1d6b, idProduct=0003, bcdDevice= 5.01
[    0.844569] usb usb2: New USB device strings: Mfr=3, Product=2, SerialNumber=1
[    0.844569] usb usb2: Product: xHCI Host Controller
[    0.844570] usb usb2: Manufacturer: Linux 5.1.0-0.rc5.git2.1.vanilla.knurd.1.fc29.x86_64 xhci-hcd
[    0.844570] usb usb2: SerialNumber: 0000:00:14.0
[    0.844643] hub 2-0:1.0: USB hub found
[    0.844651] hub 2-0:1.0: 6 ports detected
[    0.844758] usb: port power management may be unreliable
[    0.845035] usbcore: registered new interface driver usbserial_generic
[    0.845038] usbserial: USB Serial support registered for generic
[    0.845051] i8042: PNP: PS/2 Controller [PNP0303:PS2K] at 0x60,0x64 irq 1
[    0.845051] i8042: PNP: PS/2 appears to have AUX port disabled, if this is incorrect please boot with i8042.nopnp
[    0.846431] serio: i8042 KBD port at 0x60,0x64 irq 1
[    0.846504] mousedev: PS/2 mouse device common for all mice
[    0.846790] rtc_cmos 00:04: RTC can wake from S4
[    0.847271] rtc_cmos 00:04: registered as rtc0
[    0.847271] rtc_cmos 00:04: alarms up to one month, y3k, 242 bytes nvram
[    0.847298] device-mapper: uevent: version 1.0.3
[    0.847416] device-mapper: ioctl: 4.40.0-ioctl (2019-01-18) initialised: dm-devel@redhat.com
[    0.847451] intel_pstate: Intel P-state driver initializing
[    0.847980] intel_pstate: HWP enabled
[    0.848116] hidraw: raw HID events driver (C) Jiri Kosina
[    0.848134] usbcore: registered new interface driver usbhid
[    0.848134] usbhid: USB HID core driver
[    0.848182] intel_pmc_core:  initialized
[    0.848234] drop_monitor: Initializing network drop monitor service
[    0.848273] Initializing XFRM netlink socket
[    0.848355] NET: Registered protocol family 10
[    0.851079] Segment Routing with IPv6
[    0.851089] mip6: Mobile IPv6
[    0.851090] NET: Registered protocol family 17
[    0.851413] input: AT Translated Set 2 keyboard as /devices/platform/i8042/serio0/input/input3
[    0.851722] RAS: Correctable Errors collector initialized.
[    0.851736] microcode: sig=0x806ea, pf=0x80, revision=0x96
[    0.851927] microcode: Microcode Update Driver: v2.2.
[    0.851933] AVX2 version of gcm_enc/dec engaged.
[    0.851934] AES CTR mode by8 optimization enabled
[    0.874387] sched_clock: Marking stable (874919726, -535732)->(882355639, -7971645)
[    0.874599] registered taskstats version 1
[    0.874605] Loading compiled-in X.509 certificates
[    0.896236] Loaded X.509 cert 'Fedora kernel signing key: db45d06f5468fde964f8fa0a55312befa892e2a7'
[    0.896253] zswap: loaded using pool lzo/zbud
[    0.901050] Key type big_key registered
[    0.903017] Key type encrypted registered
[    0.904947] integrity: Loading X.509 certificate: UEFI:db
[    0.904974] integrity: Loaded X.509 cert 'Microsoft Windows Production PCA 2011: a92902398e16c49778cd90f99e4f9ae17c55af53'
[    0.904974] integrity: Loading X.509 certificate: UEFI:db
[    0.904988] integrity: Loaded X.509 cert 'Microsoft Corporation UEFI CA 2011: 13adbf4309bd82709c8cd54f316ed522988a1bd4'
[    0.904989] integrity: Loading X.509 certificate: UEFI:db
[    0.904995] integrity: Loaded X.509 cert '8GAriel: a88fde0b694da7b14d3f5d79bdaeecbe'
[    0.904995] integrity: Loading X.509 certificate: UEFI:db
[    0.905001] integrity: Loaded X.509 cert 'Mocca: eee4ae78c24bf4a5488b6b77c611edde'
[    0.905001] integrity: Loading X.509 certificate: UEFI:db
[    0.905126] integrity: Loaded X.509 cert 'LCFC: 16e5000ec0e008a3434536c06d55a3b6'
[    0.905372] Couldn't get size: 0x800000000000000e
[    0.905373] Couldn't get UEFI MokListRT
[    0.906828] ima: Allocated hash algorithm: sha1
[    0.921324] No architecture policies found
[    0.923311] PM:   Magic number: 15:189:865
[    0.923570] rtc_cmos 00:04: setting system clock to 2019-04-22T02:51:06 UTC (1555901466)
[    0.925641] Freeing unused decrypted memory: 2040K
[    0.926318] Freeing unused kernel image memory: 2184K
[    0.934770] Write protecting the kernel read-only data: 18432k
[    0.935941] Freeing unused kernel image memory: 2016K
[    0.936147] Freeing unused kernel image memory: 36K
[    0.957427] x86/mm: Checked W+X mappings: passed, no W+X pages found.
[    0.957437] rodata_test: all tests were successful
[    0.957439] x86/mm: Checking user space page tables
[    0.971704] x86/mm: Checked W+X mappings: passed, no W+X pages found.
[    0.971722] Run /init as init process
[    1.046754] systemd[1]: systemd 239 running in system mode. (+PAM +AUDIT +SELINUX +IMA -APPARMOR +SMACK +SYSVINIT +UTMP +LIBCRYPTSETUP +GCRYPT +GNUTLS +ACL +XZ +LZ4 +SECCOMP +BLKID +ELFUTILS +KMOD +IDN2 -IDN +PCRE2 default-hierarchy=hybrid)
[    1.058950] systemd[1]: Detected architecture x86-64.
[    1.058953] systemd[1]: Running in initial RAM disk.
[    1.061898] systemd[1]: Set hostname to <droserasprout-c930>.
[    1.094909] systemd[1]: Reached target Slices.
[    1.094994] systemd[1]: Listening on Journal Socket (/dev/log).
[    1.096195] systemd[1]: Created slice system-systemd\x2dcryptsetup.slice.
[    1.096203] systemd[1]: Reached target Swap.
[    1.096309] systemd[1]: Created slice system-systemd\x2dhibernate\x2dresume.slice.
[    1.096320] systemd[1]: Reached target Timers.
[    1.165568] usb 1-1: new high-speed USB device number 2 using xhci_hcd
[    1.289997] audit: type=1130 audit(1555901466.865:2): pid=1 uid=0 auid=4294967295 ses=4294967295 subj=kernel msg='unit=systemd-journald comm="systemd" exe="/usr/lib/systemd/systemd" hostname=? addr=? terminal=? res=success'
[    1.338263] usb 1-1: New USB device found, idVendor=04f2, idProduct=b61e, bcdDevice= 4.25
[    1.338279] usb 1-1: New USB device strings: Mfr=3, Product=1, SerialNumber=2
[    1.338280] usb 1-1: Product: Integrated Camera
[    1.338281] usb 1-1: Manufacturer: Chicony Electronics Co.,Ltd.
[    1.338281] usb 1-1: SerialNumber: 0001
[    1.423422] audit: type=1130 audit(1555901466.998:3): pid=1 uid=0 auid=4294967295 ses=4294967295 subj=kernel msg='unit=systemd-udevd comm="systemd" exe="/usr/lib/systemd/systemd" hostname=? addr=? terminal=? res=success'
[    1.454601] usb 1-5: new full-speed USB device number 3 using xhci_hcd
[    1.484245] audit: type=1130 audit(1555901467.059:4): pid=1 uid=0 auid=4294967295 ses=4294967295 subj=kernel msg='unit=systemd-udev-trigger comm="systemd" exe="/usr/lib/systemd/systemd" hostname=? addr=? terminal=? res=success'
[    1.505104] audit: type=1130 audit(1555901467.080:5): pid=1 uid=0 auid=4294967295 ses=4294967295 subj=kernel msg='unit=plymouth-start comm="systemd" exe="/usr/lib/systemd/systemd" hostname=? addr=? terminal=? res=success'
[    1.507060] acpi PNP0C14:02: duplicate WMI GUID 05901221-D566-11D1-B2F0-00A0C9062910 (first instance was on PNP0C14:00)
[    1.507111] acpi PNP0C14:03: duplicate WMI GUID 05901221-D566-11D1-B2F0-00A0C9062910 (first instance was on PNP0C14:00)
[    1.529736] nvme nvme0: pci function 0000:6c:00.0
[    1.582550] usb 1-5: New USB device found, idVendor=06cb, idProduct=0081, bcdDevice= 1.64
[    1.582552] usb 1-5: New USB device strings: Mfr=0, Product=0, SerialNumber=1
[    1.582553] usb 1-5: SerialNumber: 5a019486378a
[    1.655994] checking generic (2fa0000000 1fa4000) vs hw (2fa0000000 10000000)
[    1.655995] fb0: switching to inteldrmfb from EFI VGA
[    1.656131] i915 0000:00:02.0: vgaarb: deactivate vga console
[    1.658115] [drm] Supports vblank timestamp caching Rev 2 (21.10.2013).
[    1.658119] [drm] Driver supports precise vblank timestamp query.
[    1.658511] i915 0000:00:02.0: vgaarb: changed VGA decodes: olddecodes=io+mem,decodes=io+mem:owns=io+mem
[    1.658946] [drm] Finished loading DMC firmware i915/kbl_dmc_ver1_04.bin (v1.4)
[    1.686422] [drm] Initialized i915 1.6.0 20190207 for 0000:00:02.0 on minor 0
[    1.688266] ACPI: Video Device [GFX0] (multi-head: yes  rom: no  post: no)
[    1.688496] input: Video Bus as /devices/LNXSYSTM:00/LNXSYBUS:00/PNP0A08:00/LNXVIDEO:00/input/input4
[    1.694789] fbcon: inteldrmfb (fb0) is primary device
[    1.694790] fbcon: Deferring console take-over
[    1.694794] i915 0000:00:02.0: fb0: inteldrmfb frame buffer device
[    1.697625] usb 1-8: new full-speed USB device number 4 using xhci_hcd
[    1.742899] nvme nvme0: 8/0/0 default/read/poll queues
[    1.746436]  nvme0n1: p1 p2 p3
[    1.778466] audit: type=1130 audit(1555901467.353:6): pid=1 uid=0 auid=4294967295 ses=4294967295 subj=kernel msg='unit=systemd-ask-password-plymouth comm="systemd" exe="/usr/lib/systemd/systemd" hostname=? addr=? terminal=? res=success'
[    1.824486] usb 1-8: New USB device found, idVendor=8087, idProduct=0025, bcdDevice= 0.02
[    1.824487] audit: type=1130 audit(1555901467.399:7): pid=1 uid=0 auid=4294967295 ses=4294967295 subj=kernel msg='unit=systemd-vconsole-setup comm="systemd" exe="/usr/lib/systemd/systemd" hostname=? addr=? terminal=? res=success'
[    1.824489] usb 1-8: New USB device strings: Mfr=0, Product=0, SerialNumber=0
[    1.824489] audit: type=1131 audit(1555901467.399:8): pid=1 uid=0 auid=4294967295 ses=4294967295 subj=kernel msg='unit=systemd-vconsole-setup comm="systemd" exe="/usr/lib/systemd/systemd" hostname=? addr=? terminal=? res=success'
[   10.226485] device-mapper: crypt: xts(aes) using implementation "xts-aes-aesni"
[   10.261513] audit: type=1130 audit(1555901475.837:9): pid=1 uid=0 auid=4294967295 ses=4294967295 subj=kernel msg='unit=systemd-cryptsetup@luks\x2d2fa18852\x2d37cb\x2d41cb\x2d86ea\x2d41766c499859 comm="systemd" exe="/usr/lib/systemd/systemd" hostname=? addr=? terminal=? res=success'
[   10.460839] PM: Image not found (code -22)
[   10.463899] audit: type=1130 audit(1555901476.040:10): pid=1 uid=0 auid=4294967295 ses=4294967295 subj=kernel msg='unit=systemd-hibernate-resume@dev-mapper-fedora\x2dswap comm="systemd" exe="/usr/lib/systemd/systemd" hostname=? addr=? terminal=? res=success'
[   10.463906] audit: type=1131 audit(1555901476.040:11): pid=1 uid=0 auid=4294967295 ses=4294967295 subj=kernel msg='unit=systemd-hibernate-resume@dev-mapper-fedora\x2dswap comm="systemd" exe="/usr/lib/systemd/systemd" hostname=? addr=? terminal=? res=success'
[   10.482797] audit: type=1130 audit(1555901476.058:12): pid=1 uid=0 auid=4294967295 ses=4294967295 subj=kernel msg='unit=dracut-initqueue comm="systemd" exe="/usr/lib/systemd/systemd" hostname=? addr=? terminal=? res=success'
[   10.485490] audit: type=1130 audit(1555901476.060:13): pid=1 uid=0 auid=4294967295 ses=4294967295 subj=kernel msg='unit=systemd-tmpfiles-setup comm="systemd" exe="/usr/lib/systemd/systemd" hostname=? addr=? terminal=? res=success'
[   10.596709] audit: type=1130 audit(1555901476.172:14): pid=1 uid=0 auid=4294967295 ses=4294967295 subj=kernel msg='unit=systemd-fsck-root comm="systemd" exe="/usr/lib/systemd/systemd" hostname=? addr=? terminal=? res=success'
[   10.603244] EXT4-fs (dm-1): mounted filesystem with ordered data mode. Opts: (null)
[   10.677255] audit: type=1130 audit(1555901476.252:15): pid=1 uid=0 auid=4294967295 ses=4294967295 subj=kernel msg='unit=initrd-parse-etc comm="systemd" exe="/usr/lib/systemd/systemd" hostname=? addr=? terminal=? res=success'
[   10.677260] audit: type=1131 audit(1555901476.252:16): pid=1 uid=0 auid=4294967295 ses=4294967295 subj=kernel msg='unit=initrd-parse-etc comm="systemd" exe="/usr/lib/systemd/systemd" hostname=? addr=? terminal=? res=success'
[   10.812935] audit: type=1130 audit(1555901476.389:17): pid=1 uid=0 auid=4294967295 ses=4294967295 subj=kernel msg='unit=dracut-pre-pivot comm="systemd" exe="/usr/lib/systemd/systemd" hostname=? addr=? terminal=? res=success'
[   10.833877] audit: type=1131 audit(1555901476.409:18): pid=1 uid=0 auid=4294967295 ses=4294967295 subj=kernel msg='unit=dracut-pre-pivot comm="systemd" exe="/usr/lib/systemd/systemd" hostname=? addr=? terminal=? res=success'
[   10.923133] systemd-journald[310]: Received SIGTERM from PID 1 (systemd).
[   10.936004] printk: systemd: 20 output lines suppressed due to ratelimiting
[   11.394729] SELinux:  Class xdp_socket not defined in policy.
[   11.394730] SELinux: the above unknown classes and permissions will be allowed
[   11.394733] SELinux:  policy capability network_peer_controls=1
[   11.394733] SELinux:  policy capability open_perms=1
[   11.394733] SELinux:  policy capability extended_socket_class=1
[   11.394734] SELinux:  policy capability always_check_network=0
[   11.394734] SELinux:  policy capability cgroup_seclabel=1
[   11.394734] SELinux:  policy capability nnp_nosuid_transition=1
[   11.410420] systemd[1]: Successfully loaded SELinux policy in 420.285ms.
[   11.417449] systemd[1]: RTC configured in localtime, applying delta of 180 minutes to system time.
[   11.449386] systemd[1]: Relabelled /dev, /run and /sys/fs/cgroup in 18.403ms.
[   11.451252] systemd[1]: systemd 239 running in system mode. (+PAM +AUDIT +SELINUX +IMA -APPARMOR +SMACK +SYSVINIT +UTMP +LIBCRYPTSETUP +GCRYPT +GNUTLS +ACL +XZ +LZ4 +SECCOMP +BLKID +ELFUTILS +KMOD +IDN2 -IDN +PCRE2 default-hierarchy=hybrid)
[   11.462935] systemd[1]: Detected architecture x86-64.
[   11.463855] systemd[1]: Set hostname to <droserasprout-c930>.
[   11.599862] systemd[1]: Stopped Switch Root.
[   11.600075] systemd[1]: systemd-journald.service: Service has no hold-off time (RestartSec=0), scheduling restart.
[   11.600122] systemd[1]: systemd-journald.service: Scheduled restart job, restart counter is at 1.
[   11.600138] systemd[1]: Stopped Journal Service.
[   11.601109] systemd[1]: Starting Journal Service...
[   11.601763] systemd[1]: Starting Remount Root and Kernel File Systems...
[   11.602082] systemd[1]: Listening on udev Kernel Socket.
[   11.608825] EXT4-fs (dm-1): re-mounted. Opts: (null)
[   11.615986] Adding 8151036k swap on /dev/mapper/fedora-swap.  Priority:-2 extents:1 across:8151036k SSFS
[   11.789730] systemd-journald[898]: File /run/log/journal/5dad8ca51080468fb8b96bba1f1dd324/system.journal corrupted or uncleanly shut down, renaming and replacing.
[   11.800400] systemd-journald[898]: Received request to flush runtime journal from PID 1
[   11.804859] systemd-journald[898]: File /var/log/journal/5dad8ca51080468fb8b96bba1f1dd324/system.journal corrupted or uncleanly shut down, renaming and replacing.
[   11.937895] input: Ideapad extra buttons as /devices/pci0000:00/0000:00:1f.0/PNP0C09:00/VPC2004:00/input/input5
[   11.950662] intel-lpss 0000:00:15.0: enabling device (0000 -> 0002)
[   11.954162] proc_thermal 0000:00:04.0: Creating sysfs group for PROC_THERMAL_PCI
[   11.957254] idma64 idma64.0: Found Intel integrated DMA 64-bit
[   11.960086] mei_me 0000:00:16.0: enabling device (0004 -> 0006)
[   11.968629] input: PC Speaker as /devices/platform/pcspkr/input/input6
[   11.968739] i801_smbus 0000:00:1f.4: SPD Write Disable is set
[   11.968773] i801_smbus 0000:00:1f.4: SMBus using PCI interrupt
[   11.981910] i2c_hid i2c-WCOM5195:00: i2c-WCOM5195:00 supply vdd not found, using dummy regulator
[   11.981927] i2c_hid i2c-WCOM5195:00: i2c-WCOM5195:00 supply vddl not found, using dummy regulator
[   12.017727] RAPL PMU: API unit is 2^-32 Joules, 5 fixed counters, 655360 ms ovfl timer
[   12.017728] RAPL PMU: hw unit of domain pp0-core 2^-14 Joules
[   12.017728] RAPL PMU: hw unit of domain package 2^-14 Joules
[   12.017729] RAPL PMU: hw unit of domain dram 2^-14 Joules
[   12.017729] RAPL PMU: hw unit of domain pp1-gpu 2^-14 Joules
[   12.017730] RAPL PMU: hw unit of domain psys 2^-14 Joules
[   12.029668] cfg80211: Loading compiled-in X.509 certificates for regulatory database
[   12.030252] cfg80211: Loaded X.509 cert 'sforshee: 00b28ddf47aef9cea7'
[   12.039670] snd_hda_intel 0000:00:1f.3: bound 0000:00:02.0 (ops i915_audio_component_bind_ops [i915])
[   12.058426] Intel(R) Wireless WiFi driver for Linux
[   12.058427] Copyright(c) 2003- 2015 Intel Corporation
[   12.087035] snd_hda_codec_realtek hdaudioC0D0: autoconfig for ALC298: line_outs=1 (0x14/0x0/0x0/0x0/0x0) type:speaker
[   12.087037] snd_hda_codec_realtek hdaudioC0D0:    speaker_outs=0 (0x0/0x0/0x0/0x0/0x0)
[   12.087038] snd_hda_codec_realtek hdaudioC0D0:    hp_outs=1 (0x21/0x0/0x0/0x0/0x0)
[   12.087039] snd_hda_codec_realtek hdaudioC0D0:    mono: mono_out=0x0
[   12.087040] snd_hda_codec_realtek hdaudioC0D0:    inputs:
[   12.087042] snd_hda_codec_realtek hdaudioC0D0:      Mic=0x18
[   12.103924] iwlwifi 0000:6b:00.0: Direct firmware load for iwlwifi-9260-th-b0-jf-b0-46.ucode failed with error -2
[   12.103937] iwlwifi 0000:6b:00.0: Direct firmware load for iwlwifi-9260-th-b0-jf-b0-45.ucode failed with error -2
[   12.103960] iwlwifi 0000:6b:00.0: Direct firmware load for iwlwifi-9260-th-b0-jf-b0-44.ucode failed with error -2
[   12.115644] iTCO_vendor_support: vendor-support=0
[   12.120215] iwlwifi 0000:6b:00.0: loaded firmware version 43.95eb4e97.0 op_mode iwlmvm
[   12.121433] iTCO_wdt: Intel TCO WatchDog Timer Driver v1.11
[   12.130737] iTCO_wdt: Found a Intel PCH TCO device (Version=4, TCOBASE=0x0400)
[   12.141346] iTCO_wdt: initialized. heartbeat=30 sec (nowayout=0)
[   12.141809] input: HDA Intel PCH Mic as /devices/pci0000:00/0000:00:1f.3/sound/card0/input7
[   12.141885] input: HDA Intel PCH Headphone as /devices/pci0000:00/0000:00:1f.3/sound/card0/input8
[   12.141953] input: HDA Intel PCH HDMI/DP,pcm=3 as /devices/pci0000:00/0000:00:1f.3/sound/card0/input9
[   12.142039] input: HDA Intel PCH HDMI/DP,pcm=7 as /devices/pci0000:00/0000:00:1f.3/sound/card0/input10
[   12.142105] input: HDA Intel PCH HDMI/DP,pcm=8 as /devices/pci0000:00/0000:00:1f.3/sound/card0/input11
[   12.142175] input: HDA Intel PCH HDMI/DP,pcm=9 as /devices/pci0000:00/0000:00:1f.3/sound/card0/input12
[   12.142234] input: HDA Intel PCH HDMI/DP,pcm=10 as /devices/pci0000:00/0000:00:1f.3/sound/card0/input13
[   12.157707] input: WCOM5195:00 056A:5195 Touchscreen as /devices/pci0000:00/0000:00:15.0/i2c_designware.0/i2c-7/i2c-WCOM5195:00/0018:056A:5195.0001/input/input14
[   12.159897] input: WCOM5195:00 056A:5195 as /devices/pci0000:00/0000:00:15.0/i2c_designware.0/i2c-7/i2c-WCOM5195:00/0018:056A:5195.0001/input/input15
[   12.159990] input: WCOM5195:00 056A:5195 as /devices/pci0000:00/0000:00:15.0/i2c_designware.0/i2c-7/i2c-WCOM5195:00/0018:056A:5195.0001/input/input16
[   12.160090] input: WCOM5195:00 056A:5195 as /devices/pci0000:00/0000:00:15.0/i2c_designware.0/i2c-7/i2c-WCOM5195:00/0018:056A:5195.0001/input/input17
[   12.160194] input: WCOM5195:00 056A:5195 Mouse as /devices/pci0000:00/0000:00:15.0/i2c_designware.0/i2c-7/i2c-WCOM5195:00/0018:056A:5195.0001/input/input18
[   12.160326] hid-generic 0018:056A:5195.0001: input,hidraw0: I2C HID v1.00 Mouse [WCOM5195:00 056A:5195] on i2c-WCOM5195:00
[   12.178929] intel-lpss 0000:00:15.1: enabling device (0000 -> 0002)
[   12.180181] idma64 idma64.1: Found Intel integrated DMA 64-bit
[   12.185707] i2c_hid i2c-SYNA2B31:00: i2c-SYNA2B31:00 supply vdd not found, using dummy regulator
[   12.185722] i2c_hid i2c-SYNA2B31:00: i2c-SYNA2B31:00 supply vddl not found, using dummy regulator
[   12.189290] intel_rapl: Found RAPL domain package
[   12.189292] intel_rapl: Found RAPL domain core
[   12.189293] intel_rapl: Found RAPL domain uncore
[   12.189293] intel_rapl: Found RAPL domain dram
[   12.216552] input: SYNA2B31:00 06CB:CD3E Mouse as /devices/pci0000:00/0000:00:15.1/i2c_designware.1/i2c-8/i2c-SYNA2B31:00/0018:06CB:CD3E.0002/input/input19
[   12.216622] input: SYNA2B31:00 06CB:CD3E Touchpad as /devices/pci0000:00/0000:00:15.1/i2c_designware.1/i2c-8/i2c-SYNA2B31:00/0018:06CB:CD3E.0002/input/input20
[   12.216685] hid-generic 0018:06CB:CD3E.0002: input,hidraw1: I2C HID v1.00 Mouse [SYNA2B31:00 06CB:CD3E] on i2c-SYNA2B31:00
[   12.219356] intel-lpss 0000:00:15.3: enabling device (0000 -> 0002)
[   12.219590] idma64 idma64.2: Found Intel integrated DMA 64-bit
[   12.219628] iwlwifi 0000:6b:00.0: Detected Intel(R) Wireless-AC 9260 160MHz, REV=0x324
[   12.221752] i2c_hid i2c-ITE8353:00: i2c-ITE8353:00 supply vdd not found, using dummy regulator
[   12.221763] i2c_hid i2c-ITE8353:00: i2c-ITE8353:00 supply vddl not found, using dummy regulator
[   12.278256] iwlwifi 0000:6b:00.0: base HW address: 48:f1:7f:cf:e6:99
[   12.351764] ieee80211 phy0: Selected rate control algorithm 'iwl-mvm-rs'
[   12.351958] thermal thermal_zone7: failed to read out thermal zone (-61)
[   12.355745] iwlwifi 0000:6b:00.0 wlp107s0: renamed from wlan0
[   12.494058] hid-generic 0018:048D:8380.0003: hidraw2: I2C HID v1.00 Device [ITE8353:00 048D:8380] on i2c-ITE8353:00
[   12.495025] intel-lpss 0000:00:19.0: enabling device (0000 -> 0002)
[   12.495403] dw-apb-uart.3: ttyS4 at MMIO 0x2ffb01d000 (irq = 32, base_baud = 115200) is a 16550A
[   12.564673] input: SYNA2B31:00 06CB:CD3E Touchpad as /devices/pci0000:00/0000:00:15.1/i2c_designware.1/i2c-8/i2c-SYNA2B31:00/0018:06CB:CD3E.0002/input/input23
[   12.565790] hid-multitouch 0018:06CB:CD3E.0002: input,hidraw1: I2C HID v1.00 Mouse [SYNA2B31:00 06CB:CD3E] on i2c-SYNA2B31:00
[   12.743982] input: Wacom HID 5195 Pen as /devices/pci0000:00/0000:00:15.0/i2c_designware.0/i2c-7/i2c-WCOM5195:00/0018:056A:5195.0001/input/input25
[   12.744512] input: Wacom HID 5195 Finger as /devices/pci0000:00/0000:00:15.0/i2c_designware.0/i2c-7/i2c-WCOM5195:00/0018:056A:5195.0001/input/input26
[   12.745270] wacom 0018:056A:5195.0001: hidraw0: I2C HID v1.00 Mouse [WCOM5195:00 056A:5195] on i2c-WCOM5195:00
[   13.191072] media: Linux media interface: v0.10
[   13.210624] videodev: Linux video capture interface: v2.00
[   13.226458] Bluetooth: Core ver 2.22
[   13.226471] NET: Registered protocol family 31
[   13.226472] Bluetooth: HCI device and connection manager initialized
[   13.226474] Bluetooth: HCI socket layer initialized
[   13.226476] Bluetooth: L2CAP socket layer initialized
[   13.226478] Bluetooth: SCO socket layer initialized
[   13.324725] uvcvideo: Found UVC 1.00 device Integrated Camera (04f2:b61e)
[   13.329823] usbcore: registered new interface driver btusb
[   13.330612] Bluetooth: hci0: Bootloader revision 0.1 build 42 week 52 2015
[   13.331655] Bluetooth: hci0: Device revision is 2
[   13.331656] Bluetooth: hci0: Secure boot is enabled
[   13.331657] Bluetooth: hci0: OTP lock is enabled
[   13.331658] Bluetooth: hci0: API lock is enabled
[   13.331659] Bluetooth: hci0: Debug lock is disabled
[   13.331660] Bluetooth: hci0: Minimum firmware build 1 week 10 2014
[   13.333274] uvcvideo 1-1:1.0: Entity type for entity Realtek Extended Controls Unit was not initialized!
[   13.333276] uvcvideo 1-1:1.0: Entity type for entity Extension 4 was not initialized!
[   13.333277] uvcvideo 1-1:1.0: Entity type for entity Processing 2 was not initialized!
[   13.333278] uvcvideo 1-1:1.0: Entity type for entity Camera 1 was not initialized!
[   13.333351] input: Integrated Camera: Integrated C as /devices/pci0000:00/0000:00:14.0/usb1/1-1/1-1:1.0/input/input28
[   13.333429] usbcore: registered new interface driver uvcvideo
[   13.333430] USB Video Class driver (1.1.1)
[   13.334167] Bluetooth: hci0: Found device firmware: intel/ibt-18-16-1.sfi
[   13.764399] EXT4-fs (nvme0n1p2): mounted filesystem with ordered data mode. Opts: (null)
[   13.771586] i2c_hid i2c-WCOM5195:00: failed to set a report to device.
[   13.771589] wacom 0018:056A:5195.0001: wacom_set_report: ran out of retries (last error = -121)
[   13.771646] i2c_hid i2c-WCOM5195:00: failed to set a report to device.
[   13.981215] EXT4-fs (dm-3): mounted filesystem with ordered data mode. Opts: (null)
[   14.076454] RPC: Registered named UNIX socket transport module.
[   14.076455] RPC: Registered udp transport module.
[   14.076455] RPC: Registered tcp transport module.
[   14.076455] RPC: Registered tcp NFSv4.1 backchannel transport module.
[   14.336213] Bluetooth: BNEP (Ethernet Emulation) ver 1.3
[   14.336215] Bluetooth: BNEP filters: protocol multicast
[   14.336218] Bluetooth: BNEP socket layer initialized
[   14.713221] Bluetooth: hci0: Waiting for firmware download to complete
[   14.713594] Bluetooth: hci0: Firmware loaded in 1351355 usecs
[   14.713634] Bluetooth: hci0: Waiting for device to boot
[   14.726602] Bluetooth: hci0: Device booted in 12674 usecs
[   14.726841] Bluetooth: hci0: Found Intel DDC parameters: intel/ibt-18-16-1.ddc
[   14.729608] Bluetooth: hci0: Applying Intel DDC parameters completed
[   15.235961] bridge: filtering via arp/ip/ip6tables is no longer available by default. Update your scripts to load br_netfilter if you need this.
[   15.241066] tun: Universal TUN/TAP device driver, 1.6
[   15.241976] virbr0: port 1(virbr0-nic) entered blocking state
[   15.241977] virbr0: port 1(virbr0-nic) entered disabled state
[   15.242008] device virbr0-nic entered promiscuous mode
[   15.311858] virbr0: port 1(virbr0-nic) entered blocking state
[   15.311859] virbr0: port 1(virbr0-nic) entered listening state
[   15.343177] virbr0: port 1(virbr0-nic) entered disabled state
[   21.986887] wlp107s0: authenticate with 78:11:dc:3a:05:03
[   21.997547] wlp107s0: send auth to 78:11:dc:3a:05:03 (try 1/3)
[   22.036623] wlp107s0: authenticated
[   22.037677] wlp107s0: associate with 78:11:dc:3a:05:03 (try 1/3)
[   22.038727] wlp107s0: RX AssocResp from 78:11:dc:3a:05:03 (capab=0x831 status=0 aid=3)
[   22.042257] wlp107s0: associated
[   22.285784] IPv6: ADDRCONF(NETDEV_CHANGE): wlp107s0: link becomes ready
[   24.329230] systemd-journald[898]: File /var/log/journal/5dad8ca51080468fb8b96bba1f1dd324/user-1000.journal corrupted or uncleanly shut down, renaming and replacing.
[   24.416533] Bluetooth: RFCOMM TTY layer initialized
[   24.416541] Bluetooth: RFCOMM socket layer initialized
[   24.416585] Bluetooth: RFCOMM ver 1.11
[   25.153034] fuse init (API version 7.29)
[   26.214923] rfkill: input handler disabled
[   28.146523] pciehp 0000:00:1c.0:pcie004: Slot(0): Card present
[   28.275587] pci 0000:01:00.0: [8086:15d3] type 01 class 0x060400
[   28.275693] pci 0000:01:00.0: enabling Extended Tags
[   28.275881] pci 0000:01:00.0: supports D1 D2
[   28.275885] pci 0000:01:00.0: PME# supported from D0 D1 D2 D3hot D3cold
[   28.279558] pci 0000:01:00.0: bridge configuration invalid ([bus 00-00]), reconfiguring
[   28.279762] pci 0000:02:00.0: [8086:15d3] type 01 class 0x060400
[   28.279859] pci 0000:02:00.0: enabling Extended Tags
[   28.280020] pci 0000:02:00.0: supports D1 D2
[   28.280023] pci 0000:02:00.0: PME# supported from D0 D1 D2 D3hot D3cold
[   28.280249] pci 0000:02:01.0: [8086:15d3] type 01 class 0x060400
[   28.280344] pci 0000:02:01.0: enabling Extended Tags
[   28.280491] pci 0000:02:01.0: supports D1 D2
[   28.280508] pci 0000:02:01.0: PME# supported from D0 D1 D2 D3hot D3cold
[   28.280711] pci 0000:02:02.0: [8086:15d3] type 01 class 0x060400
[   28.280810] pci 0000:02:02.0: enabling Extended Tags
[   28.280974] pci 0000:02:02.0: supports D1 D2
[   28.280978] pci 0000:02:02.0: PME# supported from D0 D1 D2 D3hot D3cold
[   28.281293] pci 0000:02:04.0: [8086:15d3] type 01 class 0x060400
[   28.281400] pci 0000:02:04.0: enabling Extended Tags
[   28.281591] pci 0000:02:04.0: supports D1 D2
[   28.281596] pci 0000:02:04.0: PME# supported from D0 D1 D2 D3hot D3cold
[   28.281928] pci 0000:01:00.0: PCI bridge to [bus 02-6a]
[   28.281945] pci 0000:01:00.0:   bridge window [io  0x0000-0x0fff]
[   28.281954] pci 0000:01:00.0:   bridge window [mem 0x00000000-0x000fffff]
[   28.281968] pci 0000:01:00.0:   bridge window [mem 0x00000000-0x000fffff 64bit pref]
[   28.281976] pci 0000:02:00.0: bridge configuration invalid ([bus 00-00]), reconfiguring
[   28.281993] pci 0000:02:01.0: bridge configuration invalid ([bus 00-00]), reconfiguring
[   28.282007] pci 0000:02:02.0: bridge configuration invalid ([bus 00-00]), reconfiguring
[   28.282023] pci 0000:02:04.0: bridge configuration invalid ([bus 00-00]), reconfiguring
[   28.282203] pci 0000:03:00.0: [8086:15d2] type 00 class 0x088000
[   28.282255] pci 0000:03:00.0: reg 0x10: [mem 0x00000000-0x0003ffff]
[   28.282273] pci 0000:03:00.0: reg 0x14: [mem 0x00000000-0x00000fff]
[   28.282353] pci 0000:03:00.0: enabling Extended Tags
[   28.282557] pci 0000:03:00.0: supports D1 D2
[   28.282561] pci 0000:03:00.0: PME# supported from D0 D1 D2 D3hot D3cold
[   28.282915] pci 0000:02:00.0: PCI bridge to [bus 03-6a]
[   28.282930] pci 0000:02:00.0:   bridge window [io  0x0000-0x0fff]
[   28.282939] pci 0000:02:00.0:   bridge window [mem 0x00000000-0x000fffff]
[   28.282952] pci 0000:02:00.0:   bridge window [mem 0x00000000-0x000fffff 64bit pref]
[   28.282958] pci_bus 0000:03: busn_res: [bus 03-6a] end is updated to 03
[   28.283118] pci 0000:02:01.0: PCI bridge to [bus 04-6a]
[   28.283131] pci 0000:02:01.0:   bridge window [io  0x0000-0x0fff]
[   28.283140] pci 0000:02:01.0:   bridge window [mem 0x00000000-0x000fffff]
[   28.283153] pci 0000:02:01.0:   bridge window [mem 0x00000000-0x000fffff 64bit pref]
[   28.283158] pci_bus 0000:04: busn_res: [bus 04-6a] end is updated to 37
[   28.283360] pci 0000:38:00.0: [8086:15d4] type 00 class 0x0c0330
[   28.283415] pci 0000:38:00.0: reg 0x10: [mem 0x00000000-0x0000ffff]
[   28.283526] pci 0000:38:00.0: enabling Extended Tags
[   28.283718] pci 0000:38:00.0: supports D1 D2
[   28.283723] pci 0000:38:00.0: PME# supported from D0 D1 D2 D3hot D3cold
[   28.283818] pci 0000:38:00.0: 8.000 Gb/s available PCIe bandwidth, limited by 2.5 GT/s x4 link at 0000:02:02.0 (capable of 31.504 Gb/s with 8 GT/s x4 link)
[   28.284135] pci 0000:02:02.0: PCI bridge to [bus 38-6a]
[   28.284149] pci 0000:02:02.0:   bridge window [io  0x0000-0x0fff]
[   28.284158] pci 0000:02:02.0:   bridge window [mem 0x00000000-0x000fffff]
[   28.284171] pci 0000:02:02.0:   bridge window [mem 0x00000000-0x000fffff 64bit pref]
[   28.284177] pci_bus 0000:38: busn_res: [bus 38-6a] end is updated to 38
[   28.284326] pci 0000:02:04.0: PCI bridge to [bus 39-6a]
[   28.284340] pci 0000:02:04.0:   bridge window [io  0x0000-0x0fff]
[   28.284348] pci 0000:02:04.0:   bridge window [mem 0x00000000-0x000fffff]
[   28.284361] pci 0000:02:04.0:   bridge window [mem 0x00000000-0x000fffff 64bit pref]
[   28.284366] pci_bus 0000:39: busn_res: [bus 39-6a] end is updated to 6a
[   28.284376] pci_bus 0000:02: busn_res: [bus 02-6a] end is updated to 6a
[   28.284395] pci 0000:02:01.0: bridge window [mem 0x00100000-0x001fffff 64bit pref] to [bus 04-37] add_size 100000 add_align 100000
[   28.284401] pci 0000:02:01.0: bridge window [mem 0x00100000-0x001fffff] to [bus 04-37] add_size 100000 add_align 100000
[   28.284409] pci 0000:02:04.0: bridge window [mem 0x00100000-0x001fffff 64bit pref] to [bus 39-6a] add_size 100000 add_align 100000
[   28.284415] pci 0000:02:04.0: bridge window [mem 0x00100000-0x001fffff] to [bus 39-6a] add_size 100000 add_align 100000
[   28.284425] pci 0000:01:00.0: bridge window [mem 0x00100000-0x004fffff 64bit pref] to [bus 02-6a] add_size 200000 add_align 100000
[   28.284432] pci 0000:01:00.0: bridge window [mem 0x00100000-0x004fffff] to [bus 02-6a] add_size 200000 add_align 100000
[   28.284453] pci 0000:01:00.0: BAR 14: assigned [mem 0x40000000-0x6e0fffff]
[   28.284460] pci 0000:01:00.0: BAR 15: assigned [mem 0x2fb0000000-0x2ff9ffffff 64bit pref]
[   28.284466] pci 0000:01:00.0: BAR 13: no space for [io  size 0x4000]
[   28.284470] pci 0000:01:00.0: BAR 13: failed to assign [io  size 0x4000]
[   28.284477] pci 0000:01:00.0: BAR 13: no space for [io  size 0x4000]
[   28.284481] pci 0000:01:00.0: BAR 13: failed to assign [io  size 0x4000]
[   28.284517] pci 0000:02:00.0: BAR 14: assigned [mem 0x40000000-0x400fffff]
[   28.284524] pci 0000:02:00.0: BAR 15: assigned [mem 0x2fb0000000-0x2fb00fffff 64bit pref]
[   28.284530] pci 0000:02:01.0: BAR 14: assigned [mem 0x40100000-0x571fffff]
[   28.284536] pci 0000:02:01.0: BAR 15: assigned [mem 0x2fb0100000-0x2fd50fffff 64bit pref]
[   28.284542] pci 0000:02:02.0: BAR 14: assigned [mem 0x57200000-0x572fffff]
[   28.284547] pci 0000:02:02.0: BAR 15: assigned [mem 0x2fd5100000-0x2fd51fffff 64bit pref]
[   28.284551] pci 0000:02:04.0: BAR 14: assigned [mem 0x57300000-0x6e0fffff]
[   28.284556] pci 0000:02:04.0: BAR 15: assigned [mem 0x2fd5200000-0x2ff9ffffff 64bit pref]
[   28.284560] pci 0000:02:00.0: BAR 13: no space for [io  size 0x1000]
[   28.284564] pci 0000:02:00.0: BAR 13: failed to assign [io  size 0x1000]
[   28.284569] pci 0000:02:01.0: BAR 13: no space for [io  size 0x1000]
[   28.284572] pci 0000:02:01.0: BAR 13: failed to assign [io  size 0x1000]
[   28.284577] pci 0000:02:02.0: BAR 13: no space for [io  size 0x1000]
[   28.284584] pci 0000:02:02.0: BAR 13: failed to assign [io  size 0x1000]
[   28.284588] pci 0000:02:04.0: BAR 13: no space for [io  size 0x1000]
[   28.284591] pci 0000:02:04.0: BAR 13: failed to assign [io  size 0x1000]
[   28.284604] pci 0000:02:00.0: BAR 13: no space for [io  size 0x1000]
[   28.284608] pci 0000:02:00.0: BAR 13: failed to assign [io  size 0x1000]
[   28.284612] pci 0000:02:01.0: BAR 13: no space for [io  size 0x1000]
[   28.284616] pci 0000:02:01.0: BAR 13: failed to assign [io  size 0x1000]
[   28.284620] pci 0000:02:02.0: BAR 13: no space for [io  size 0x1000]
[   28.284624] pci 0000:02:02.0: BAR 13: failed to assign [io  size 0x1000]
[   28.284628] pci 0000:02:04.0: BAR 13: no space for [io  size 0x1000]
[   28.284632] pci 0000:02:04.0: BAR 13: failed to assign [io  size 0x1000]
[   28.284643] pci 0000:03:00.0: BAR 0: assigned [mem 0x40000000-0x4003ffff]
[   28.284655] pci 0000:03:00.0: BAR 1: assigned [mem 0x40040000-0x40040fff]
[   28.284666] pci 0000:02:00.0: PCI bridge to [bus 03]
[   28.284677] pci 0000:02:00.0:   bridge window [mem 0x40000000-0x400fffff]
[   28.284686] pci 0000:02:00.0:   bridge window [mem 0x2fb0000000-0x2fb00fffff 64bit pref]
[   28.284699] pci 0000:02:01.0: PCI bridge to [bus 04-37]
[   28.284710] pci 0000:02:01.0:   bridge window [mem 0x40100000-0x571fffff]
[   28.284719] pci 0000:02:01.0:   bridge window [mem 0x2fb0100000-0x2fd50fffff 64bit pref]
[   28.284735] pci 0000:38:00.0: BAR 0: assigned [mem 0x57200000-0x5720ffff]
[   28.284745] pci 0000:02:02.0: PCI bridge to [bus 38]
[   28.284757] pci 0000:02:02.0:   bridge window [mem 0x57200000-0x572fffff]
[   28.284765] pci 0000:02:02.0:   bridge window [mem 0x2fd5100000-0x2fd51fffff 64bit pref]
[   28.284778] pci 0000:02:04.0: PCI bridge to [bus 39-6a]
[   28.284789] pci 0000:02:04.0:   bridge window [mem 0x57300000-0x6e0fffff]
[   28.284798] pci 0000:02:04.0:   bridge window [mem 0x2fd5200000-0x2ff9ffffff 64bit pref]
[   28.284809] pci 0000:01:00.0: PCI bridge to [bus 02-6a]
[   28.284820] pci 0000:01:00.0:   bridge window [mem 0x40000000-0x6e0fffff]
[   28.284829] pci 0000:01:00.0:   bridge window [mem 0x2fb0000000-0x2ff9ffffff 64bit pref]
[   28.284842] pcieport 0000:00:1c.0: PCI bridge to [bus 01-6a]
[   28.284848] pcieport 0000:00:1c.0:   bridge window [io  0x4000-0x4fff]
[   28.284856] pcieport 0000:00:1c.0:   bridge window [mem 0x40000000-0x6e0fffff]
[   28.284863] pcieport 0000:00:1c.0:   bridge window [mem 0x2fb0000000-0x2ff9ffffff 64bit pref]
[   28.284872] PCI: No. 2 try to assign unassigned res
[   28.284882] pcieport 0000:00:1c.0: resource 13 [io  0x4000-0x4fff] released
[   28.284886] pcieport 0000:00:1c.0: PCI bridge to [bus 01-6a]
[   28.284916] pcieport 0000:00:1c.0: BAR 13: assigned [io  0x4000-0x7fff]
[   28.284922] pci 0000:01:00.0: BAR 13: assigned [io  0x4000-0x7fff]
[   28.284931] pci 0000:02:00.0: BAR 13: assigned [io  0x4000-0x4fff]
[   28.284936] pci 0000:02:01.0: BAR 13: assigned [io  0x5000-0x5fff]
[   28.284940] pci 0000:02:02.0: BAR 13: assigned [io  0x6000-0x6fff]
[   28.284945] pci 0000:02:04.0: BAR 13: assigned [io  0x7000-0x7fff]
[   28.284951] pci 0000:02:00.0: PCI bridge to [bus 03]
[   28.284958] pci 0000:02:00.0:   bridge window [io  0x4000-0x4fff]
[   28.284969] pci 0000:02:00.0:   bridge window [mem 0x40000000-0x400fffff]
[   28.284978] pci 0000:02:00.0:   bridge window [mem 0x2fb0000000-0x2fb00fffff 64bit pref]
[   28.284990] pci 0000:02:01.0: PCI bridge to [bus 04-37]
[   28.284996] pci 0000:02:01.0:   bridge window [io  0x5000-0x5fff]
[   28.285007] pci 0000:02:01.0:   bridge window [mem 0x40100000-0x571fffff]
[   28.285016] pci 0000:02:01.0:   bridge window [mem 0x2fb0100000-0x2fd50fffff 64bit pref]
[   28.285029] pci 0000:02:02.0: PCI bridge to [bus 38]
[   28.285035] pci 0000:02:02.0:   bridge window [io  0x6000-0x6fff]
[   28.285045] pci 0000:02:02.0:   bridge window [mem 0x57200000-0x572fffff]
[   28.285054] pci 0000:02:02.0:   bridge window [mem 0x2fd5100000-0x2fd51fffff 64bit pref]
[   28.285066] pci 0000:02:04.0: PCI bridge to [bus 39-6a]
[   28.285072] pci 0000:02:04.0:   bridge window [io  0x7000-0x7fff]
[   28.285083] pci 0000:02:04.0:   bridge window [mem 0x57300000-0x6e0fffff]
[   28.285092] pci 0000:02:04.0:   bridge window [mem 0x2fd5200000-0x2ff9ffffff 64bit pref]
[   28.285104] pci 0000:01:00.0: PCI bridge to [bus 02-6a]
[   28.285110] pci 0000:01:00.0:   bridge window [io  0x4000-0x7fff]
[   28.285121] pci 0000:01:00.0:   bridge window [mem 0x40000000-0x6e0fffff]
[   28.285130] pci 0000:01:00.0:   bridge window [mem 0x2fb0000000-0x2ff9ffffff 64bit pref]
[   28.285142] pcieport 0000:00:1c.0: PCI bridge to [bus 01-6a]
[   28.285147] pcieport 0000:00:1c.0:   bridge window [io  0x4000-0x7fff]
[   28.285157] pcieport 0000:00:1c.0:   bridge window [mem 0x40000000-0x6e0fffff]
[   28.285164] pcieport 0000:00:1c.0:   bridge window [mem 0x2fb0000000-0x2ff9ffffff 64bit pref]
[   28.285266] pcieport 0000:01:00.0: enabling device (0000 -> 0003)
[   28.285958] pcieport 0000:02:00.0: enabling device (0000 -> 0003)
[   28.287269] pcieport 0000:02:01.0: enabling device (0000 -> 0003)
[   28.287765] pciehp 0000:02:01.0:pcie204: Slot #1 AttnBtn- PwrCtrl- MRL- AttnInd- PwrInd- HotPlug+ Surprise+ Interlock- NoCompl+ LLActRep+
[   28.289302] pcieport 0000:02:02.0: enabling device (0000 -> 0003)
[   28.290234] pcieport 0000:02:04.0: enabling device (0000 -> 0003)
[   28.290714] pciehp 0000:02:04.0:pcie204: Slot #4 AttnBtn- PwrCtrl- MRL- AttnInd- PwrInd- HotPlug+ Surprise+ Interlock- NoCompl+ LLActRep+
[   28.291816] pci 0000:38:00.0: enabling device (0000 -> 0002)
[   28.292621] xhci_hcd 0000:38:00.0: xHCI Host Controller
[   28.293786] xhci_hcd 0000:38:00.0: new USB bus registered, assigned bus number 3
[   28.295018] xhci_hcd 0000:38:00.0: hcc params 0x200077c1 hci version 0x110 quirks 0x0000000200009810
[   28.295591] usb usb3: New USB device found, idVendor=1d6b, idProduct=0002, bcdDevice= 5.01
[   28.295597] usb usb3: New USB device strings: Mfr=3, Product=2, SerialNumber=1
[   28.295601] usb usb3: Product: xHCI Host Controller
[   28.295605] usb usb3: Manufacturer: Linux 5.1.0-0.rc5.git2.1.vanilla.knurd.1.fc29.x86_64 xhci-hcd
[   28.295609] usb usb3: SerialNumber: 0000:38:00.0
[   28.296303] hub 3-0:1.0: USB hub found
[   28.296331] hub 3-0:1.0: 2 ports detected
[   28.297566] xhci_hcd 0000:38:00.0: xHCI Host Controller
[   28.300592] xhci_hcd 0000:38:00.0: new USB bus registered, assigned bus number 4
[   28.300602] xhci_hcd 0000:38:00.0: Host supports USB 3.1 Enhanced SuperSpeed
[   28.300693] usb usb4: New USB device found, idVendor=1d6b, idProduct=0003, bcdDevice= 5.01
[   28.300697] usb usb4: New USB device strings: Mfr=3, Product=2, SerialNumber=1
[   28.300700] usb usb4: Product: xHCI Host Controller
[   28.300704] usb usb4: Manufacturer: Linux 5.1.0-0.rc5.git2.1.vanilla.knurd.1.fc29.x86_64 xhci-hcd
[   28.300706] usb usb4: SerialNumber: 0000:38:00.0
[   28.301157] hub 4-0:1.0: USB hub found
[   28.301173] hub 4-0:1.0: 2 ports detected
[   28.323337] thunderbolt 0000:03:00.0: enabling device (0000 -> 0002)
[   29.278127] pcieport 0000:00:1c.0: PCI bridge to [bus 01-6a]
[   29.278135] pcieport 0000:00:1c.0:   bridge window [io  0x4000-0x7fff]
[   29.278144] pcieport 0000:00:1c.0:   bridge window [mem 0x40000000-0x6e0fffff]
[   29.278150] pcieport 0000:00:1c.0:   bridge window [mem 0x2fb0000000-0x2ff9ffffff 64bit pref]
[   68.887166] pciehp 0000:00:1c.0:pcie004: Slot(0): Link Down
[   68.887167] pciehp 0000:00:1c.0:pcie004: Slot(0): Card not present
[   68.887173] pci_raw_set_power_state: 69 callbacks suppressed
[   68.887174] pcieport 0000:02:04.0: Refused to change power state, currently in D3
[   68.887823] pcieport 0000:02:02.0: Refused to change power state, currently in D3
[   69.014041] pcieport 0000:02:01.0: Refused to change power state, currently in D3
[   69.197984] xhci_hcd 0000:38:00.0: Refused to change power state, currently in D3
[   69.366024] xhci_hcd 0000:38:00.0: Refused to change power state, currently in D3
[   69.366075] xhci_hcd 0000:38:00.0: WARN: xHC restore state timeout
[   69.366078] xhci_hcd 0000:38:00.0: PCI post-resume error -110!
[   69.366081] xhci_hcd 0000:38:00.0: HC died; cleaning up
[   69.366114] xhci_hcd 0000:38:00.0: remove, state 4
[   69.366127] usb usb4: USB disconnect, device number 1
[   69.366856] xhci_hcd 0000:38:00.0: USB bus 4 deregistered
[   69.367162] xhci_hcd 0000:38:00.0: remove, state 4
[   69.367174] usb usb3: USB disconnect, device number 1
[   69.367663] xhci_hcd 0000:38:00.0: Host halt failed, -19
[   69.367675] xhci_hcd 0000:38:00.0: Host not accessible, reset failed.
[   69.367928] xhci_hcd 0000:38:00.0: USB bus 3 deregistered
[   69.368448] pcieport 0000:02:02.0: Refused to change power state, currently in D3
[   69.369000] pcieport 0000:02:01.0: Refused to change power state, currently in D3
[   69.870363] pci_bus 0000:03: busn_res: [bus 03] is released
[   69.870392] pci_bus 0000:04: busn_res: [bus 04-37] is released
[   69.873965] pci_bus 0000:38: busn_res: [bus 38] is released
[   69.874031] pci_bus 0000:39: busn_res: [bus 39-6a] is released
[   69.874072] pci_bus 0000:02: busn_res: [bus 02-6a] is released
[  294.187719] wlp107s0: deauthenticating from 78:11:dc:3a:05:03 by local choice (Reason: 3=DEAUTH_LEAVING)
[  296.321002] PM: suspend entry (s2idle)
[  296.321005] PM: Syncing filesystems ... done.
[  296.334840] Freezing user space processes ... (elapsed 0.112 seconds) done.
[  296.447399] OOM killer disabled.
[  296.447401] Freezing remaining freezable tasks ... (elapsed 0.001 seconds) done.
[  296.448778] printk: Suspending console(s) (use no_console_suspend to debug)
[  296.734253] PM: suspend devices took 0.285 seconds
[  300.660743] ideapad_laptop: Unknown event: 10
[  300.993999] nvme nvme0: 8/0/0 default/read/poll queues
[  301.812982] PM: resume devices took 1.037 seconds
[  301.812990] OOM killer enabled.
[  301.812991] Restarting tasks ... done.
[  301.835096] PM: suspend exit
[  305.273907] wlp107s0: authenticate with 78:11:dc:3a:05:03
[  305.283075] wlp107s0: send auth to 78:11:dc:3a:05:03 (try 1/3)
[  305.322654] wlp107s0: authenticated
[  305.323461] wlp107s0: associate with 78:11:dc:3a:05:03 (try 1/3)
[  305.324522] wlp107s0: RX AssocResp from 78:11:dc:3a:05:03 (capab=0x831 status=0 aid=3)
[  305.327608] wlp107s0: associated
[  305.530708] IPv6: ADDRCONF(NETDEV_CHANGE): wlp107s0: link becomes ready
[  343.080803] wlp107s0: deauthenticating from 78:11:dc:3a:05:03 by local choice (Reason: 3=DEAUTH_LEAVING)
[  345.151006] PM: suspend entry (s2idle)
[  345.151007] PM: Syncing filesystems ... done.
[  345.165727] Freezing user space processes ... (elapsed 0.134 seconds) done.
[  345.300643] OOM killer disabled.
[  345.300645] Freezing remaining freezable tasks ... (elapsed 0.001 seconds) done.
[  345.302538] printk: Suspending console(s) (use no_console_suspend to debug)
[  345.624243] PM: suspend devices took 0.322 seconds
[36607.315349] ideapad_laptop: Unknown event: 10
[36607.920716] ACPI: button: The lid device is not compliant to SW_LID.
[36608.139968] nvme nvme0: 8/0/0 default/read/poll queues
[36608.983412] PM: resume devices took 1.063 seconds
[36608.983428] OOM killer enabled.
[36608.983429] Restarting tasks ... done.
[36609.004558] PM: suspend exit
[36616.226884] wlp107s0: authenticate with 78:11:dc:3a:05:03
[36616.236399] wlp107s0: send auth to 78:11:dc:3a:05:03 (try 1/3)
[36616.275615] wlp107s0: authenticated
[36616.278106] wlp107s0: associate with 78:11:dc:3a:05:03 (try 1/3)
[36616.279173] wlp107s0: RX AssocResp from 78:11:dc:3a:05:03 (capab=0x831 status=0 aid=3)
[36616.282649] wlp107s0: associated
[36616.485507] IPv6: ADDRCONF(NETDEV_CHANGE): wlp107s0: link becomes ready
[38627.821288] PM: suspend entry (s2idle)
[38627.821291] PM: Syncing filesystems ... done.
[38627.826097] Freezing user space processes ... (elapsed 0.006 seconds) done.
[38627.832128] OOM killer disabled.
[38627.832130] Freezing remaining freezable tasks ... (elapsed 0.001 seconds) done.
[38627.833885] printk: Suspending console(s) (use no_console_suspend to debug)
[38628.101920] wlp107s0: deauthenticating from 78:11:dc:3a:05:03 by local choice (Reason: 3=DEAUTH_LEAVING)
[38628.587899] PM: suspend devices took 0.754 seconds
[38638.360933] nvme nvme0: 8/0/0 default/read/poll queues
[38639.436453] PM: resume devices took 1.286 seconds
[38639.436459] OOM killer enabled.
[38639.436460] Restarting tasks ... done.
[38639.484592] PM: suspend exit
[38642.683958] wlp107s0: authenticate with 78:11:dc:3a:05:03
[38642.694078] wlp107s0: send auth to 78:11:dc:3a:05:03 (try 1/3)
[38642.735122] wlp107s0: authenticated
[38642.737382] wlp107s0: associate with 78:11:dc:3a:05:03 (try 1/3)
[38642.738460] wlp107s0: RX AssocResp from 78:11:dc:3a:05:03 (capab=0x831 status=0 aid=3)
[38642.741580] wlp107s0: associated
[39003.392107] capability: warning: `turbostat' uses 32-bit capabilities (legacy support in use)
[39025.938477] wlp107s0: deauthenticating from 78:11:dc:3a:05:03 by local choice (Reason: 3=DEAUTH_LEAVING)
[39028.989079] PM: suspend entry (s2idle)
[39028.989081] PM: Syncing filesystems ... done.
[39029.004359] Freezing user space processes ... (elapsed 0.003 seconds) done.
[39029.007983] OOM killer disabled.
[39029.007984] Freezing remaining freezable tasks ... (elapsed 0.001 seconds) done.
[39029.009460] printk: Suspending console(s) (use no_console_suspend to debug)
[39029.293780] PM: suspend devices took 0.285 seconds
[39032.137552] ideapad_laptop: Unknown event: 10
[39032.469689] nvme nvme0: 8/0/0 default/read/poll queues
[39032.478052] PM: resume devices took 0.227 seconds
[39032.478068] OOM killer enabled.
[39032.478069] Restarting tasks ... done.
[39032.506940] PM: suspend exit
[39036.008801] wlp107s0: authenticate with 78:11:dc:3a:05:03
[39036.019046] wlp107s0: send auth to 78:11:dc:3a:05:03 (try 1/3)
[39036.058513] wlp107s0: authenticated
[39036.059193] wlp107s0: associate with 78:11:dc:3a:05:03 (try 1/3)
[39036.060337] wlp107s0: RX AssocResp from 78:11:dc:3a:05:03 (capab=0x831 status=0 aid=3)
[39036.064007] wlp107s0: associated
[39036.265397] IPv6: ADDRCONF(NETDEV_CHANGE): wlp107s0: link becomes ready
[39110.480598] PM: suspend entry (s2idle)
[39110.480603] PM: Syncing filesystems ... done.
[39110.491731] Freezing user space processes ... (elapsed 0.005 seconds) done.
[39110.497335] OOM killer disabled.
[39110.497336] Freezing remaining freezable tasks ... (elapsed 0.001 seconds) done.
[39110.499226] printk: Suspending console(s) (use no_console_suspend to debug)
[39110.768189] wlp107s0: deauthenticating from 78:11:dc:3a:05:03 by local choice (Reason: 3=DEAUTH_LEAVING)
[39111.257620] PM: suspend devices took 0.760 seconds
[39120.252020] nvme nvme0: 8/0/0 default/read/poll queues
[39120.318368] PM: resume devices took 0.284 seconds
[39120.318375] OOM killer enabled.
[39120.318376] Restarting tasks ... done.
[39120.361940] PM: suspend exit
[39123.653928] wlp107s0: authenticate with 78:11:dc:3a:05:03
[39123.662372] wlp107s0: send auth to 78:11:dc:3a:05:03 (try 1/3)
[39123.701864] wlp107s0: authenticated
[39123.702991] wlp107s0: associate with 78:11:dc:3a:05:03 (try 1/3)
[39123.703964] wlp107s0: RX AssocResp from 78:11:dc:3a:05:03 (capab=0x831 status=0 aid=3)
[39123.706621] wlp107s0: associated
[39471.746201] wlp107s0: deauthenticating from 78:11:dc:3a:05:03 by local choice (Reason: 3=DEAUTH_LEAVING)
[39476.050474] PM: suspend entry (s2idle)
[39476.050476] PM: Syncing filesystems ... done.
[39476.107011] Freezing user space processes ... (elapsed 0.005 seconds) done.
[39476.112202] OOM killer disabled.
[39476.112204] Freezing remaining freezable tasks ... (elapsed 0.001 seconds) done.
[39476.113570] printk: Suspending console(s) (use no_console_suspend to debug)
[39476.437340] PM: suspend devices took 0.324 seconds
[39477.967312] ideapad_laptop: Unknown event: 10
[39478.298970] nvme nvme0: 8/0/0 default/read/poll queues
[39478.306920] PM: resume devices took 0.227 seconds
[39478.306935] OOM killer enabled.
[39478.306936] Restarting tasks ... done.
[39478.336443] PM: suspend exit
[39481.863177] wlp107s0: authenticate with 78:11:dc:3a:05:03
[39481.873625] wlp107s0: send auth to 78:11:dc:3a:05:03 (try 1/3)
[39481.913001] wlp107s0: authenticated
[39481.913507] wlp107s0: associate with 78:11:dc:3a:05:03 (try 1/3)
[39481.914520] wlp107s0: RX AssocResp from 78:11:dc:3a:05:03 (capab=0x831 status=0 aid=3)
[39481.917308] wlp107s0: associated
[39482.119537] IPv6: ADDRCONF(NETDEV_CHANGE): wlp107s0: link becomes ready
[39572.395964] wlp107s0: deauthenticating from 78:11:dc:3a:05:03 by local choice (Reason: 3=DEAUTH_LEAVING)
[39574.882757] ideapad_laptop: Unknown event: 10
[39575.355818] PM: suspend entry (s2idle)
[39575.355822] PM: Syncing filesystems ... done.
[39575.363736] Freezing user space processes ... (elapsed 0.572 seconds) done.
[39575.936334] OOM killer disabled.
[39575.936336] Freezing remaining freezable tasks ... (elapsed 0.001 seconds) done.
[39575.938007] printk: Suspending console(s) (use no_console_suspend to debug)
[39576.398219] PM: suspend devices took 0.460 seconds
[39578.428670] nvme nvme0: 8/0/0 default/read/poll queues
[39578.490724] PM: resume devices took 0.280 seconds
[39578.490726] OOM killer enabled.
[39578.490727] Restarting tasks ... done.
[39578.517948] PM: suspend exit
[39581.933136] wlp107s0: authenticate with 78:11:dc:3a:05:03
[39581.941743] wlp107s0: send auth to 78:11:dc:3a:05:03 (try 1/3)
[39581.980739] wlp107s0: authenticated
[39581.980937] wlp107s0: associate with 78:11:dc:3a:05:03 (try 1/3)
[39581.981891] wlp107s0: RX AssocResp from 78:11:dc:3a:05:03 (capab=0x831 status=0 aid=3)
[39581.984393] wlp107s0: associated
[39582.185789] IPv6: ADDRCONF(NETDEV_CHANGE): wlp107s0: link becomes ready
[39784.345363] PM: suspend entry (s2idle)
[39784.345368] PM: Syncing filesystems ... done.
[39784.395886] PM: Preparing system for sleep (s2idle)
[39784.399490] Freezing user space processes ... (elapsed 0.011 seconds) done.
[39784.411269] OOM killer disabled.
[39784.411270] Freezing remaining freezable tasks ... (elapsed 0.001 seconds) done.
[39784.413118] PM: Suspending system (s2idle)
[39784.413121] printk: Suspending console(s) (use no_console_suspend to debug)
[39784.670665] wlp107s0: deauthenticating from 78:11:dc:3a:05:03 by local choice (Reason: 3=DEAUTH_LEAVING)
[39785.175470] PM: suspend of devices complete after 553.095 msecs
[39785.175474] PM: suspend devices took 0.763 seconds
[39785.301107] PM: late suspend of devices complete after 125.666 msecs
[39785.303448] PM: suspend-to-idle
[39785.336621] PM: noirq suspend of devices complete after 33.004 msecs
[39794.303042] PM: Timekeeping suspended for 8.526 seconds
[39794.303261] ACPI: \_PR_.PR00: LPI: Device not power manageable
[39794.303267] ACPI: \_PR_.PR01: LPI: Device not power manageable
[39794.303270] ACPI: \_PR_.PR02: LPI: Device not power manageable
[39794.303273] ACPI: \_PR_.PR03: LPI: Device not power manageable
[39794.303276] ACPI: \_PR_.PR04: LPI: Device not power manageable
[39794.303278] ACPI: \_PR_.PR05: LPI: Device not power manageable
[39794.303281] ACPI: \_PR_.PR06: LPI: Device not power manageable
[39794.303283] ACPI: \_PR_.PR07: LPI: Device not power manageable
[39794.303287] ACPI: \_SB_.PCI0.GFX0: LPI: Device not power manageable
[39794.303296] ACPI: \_SB_.PCI0.RP05.PXSX: LPI: Device not power manageable
[39794.303299] ACPI: \_SB_.PCI0.RP09.PXSX: LPI: Device not power manageable
[39794.328242] PM: noirq resume of devices complete after 24.933 msecs
[39794.328388] PM: resume from suspend-to-idle
[39794.436725] PM: early resume of devices complete after 106.376 msecs
[39794.654835] nvme nvme0: 8/0/0 default/read/poll queues
[39795.720415] PM: resume of devices complete after 1284.128 msecs
[39795.721548] PM: resume devices took 1.285 seconds
[39795.721554] PM: Finishing wakeup.
[39795.721556] OOM killer enabled.
[39795.721557] Restarting tasks ... done.
[39795.764151] PM: suspend exit
[39799.083505] wlp107s0: authenticate with 78:11:dc:3a:05:03
[39799.093221] wlp107s0: send auth to 78:11:dc:3a:05:03 (try 1/3)
[39799.135245] wlp107s0: authenticated
[39799.136012] wlp107s0: associate with 78:11:dc:3a:05:03 (try 1/3)
[39799.137005] wlp107s0: RX AssocResp from 78:11:dc:3a:05:03 (capab=0x831 status=0 aid=3)
[39799.140189] wlp107s0: associated
[39799.285373] iwlwifi 0000:6b:00.0: Unhandled alg: 0x707
