[    0.000000] Linux version 5.1.0-0.rc5.git2.1.vanilla.knurd.1.fc29.x86_64 (mockbuild@buildvm-11.phx2.fedoraproject.org) (gcc version 8.3.1 20190223 (Red Hat 8.3.1-2) (GCC)) #1 SMP Wed Apr 17 20:15:07 UTC 2019
[    0.000000] Command line: BOOT_IMAGE=/vmlinuz-5.1.0-0.rc5.git2.1.vanilla.knurd.1.fc29.x86_64 root=/dev/mapper/fedora-root ro resume=/dev/mapper/fedora-swap rd.lvm.lv=fedora/root rd.luks.uuid=luks-2fa18852-37cb-41cb-86ea-41766c499859 rd.lvm.lv=fedora/swap rhgb quiet acpi.ec_no_wakeup=1
[    0.000000] x86/fpu: Supporting XSAVE feature 0x001: 'x87 floating point registers'
[    0.000000] x86/fpu: Supporting XSAVE feature 0x002: 'SSE registers'
[    0.000000] x86/fpu: Supporting XSAVE feature 0x004: 'AVX registers'
[    0.000000] x86/fpu: Supporting XSAVE feature 0x008: 'MPX bounds registers'
[    0.000000] x86/fpu: Supporting XSAVE feature 0x010: 'MPX CSR'
[    0.000000] x86/fpu: xstate_offset[2]:  576, xstate_sizes[2]:  256
[    0.000000] x86/fpu: xstate_offset[3]:  832, xstate_sizes[3]:   64
[    0.000000] x86/fpu: xstate_offset[4]:  896, xstate_sizes[4]:   64
[    0.000000] x86/fpu: Enabled xstate features 0x1f, context size is 960 bytes, using 'compacted' format.
[    0.000000] BIOS-provided physical RAM map:
[    0.000000] BIOS-e820: [mem 0x0000000000000000-0x0000000000057fff] usable
[    0.000000] BIOS-e820: [mem 0x0000000000058000-0x0000000000058fff] reserved
[    0.000000] BIOS-e820: [mem 0x0000000000059000-0x000000000009dfff] usable
[    0.000000] BIOS-e820: [mem 0x000000000009e000-0x00000000000fffff] reserved
[    0.000000] BIOS-e820: [mem 0x0000000000100000-0x0000000016f6dfff] usable
[    0.000000] BIOS-e820: [mem 0x0000000016f6e000-0x0000000016f6efff] ACPI NVS
[    0.000000] BIOS-e820: [mem 0x0000000016f6f000-0x0000000016f6ffff] reserved
[    0.000000] BIOS-e820: [mem 0x0000000016f70000-0x0000000018387fff] usable
[    0.000000] BIOS-e820: [mem 0x0000000018388000-0x0000000018c87fff] reserved
[    0.000000] BIOS-e820: [mem 0x0000000018c88000-0x000000002ee9dfff] usable
[    0.000000] BIOS-e820: [mem 0x000000002ee9e000-0x000000002f88dfff] reserved
[    0.000000] BIOS-e820: [mem 0x000000002f88e000-0x000000002ff7dfff] ACPI NVS
[    0.000000] BIOS-e820: [mem 0x000000002ff7e000-0x000000002fffdfff] ACPI data
[    0.000000] BIOS-e820: [mem 0x000000002fffe000-0x000000002fffefff] usable
[    0.000000] BIOS-e820: [mem 0x000000002ffff000-0x000000003cffffff] reserved
[    0.000000] BIOS-e820: [mem 0x00000000e0000000-0x00000000efffffff] reserved
[    0.000000] BIOS-e820: [mem 0x00000000fd000000-0x00000000fe7fffff] reserved
[    0.000000] BIOS-e820: [mem 0x00000000fec00000-0x00000000fec00fff] reserved
[    0.000000] BIOS-e820: [mem 0x00000000fed00000-0x00000000fed00fff] reserved
[    0.000000] BIOS-e820: [mem 0x00000000fed10000-0x00000000fed19fff] reserved
[    0.000000] BIOS-e820: [mem 0x00000000fed84000-0x00000000fed84fff] reserved
[    0.000000] BIOS-e820: [mem 0x00000000fee00000-0x00000000fee00fff] reserved
[    0.000000] BIOS-e820: [mem 0x00000000ffa00000-0x00000000ffffffff] reserved
[    0.000000] BIOS-e820: [mem 0x0000000100000000-0x00000004c1ffffff] usable
[    0.000000] NX (Execute Disable) protection: active
[    0.000000] e820: update [mem 0x14b47018-0x14b57057] usable ==> usable
[    0.000000] e820: update [mem 0x14b47018-0x14b57057] usable ==> usable
[    0.000000] extended physical RAM map:
[    0.000000] reserve setup_data: [mem 0x0000000000000000-0x0000000000057fff] usable
[    0.000000] reserve setup_data: [mem 0x0000000000058000-0x0000000000058fff] reserved
[    0.000000] reserve setup_data: [mem 0x0000000000059000-0x000000000009dfff] usable
[    0.000000] reserve setup_data: [mem 0x000000000009e000-0x00000000000fffff] reserved
[    0.000000] reserve setup_data: [mem 0x0000000000100000-0x0000000014b47017] usable
[    0.000000] reserve setup_data: [mem 0x0000000014b47018-0x0000000014b57057] usable
[    0.000000] reserve setup_data: [mem 0x0000000014b57058-0x0000000016f6dfff] usable
[    0.000000] reserve setup_data: [mem 0x0000000016f6e000-0x0000000016f6efff] ACPI NVS
[    0.000000] reserve setup_data: [mem 0x0000000016f6f000-0x0000000016f6ffff] reserved
[    0.000000] reserve setup_data: [mem 0x0000000016f70000-0x0000000018387fff] usable
[    0.000000] reserve setup_data: [mem 0x0000000018388000-0x0000000018c87fff] reserved
[    0.000000] reserve setup_data: [mem 0x0000000018c88000-0x000000002ee9dfff] usable
[    0.000000] reserve setup_data: [mem 0x000000002ee9e000-0x000000002f88dfff] reserved
[    0.000000] reserve setup_data: [mem 0x000000002f88e000-0x000000002ff7dfff] ACPI NVS
[    0.000000] reserve setup_data: [mem 0x000000002ff7e000-0x000000002fffdfff] ACPI data
[    0.000000] reserve setup_data: [mem 0x000000002fffe000-0x000000002fffefff] usable
[    0.000000] reserve setup_data: [mem 0x000000002ffff000-0x000000003cffffff] reserved
[    0.000000] reserve setup_data: [mem 0x00000000e0000000-0x00000000efffffff] reserved
[    0.000000] reserve setup_data: [mem 0x00000000fd000000-0x00000000fe7fffff] reserved
[    0.000000] reserve setup_data: [mem 0x00000000fec00000-0x00000000fec00fff] reserved
[    0.000000] reserve setup_data: [mem 0x00000000fed00000-0x00000000fed00fff] reserved
[    0.000000] reserve setup_data: [mem 0x00000000fed10000-0x00000000fed19fff] reserved
[    0.000000] reserve setup_data: [mem 0x00000000fed84000-0x00000000fed84fff] reserved
[    0.000000] reserve setup_data: [mem 0x00000000fee00000-0x00000000fee00fff] reserved
[    0.000000] reserve setup_data: [mem 0x00000000ffa00000-0x00000000ffffffff] reserved
[    0.000000] reserve setup_data: [mem 0x0000000100000000-0x00000004c1ffffff] usable
[    0.000000] efi: EFI v2.50 by INSYDE Corp.
[    0.000000] efi:  ACPI 2.0=0x2fffd014  SMBIOS=0x2f112000  SMBIOS 3.0=0x2f110000  ESRT=0x2f10e698  MEMATTR=0x1f946018  TPMEventLog=0x18c95018 
[    0.000000] SMBIOS 3.0.0 present.
[    0.000000] DMI: LENOVO 81C4/LNVNB161216, BIOS 8GCN32WW 10/09/2018
[    0.000000] tsc: Detected 2000.000 MHz processor
[    0.000905] tsc: Detected 1992.000 MHz TSC
[    0.000905] e820: update [mem 0x00000000-0x00000fff] usable ==> reserved
[    0.000906] e820: remove [mem 0x000a0000-0x000fffff] usable
[    0.000911] last_pfn = 0x4c2000 max_arch_pfn = 0x400000000
[    0.000916] MTRR default type: write-back
[    0.000916] MTRR fixed ranges enabled:
[    0.000917]   00000-9FFFF write-back
[    0.000917]   A0000-BFFFF uncachable
[    0.000918]   C0000-FFFFF write-protect
[    0.000918] MTRR variable ranges enabled:
[    0.000919]   0 base 0080000000 mask 7F80000000 uncachable
[    0.000919]   1 base 0040000000 mask 7FC0000000 uncachable
[    0.000920]   2 base 003C000000 mask 7FFC000000 uncachable
[    0.000920]   3 base 003A000000 mask 7FFE000000 uncachable
[    0.000920]   4 base 0039000000 mask 7FFF000000 uncachable
[    0.000921]   5 base 0038800000 mask 7FFF800000 uncachable
[    0.000921]   6 base 2000000000 mask 7000000000 uncachable
[    0.000922]   7 disabled
[    0.000922]   8 disabled
[    0.000922]   9 disabled
[    0.002068] x86/PAT: Configuration [0-7]: WB  WC  UC- UC  WB  WP  UC- WT  
[    0.002197] last_pfn = 0x2ffff max_arch_pfn = 0x400000000
[    0.007458] esrt: Reserving ESRT space from 0x000000002f10e698 to 0x000000002f10e720.
[    0.007464] Using GB pages for direct mapping
[    0.007465] BRK [0x3dfe01000, 0x3dfe01fff] PGTABLE
[    0.007466] BRK [0x3dfe02000, 0x3dfe02fff] PGTABLE
[    0.007466] BRK [0x3dfe03000, 0x3dfe03fff] PGTABLE
[    0.007488] BRK [0x3dfe04000, 0x3dfe04fff] PGTABLE
[    0.007489] BRK [0x3dfe05000, 0x3dfe05fff] PGTABLE
[    0.007567] BRK [0x3dfe06000, 0x3dfe06fff] PGTABLE
[    0.007604] BRK [0x3dfe07000, 0x3dfe07fff] PGTABLE
[    0.007624] BRK [0x3dfe08000, 0x3dfe08fff] PGTABLE
[    0.007645] BRK [0x3dfe09000, 0x3dfe09fff] PGTABLE
[    0.007669] BRK [0x3dfe0a000, 0x3dfe0afff] PGTABLE
[    0.007697] Secure boot disabled
[    0.007702] RAMDISK: [mem 0x07bce000-0x0934dfff]
[    0.007709] ACPI: Early table checksum verification disabled
[    0.007711] ACPI: RSDP 0x000000002FFFD014 000024 (v02 LENOVO)
[    0.007713] ACPI: XSDT 0x000000002FFB7188 00012C (v01 LENOVO CB-01    00000001      01000013)
[    0.007717] ACPI: FACP 0x000000002FFEE000 00010C (v05 LENOVO CB-01    00000001 ACPI 00040000)
[    0.007720] ACPI: DSDT 0x000000002FFBD000 02D146 (v02 LENOVO CB-01    00000001 ACPI 00040000)
[    0.007721] ACPI: FACS 0x000000002FF56000 000040
[    0.007723] ACPI: UEFI 0x000000002FFFC000 000236 (v01 LENOVO CB-01    00000001 ACPI 00040000)
[    0.007724] ACPI: UEFI 0x000000002FFFB000 000042 (v01 LENOVO CB-01    00000001 ACPI 00040000)
[    0.007725] ACPI: MSDM 0x000000002FFFA000 000055 (v03 LENOVO CB-01    00000001 ACPI 00040000)
[    0.007727] ACPI: SSDT 0x000000002FFF9000 0004C3 (v02 LENOVO CB-01    00000001 ACPI 00040000)
[    0.007728] ACPI: SSDT 0x000000002FFF8000 000046 (v02 LENOVO CB-01    00000001 ACPI 00040000)
[    0.007729] ACPI: TPM2 0x000000002FFF7000 000034 (v03 LENOVO CB-01    00000001 ACPI 00040000)
[    0.007731] ACPI: SSDT 0x000000002FFF3000 003138 (v02 LENOVO CB-01    00000001 ACPI 00040000)
[    0.007732] ACPI: ASF! 0x000000002FFF2000 0000A5 (v32 LENOVO CB-01    00000001 ACPI 00040000)
[    0.007734] ACPI: ASPT 0x000000002FFF1000 000034 (v07 LENOVO CB-01    00000001 ACPI 00040000)
[    0.007735] ACPI: BOOT 0x000000002FFF0000 000028 (v01 LENOVO CB-01    00000001 ACPI 00040000)
[    0.007736] ACPI: DBGP 0x000000002FFEF000 000034 (v01 LENOVO CB-01    00000001 ACPI 00040000)
[    0.007738] ACPI: HPET 0x000000002FFED000 000038 (v01 LENOVO CB-01    00000001 ACPI 00040000)
[    0.007739] ACPI: APIC 0x000000002FFEC000 00012C (v03 LENOVO CB-01    00000001 ACPI 00040000)
[    0.007741] ACPI: MCFG 0x000000002FFEB000 00003C (v01 LENOVO CB-01    00000001 ACPI 00040000)
[    0.007742] ACPI: SSDT 0x000000002FFBC000 000A72 (v02 LENOVO CB-01    00000001 ACPI 00040000)
[    0.007743] ACPI: LPIT 0x000000002FFBB000 000094 (v01 LENOVO CB-01    00000001 ACPI 00040000)
[    0.007745] ACPI: WSMT 0x000000002FFBA000 000028 (v01 LENOVO CB-01    00000001 ACPI 00040000)
[    0.007746] ACPI: SSDT 0x000000002FFB9000 00029F (v02 LENOVO CB-01    00000001 ACPI 00040000)
[    0.007747] ACPI: SSDT 0x000000002FFB8000 000346 (v01 LENOVO CB-01    00000001 ACPI 00040000)
[    0.007749] ACPI: SSDT 0x000000002FFB3000 003002 (v02 LENOVO CB-01    00000001 ACPI 00040000)
[    0.007750] ACPI: SSDT 0x000000002FFB2000 0002E9 (v02 LENOVO CB-01    00000001 ACPI 00040000)
[    0.007751] ACPI: SSDT 0x000000002FFB1000 00051E (v02 LENOVO CB-01    00000001 ACPI 00040000)
[    0.007753] ACPI: DBGP 0x000000002FFB0000 000034 (v01 LENOVO CB-01    00000001 ACPI 00040000)
[    0.007754] ACPI: DBG2 0x000000002FFAF000 000054 (v00 LENOVO CB-01    00000001 ACPI 00040000)
[    0.007755] ACPI: SSDT 0x000000002FFAE000 000F94 (v02 LENOVO CB-01    00000001 ACPI 00040000)
[    0.007757] ACPI: SSDT 0x000000002FFAC000 0017AE (v02 LENOVO CB-01    00000001 ACPI 00040000)
[    0.007758] ACPI: SSDT 0x000000002FFA6000 00593F (v02 LENOVO CB-01    00000001 ACPI 00040000)
[    0.007760] ACPI: SSDT 0x000000002FF9E000 007830 (v02 LENOVO CB-01    00000001 ACPI 00040000)
[    0.007761] ACPI: DMAR 0x000000002FF9D000 000138 (v01 LENOVO CB-01    00000001 ACPI 00040000)
[    0.007762] ACPI: NHLT 0x000000002FF9B000 0017F0 (v00 LENOVO CB-01    00000001 ACPI 00040000)
[    0.007764] ACPI: FPDT 0x000000002FF9A000 000044 (v01 LENOVO CB-01    00000001 ACPI 00040000)
[    0.007765] ACPI: BGRT 0x000000002FF99000 000038 (v01 LENOVO CB-01    00000001 ACPI 00040000)
[    0.007770] ACPI: Local APIC address 0xfee00000
[    0.007924] No NUMA configuration found
[    0.007925] Faking a node at [mem 0x0000000000000000-0x00000004c1ffffff]
[    0.007930] NODE_DATA(0) allocated [mem 0x4c1fd5000-0x4c1ffffff]
[    0.043198] Zone ranges:
[    0.043199]   DMA      [mem 0x0000000000001000-0x0000000000ffffff]
[    0.043199]   DMA32    [mem 0x0000000001000000-0x00000000ffffffff]
[    0.043200]   Normal   [mem 0x0000000100000000-0x00000004c1ffffff]
[    0.043201]   Device   empty
[    0.043201] Movable zone start for each node
[    0.043203] Early memory node ranges
[    0.043204]   node   0: [mem 0x0000000000001000-0x0000000000057fff]
[    0.043204]   node   0: [mem 0x0000000000059000-0x000000000009dfff]
[    0.043204]   node   0: [mem 0x0000000000100000-0x0000000016f6dfff]
[    0.043205]   node   0: [mem 0x0000000016f70000-0x0000000018387fff]
[    0.043205]   node   0: [mem 0x0000000018c88000-0x000000002ee9dfff]
[    0.043205]   node   0: [mem 0x000000002fffe000-0x000000002fffefff]
[    0.043206]   node   0: [mem 0x0000000100000000-0x00000004c1ffffff]
[    0.043272] Zeroed struct page in unavailable ranges: 6855 pages
[    0.043272] Initmem setup node 0 [mem 0x0000000000001000-0x00000004c1ffffff]
[    0.043273] On node 0 totalpages: 4130105
[    0.043274]   DMA zone: 64 pages used for memmap
[    0.043274]   DMA zone: 21 pages reserved
[    0.043274]   DMA zone: 3996 pages, LIFO batch:0
[    0.043346]   DMA32 zone: 2903 pages used for memmap
[    0.043346]   DMA32 zone: 185757 pages, LIFO batch:63
[    0.047556]   Normal zone: 61568 pages used for memmap
[    0.047556]   Normal zone: 3940352 pages, LIFO batch:63
[    0.106797] Reserving Intel graphics memory at [mem 0x39000000-0x3cffffff]
[    0.106995] ACPI: PM-Timer IO Port: 0x1808
[    0.106996] ACPI: Local APIC address 0xfee00000
[    0.107000] ACPI: LAPIC_NMI (acpi_id[0x01] high edge lint[0x1])
[    0.107001] ACPI: LAPIC_NMI (acpi_id[0x02] high edge lint[0x1])
[    0.107001] ACPI: LAPIC_NMI (acpi_id[0x03] high edge lint[0x1])
[    0.107001] ACPI: LAPIC_NMI (acpi_id[0x04] high edge lint[0x1])
[    0.107002] ACPI: LAPIC_NMI (acpi_id[0x05] high edge lint[0x1])
[    0.107002] ACPI: LAPIC_NMI (acpi_id[0x06] high edge lint[0x1])
[    0.107002] ACPI: LAPIC_NMI (acpi_id[0x07] high edge lint[0x1])
[    0.107003] ACPI: LAPIC_NMI (acpi_id[0x08] high edge lint[0x1])
[    0.107003] ACPI: LAPIC_NMI (acpi_id[0x09] high edge lint[0x1])
[    0.107003] ACPI: LAPIC_NMI (acpi_id[0x0a] high edge lint[0x1])
[    0.107003] ACPI: LAPIC_NMI (acpi_id[0x0b] high edge lint[0x1])
[    0.107004] ACPI: LAPIC_NMI (acpi_id[0x0c] high edge lint[0x1])
[    0.107004] ACPI: LAPIC_NMI (acpi_id[0x0d] high edge lint[0x1])
[    0.107004] ACPI: LAPIC_NMI (acpi_id[0x0e] high edge lint[0x1])
[    0.107005] ACPI: LAPIC_NMI (acpi_id[0x0f] high edge lint[0x1])
[    0.107005] ACPI: LAPIC_NMI (acpi_id[0x10] high edge lint[0x1])
[    0.107031] IOAPIC[0]: apic_id 2, version 32, address 0xfec00000, GSI 0-119
[    0.107032] ACPI: INT_SRC_OVR (bus 0 bus_irq 0 global_irq 2 dfl dfl)
[    0.107033] ACPI: INT_SRC_OVR (bus 0 bus_irq 9 global_irq 9 high level)
[    0.107034] ACPI: IRQ0 used by override.
[    0.107034] ACPI: IRQ9 used by override.
[    0.107035] Using ACPI (MADT) for SMP configuration information
[    0.107036] ACPI: HPET id: 0x8086a201 base: 0xfed00000
[    0.107040] smpboot: Allowing 8 CPUs, 0 hotplug CPUs
[    0.107053] PM: Registered nosave memory: [mem 0x00000000-0x00000fff]
[    0.107054] PM: Registered nosave memory: [mem 0x00058000-0x00058fff]
[    0.107055] PM: Registered nosave memory: [mem 0x0009e000-0x000fffff]
[    0.107056] PM: Registered nosave memory: [mem 0x14b47000-0x14b47fff]
[    0.107056] PM: Registered nosave memory: [mem 0x14b57000-0x14b57fff]
[    0.107057] PM: Registered nosave memory: [mem 0x16f6e000-0x16f6efff]
[    0.107058] PM: Registered nosave memory: [mem 0x16f6f000-0x16f6ffff]
[    0.107058] PM: Registered nosave memory: [mem 0x18388000-0x18c87fff]
[    0.107059] PM: Registered nosave memory: [mem 0x2ee9e000-0x2f88dfff]
[    0.107060] PM: Registered nosave memory: [mem 0x2f88e000-0x2ff7dfff]
[    0.107060] PM: Registered nosave memory: [mem 0x2ff7e000-0x2fffdfff]
[    0.107061] PM: Registered nosave memory: [mem 0x2ffff000-0x3cffffff]
[    0.107061] PM: Registered nosave memory: [mem 0x3d000000-0xdfffffff]
[    0.107061] PM: Registered nosave memory: [mem 0xe0000000-0xefffffff]
[    0.107062] PM: Registered nosave memory: [mem 0xf0000000-0xfcffffff]
[    0.107062] PM: Registered nosave memory: [mem 0xfd000000-0xfe7fffff]
[    0.107062] PM: Registered nosave memory: [mem 0xfe800000-0xfebfffff]
[    0.107063] PM: Registered nosave memory: [mem 0xfec00000-0xfec00fff]
[    0.107063] PM: Registered nosave memory: [mem 0xfec01000-0xfecfffff]
[    0.107063] PM: Registered nosave memory: [mem 0xfed00000-0xfed00fff]
[    0.107063] PM: Registered nosave memory: [mem 0xfed01000-0xfed0ffff]
[    0.107064] PM: Registered nosave memory: [mem 0xfed10000-0xfed19fff]
[    0.107064] PM: Registered nosave memory: [mem 0xfed1a000-0xfed83fff]
[    0.107064] PM: Registered nosave memory: [mem 0xfed84000-0xfed84fff]
[    0.107064] PM: Registered nosave memory: [mem 0xfed85000-0xfedfffff]
[    0.107065] PM: Registered nosave memory: [mem 0xfee00000-0xfee00fff]
[    0.107065] PM: Registered nosave memory: [mem 0xfee01000-0xff9fffff]
[    0.107065] PM: Registered nosave memory: [mem 0xffa00000-0xffffffff]
[    0.107066] [mem 0x3d000000-0xdfffffff] available for PCI devices
[    0.107067] Booting paravirtualized kernel on bare hardware
[    0.107069] clocksource: refined-jiffies: mask: 0xffffffff max_cycles: 0xffffffff, max_idle_ns: 1910969940391419 ns
[    0.179305] random: get_random_bytes called from start_kernel+0x94/0x503 with crng_init=0
[    0.179310] setup_percpu: NR_CPUS:64 nr_cpumask_bits:64 nr_cpu_ids:8 nr_node_ids:1
[    0.179481] percpu: Embedded 45 pages/cpu @(____ptrval____) s147456 r8192 d28672 u262144
[    0.179485] pcpu-alloc: s147456 r8192 d28672 u262144 alloc=1*2097152
[    0.179485] pcpu-alloc: [0] 0 1 2 3 4 5 6 7 
[    0.179498] Built 1 zonelists, mobility grouping on.  Total pages: 4065549
[    0.179498] Policy zone: Normal
[    0.179499] Kernel command line: BOOT_IMAGE=/vmlinuz-5.1.0-0.rc5.git2.1.vanilla.knurd.1.fc29.x86_64 root=/dev/mapper/fedora-root ro resume=/dev/mapper/fedora-swap rd.lvm.lv=fedora/root rd.luks.uuid=luks-2fa18852-37cb-41cb-86ea-41766c499859 rd.lvm.lv=fedora/swap rhgb quiet acpi.ec_no_wakeup=1
[    0.222669] Memory: 16105220K/16520420K available (12291K kernel code, 1438K rwdata, 4060K rodata, 2184K init, 4788K bss, 415200K reserved, 0K cma-reserved)
[    0.222756] SLUB: HWalign=64, Order=0-3, MinObjects=0, CPUs=8, Nodes=1
[    0.222764] Kernel/User page tables isolation: enabled
[    0.222774] ftrace: allocating 39053 entries in 153 pages
[    0.233576] rcu: Hierarchical RCU implementation.
[    0.233576] rcu: 	RCU restricting CPUs from NR_CPUS=64 to nr_cpu_ids=8.
[    0.233577] 	Tasks RCU enabled.
[    0.233577] rcu: RCU calculated value of scheduler-enlistment delay is 100 jiffies.
[    0.233578] rcu: Adjusting geometry for rcu_fanout_leaf=16, nr_cpu_ids=8
[    0.235236] NR_IRQS: 4352, nr_irqs: 2048, preallocated irqs: 16
[    0.235401] rcu: 	Offload RCU callbacks from CPUs: (none).
[    0.235519] Console: colour dummy device 80x25
[    0.235523] printk: console [tty0] enabled
[    0.235534] ACPI: Core revision 20190215
[    0.235930] clocksource: hpet: mask: 0xffffffff max_cycles: 0xffffffff, max_idle_ns: 79635855245 ns
[    0.235959] hpet clockevent registered
[    0.236031] APIC: Switch to symmetric I/O mode setup
[    0.236032] DMAR: Host address width 39
[    0.236033] DMAR: DRHD base: 0x000000fed90000 flags: 0x0
[    0.236038] DMAR: dmar0: reg_base_addr fed90000 ver 1:0 cap 1c0000c40660462 ecap 19e2ff0505e
[    0.236038] DMAR: DRHD base: 0x000000fed91000 flags: 0x1
[    0.236041] DMAR: dmar1: reg_base_addr fed91000 ver 1:0 cap d2008c40660462 ecap f050da
[    0.236042] DMAR: RMRR base: 0x0000002f755000 end: 0x0000002f774fff
[    0.236042] DMAR: RMRR base: 0x00000038800000 end: 0x0000003cffffff
[    0.236043] DMAR: ANDD device: 1 name: \_SB.PCI0.I2C0
[    0.236043] DMAR: ANDD device: 2 name: \_SB.PCI0.I2C1
[    0.236044] DMAR: ANDD device: 4 name: \_SB.PCI0.I2C3
[    0.236044] DMAR: ANDD device: b name: \_SB.PCI0.UA02
[    0.236045] DMAR-IR: IOAPIC id 2 under DRHD base  0xfed91000 IOMMU 1
[    0.236046] DMAR-IR: HPET id 0 under DRHD base 0xfed91000
[    0.236046] DMAR-IR: Queued invalidation will be enabled to support x2apic and Intr-remapping.
[    0.237724] DMAR-IR: Enabled IRQ remapping in x2apic mode
[    0.237725] x2apic enabled
[    0.237737] Switched APIC routing to cluster x2apic.
[    0.241920] ..TIMER: vector=0x30 apic1=0 pin1=2 apic2=-1 pin2=-1
[    0.245969] clocksource: tsc-early: mask: 0xffffffffffffffff max_cycles: 0x396d519840e, max_idle_ns: 881590569543 ns
[    0.245996] Calibrating delay loop (skipped), value calculated using timer frequency.. 3984.00 BogoMIPS (lpj=1992000)
[    0.245997] pid_max: default: 32768 minimum: 301
[    0.247812] LSM: Security Framework initializing
[    0.247986] Yama: becoming mindful.
[    0.247993] SELinux:  Initializing.
[    0.248003] *** VALIDATE SELinux ***
[    0.250023] Dentry cache hash table entries: 2097152 (order: 12, 16777216 bytes)
[    0.251107] Inode-cache hash table entries: 1048576 (order: 11, 8388608 bytes)
[    0.251147] Mount-cache hash table entries: 32768 (order: 6, 262144 bytes)
[    0.251176] Mountpoint-cache hash table entries: 32768 (order: 6, 262144 bytes)
[    0.251298] *** VALIDATE proc ***
[    0.251327] *** VALIDATE cgroup1 ***
[    0.251327] *** VALIDATE cgroup2 ***
[    0.251361] ENERGY_PERF_BIAS: Set to 'normal', was 'performance'
[    0.251362] ENERGY_PERF_BIAS: View and update with x86_energy_perf_policy(8)
[    0.251370] mce: CPU supports 10 MCE banks
[    0.251378] mce: CPU0: Thermal monitoring enabled (TM1)
[    0.251391] process: using mwait in idle threads
[    0.251393] Last level iTLB entries: 4KB 64, 2MB 8, 4MB 8
[    0.251393] Last level dTLB entries: 4KB 64, 2MB 0, 4MB 0, 1GB 4
[    0.251394] Spectre V2 : Mitigation: Full generic retpoline
[    0.251395] Spectre V2 : Spectre v2 / SpectreRSB mitigation: Filling RSB on context switch
[    0.251395] Spectre V2 : Enabling Restricted Speculation for firmware calls
[    0.251400] Spectre V2 : mitigation: Enabling conditional Indirect Branch Prediction Barrier
[    0.251401] Spectre V2 : User space: Mitigation: STIBP via seccomp and prctl
[    0.251401] Speculative Store Bypass: Mitigation: Speculative Store Bypass disabled via prctl and seccomp
[    0.251620] Freeing SMP alternatives memory: 36K
[    0.253053] TSC deadline timer enabled
[    0.253058] smpboot: CPU0: Intel(R) Core(TM) i7-8550U CPU @ 1.80GHz (family: 0x6, model: 0x8e, stepping: 0xa)
[    0.253113] Performance Events: PEBS fmt3+, Skylake events, 32-deep LBR, full-width counters, Intel PMU driver.
[    0.253133] ... version:                4
[    0.253133] ... bit width:              48
[    0.253134] ... generic registers:      4
[    0.253134] ... value mask:             0000ffffffffffff
[    0.253134] ... max period:             00007fffffffffff
[    0.253135] ... fixed-purpose events:   3
[    0.253135] ... event mask:             000000070000000f
[    0.253176] rcu: Hierarchical SRCU implementation.
[    0.253583] random: crng done (trusting CPU's manufacturer)
[    0.253930] NMI watchdog: Enabled. Permanently consumes one hw-PMU counter.
[    0.253978] smp: Bringing up secondary CPUs ...
[    0.253979] x86: Booting SMP configuration:
[    0.253979] .... node  #0, CPUs:      #1 #2 #3 #4 #5 #6 #7
[    0.257388] smp: Brought up 1 node, 8 CPUs
[    0.257388] smpboot: Max logical packages: 1
[    0.257388] smpboot: Total of 8 processors activated (31872.00 BogoMIPS)
[    0.258362] devtmpfs: initialized
[    0.258362] x86/mm: Memory block size: 128MB
[    0.259109] PM: Registering ACPI NVS region [mem 0x16f6e000-0x16f6efff] (4096 bytes)
[    0.259109] PM: Registering ACPI NVS region [mem 0x2f88e000-0x2ff7dfff] (7274496 bytes)
[    0.259114] clocksource: jiffies: mask: 0xffffffff max_cycles: 0xffffffff, max_idle_ns: 1911260446275000 ns
[    0.259114] futex hash table entries: 2048 (order: 5, 131072 bytes)
[    0.259114] pinctrl core: initialized pinctrl subsystem
[    0.259200] PM: RTC time: 16:52:45, date: 2019-04-21
[    0.259282] NET: Registered protocol family 16
[    0.259362] audit: initializing netlink subsys (disabled)
[    0.259365] audit: type=2000 audit(1555865565.024:1): state=initialized audit_enabled=0 res=1
[    0.259365] cpuidle: using governor menu
[    0.259365] Simple Boot Flag at 0x44 set to 0x1
[    0.259365] ACPI: bus type PCI registered
[    0.259365] acpiphp: ACPI Hot Plug PCI Controller Driver version: 0.5
[    0.259365] PCI: MMCONFIG for domain 0000 [bus 00-ff] at [mem 0xe0000000-0xefffffff] (base 0xe0000000)
[    0.259365] PCI: MMCONFIG at [mem 0xe0000000-0xefffffff] reserved in E820
[    0.259365] PCI: Using configuration type 1 for base access
[    0.260838] HugeTLB registered 1.00 GiB page size, pre-allocated 0 pages
[    0.260838] HugeTLB registered 2.00 MiB page size, pre-allocated 0 pages
[    0.260838] cryptd: max_cpu_qlen set to 1000
[    0.261023] ACPI: Added _OSI(Module Device)
[    0.261024] ACPI: Added _OSI(Processor Device)
[    0.261024] ACPI: Added _OSI(3.0 _SCP Extensions)
[    0.261025] ACPI: Added _OSI(Processor Aggregator Device)
[    0.261026] ACPI: Added _OSI(Linux-Dell-Video)
[    0.261027] ACPI: Added _OSI(Linux-Lenovo-NV-HDMI-Audio)
[    0.261027] ACPI: Added _OSI(Linux-HPI-Hybrid-Graphics)
[    0.286359] ACPI: 14 ACPI AML tables successfully acquired and loaded
[    0.288518] ACPI: [Firmware Bug]: BIOS _OSI(Linux) query ignored
[    0.292047] ACPI: Dynamic OEM Table Load:
[    0.292057] ACPI: SSDT 0xFFFF8BF4AF74D000 0005CD (v02 PmRef  Cpu0Ist  00003000 INTL 20160527)
[    0.292340] ACPI: \_PR_.PR00: _OSC native thermal LVT Acked
[    0.293161] ACPI: Dynamic OEM Table Load:
[    0.293167] ACPI: SSDT 0xFFFF8BF4AF757800 0003FF (v02 PmRef  Cpu0Cst  00003001 INTL 20160527)
[    0.293436] ACPI: Dynamic OEM Table Load:
[    0.293441] ACPI: SSDT 0xFFFF8BF4AF0C1780 0000BA (v02 PmRef  Cpu0Hwp  00003000 INTL 20160527)
[    0.293653] ACPI: Dynamic OEM Table Load:
[    0.293658] ACPI: SSDT 0xFFFF8BF4AF748000 000628 (v02 PmRef  HwpLvt   00003000 INTL 20160527)
[    0.294078] ACPI: Dynamic OEM Table Load:
[    0.294085] ACPI: SSDT 0xFFFF8BF4B185E000 000D14 (v02 PmRef  ApIst    00003000 INTL 20160527)
[    0.294662] ACPI: Dynamic OEM Table Load:
[    0.294666] ACPI: SSDT 0xFFFF8BF4AF750000 000317 (v02 PmRef  ApHwp    00003000 INTL 20160527)
[    0.294942] ACPI: Dynamic OEM Table Load:
[    0.294947] ACPI: SSDT 0xFFFF8BF4AF756400 00030A (v02 PmRef  ApCst    00003000 INTL 20160527)
[    0.296922] ACPI: EC: EC started
[    0.296922] ACPI: EC: interrupt blocked
[    0.320128] ACPI: \_SB_.PCI0.LPCB.H_EC: Used as first EC
[    0.320130] ACPI: \_SB_.PCI0.LPCB.H_EC: GPE=0x50, EC_CMD/EC_SC=0x66, EC_DATA=0x62
[    0.320131] ACPI: \_SB_.PCI0.LPCB.H_EC: Boot DSDT EC used to handle transactions
[    0.320132] ACPI: Interpreter enabled
[    0.320205] ACPI: (supports S0 S3 S4 S5)
[    0.320206] ACPI: Using IOAPIC for interrupt routing
[    0.320256] PCI: Using host bridge windows from ACPI; if necessary, use "pci=nocrs" and report a bug
[    0.321340] ACPI: Enabled 7 GPEs in block 00 to 7F
[    0.342080] ACPI: PCI Root Bridge [PCI0] (domain 0000 [bus 00-fe])
[    0.342090] acpi PNP0A08:00: _OSC: OS supports [ExtendedConfig ASPM ClockPM Segments MSI]
[    0.343959] acpi PNP0A08:00: _OSC: OS now controls [PCIeHotplug SHPCHotplug PME AER PCIeCapability LTR]
[    0.345344] PCI host bridge to bus 0000:00
[    0.345346] pci_bus 0000:00: root bus resource [io  0x0000-0x0cf7 window]
[    0.345347] pci_bus 0000:00: root bus resource [io  0x0d00-0xffff window]
[    0.345347] pci_bus 0000:00: root bus resource [mem 0x000a0000-0x000bffff window]
[    0.345348] pci_bus 0000:00: root bus resource [mem 0x000c0000-0x000c3fff window]
[    0.345348] pci_bus 0000:00: root bus resource [mem 0x000c4000-0x000c7fff window]
[    0.345349] pci_bus 0000:00: root bus resource [mem 0x000c8000-0x000cbfff window]
[    0.345349] pci_bus 0000:00: root bus resource [mem 0x000cc000-0x000cffff window]
[    0.345350] pci_bus 0000:00: root bus resource [mem 0x000d0000-0x000d3fff window]
[    0.345350] pci_bus 0000:00: root bus resource [mem 0x000d4000-0x000d7fff window]
[    0.345351] pci_bus 0000:00: root bus resource [mem 0x000d8000-0x000dbfff window]
[    0.345352] pci_bus 0000:00: root bus resource [mem 0x000dc000-0x000dffff window]
[    0.345352] pci_bus 0000:00: root bus resource [mem 0x3d000000-0xdfffffff window]
[    0.345353] pci_bus 0000:00: root bus resource [mem 0x2000000000-0x2fffffffff window]
[    0.345353] pci_bus 0000:00: root bus resource [mem 0xfd000000-0xfe7fffff window]
[    0.345354] pci_bus 0000:00: root bus resource [bus 00-fe]
[    0.345359] pci 0000:00:00.0: [8086:5914] type 00 class 0x060000
[    0.346001] pci 0000:00:02.0: [8086:5917] type 00 class 0x030000
[    0.346010] pci 0000:00:02.0: reg 0x10: [mem 0x2ffa000000-0x2ffaffffff 64bit]
[    0.346015] pci 0000:00:02.0: reg 0x18: [mem 0x2fa0000000-0x2fafffffff 64bit pref]
[    0.346018] pci 0000:00:02.0: reg 0x20: [io  0x3000-0x303f]
[    0.346030] pci 0000:00:02.0: BAR 2: assigned to efifb
[    0.346552] pci 0000:00:04.0: [8086:1903] type 00 class 0x118000
[    0.346564] pci 0000:00:04.0: reg 0x10: [mem 0x2ffb010000-0x2ffb017fff 64bit]
[    0.347171] pci 0000:00:14.0: [8086:9d2f] type 00 class 0x0c0330
[    0.347190] pci 0000:00:14.0: reg 0x10: [mem 0x6e300000-0x6e30ffff 64bit]
[    0.347252] pci 0000:00:14.0: PME# supported from D3hot D3cold
[    0.347816] pci 0000:00:14.2: [8086:9d31] type 00 class 0x118000
[    0.347836] pci 0000:00:14.2: reg 0x10: [mem 0x2ffb022000-0x2ffb022fff 64bit]
[    0.348468] pci 0000:00:15.0: [8086:9d60] type 00 class 0x118000
[    0.348645] pci 0000:00:15.0: reg 0x10: [mem 0x2ffb021000-0x2ffb021fff 64bit]
[    0.349728] pci 0000:00:15.1: [8086:9d61] type 00 class 0x118000
[    0.349880] pci 0000:00:15.1: reg 0x10: [mem 0x2ffb020000-0x2ffb020fff 64bit]
[    0.350975] pci 0000:00:15.3: [8086:9d63] type 00 class 0x118000
[    0.351130] pci 0000:00:15.3: reg 0x10: [mem 0x2ffb01f000-0x2ffb01ffff 64bit]
[    0.352143] pci 0000:00:16.0: [8086:9d3a] type 00 class 0x078000
[    0.352167] pci 0000:00:16.0: reg 0x10: [mem 0x2ffb01e000-0x2ffb01efff 64bit]
[    0.352234] pci 0000:00:16.0: PME# supported from D3hot
[    0.352874] pci 0000:00:19.0: [8086:9d66] type 00 class 0x118000
[    0.353003] pci 0000:00:19.0: reg 0x10: [mem 0x2ffb01d000-0x2ffb01dfff 64bit]
[    0.354020] pci 0000:00:1c.0: [8086:9d10] type 01 class 0x060400
[    0.354578] pci 0000:00:1c.0: PME# supported from D0 D3hot D3cold
[    0.355137] pci 0000:00:1c.4: [8086:9d14] type 01 class 0x060400
[    0.355214] pci 0000:00:1c.4: PME# supported from D0 D3hot D3cold
[    0.355779] pci 0000:00:1d.0: [8086:9d18] type 01 class 0x060400
[    0.355846] pci 0000:00:1d.0: PME# supported from D0 D3hot D3cold
[    0.356424] pci 0000:00:1f.0: [8086:9d4e] type 00 class 0x060100
[    0.357013] pci 0000:00:1f.2: [8086:9d21] type 00 class 0x058000
[    0.357027] pci 0000:00:1f.2: reg 0x10: [mem 0x6e310000-0x6e313fff]
[    0.357593] pci 0000:00:1f.3: [8086:9d71] type 00 class 0x040100
[    0.357619] pci 0000:00:1f.3: reg 0x10: [mem 0x2ffb018000-0x2ffb01bfff 64bit]
[    0.357649] pci 0000:00:1f.3: reg 0x20: [mem 0x2ffb000000-0x2ffb00ffff 64bit]
[    0.357693] pci 0000:00:1f.3: PME# supported from D3hot D3cold
[    0.358288] pci 0000:00:1f.4: [8086:9d23] type 00 class 0x0c0500
[    0.358349] pci 0000:00:1f.4: reg 0x10: [mem 0x2ffb01c000-0x2ffb01c0ff 64bit]
[    0.358419] pci 0000:00:1f.4: reg 0x20: [io  0x3040-0x305f]
[    0.359049] pci 0000:00:1c.0: PCI bridge to [bus 01-6a]
[    0.359053] pci 0000:00:1c.0:   bridge window [mem 0x40000000-0x6e0fffff]
[    0.359057] pci 0000:00:1c.0:   bridge window [mem 0x2fb0000000-0x2ff9ffffff 64bit pref]
[    0.359246] pci 0000:6b:00.0: [8086:2526] type 00 class 0x028000
[    0.359280] pci 0000:6b:00.0: reg 0x10: [mem 0x6e200000-0x6e203fff 64bit]
[    0.359460] pci 0000:6b:00.0: PME# supported from D0 D3hot D3cold
[    0.359799] pci 0000:00:1c.4: ASPM: current common clock configuration is broken, reconfiguring
[    0.362148] pci 0000:00:1c.4: PCI bridge to [bus 6b]
[    0.362153] pci 0000:00:1c.4:   bridge window [mem 0x6e200000-0x6e2fffff]
[    0.362224] pci 0000:6c:00.0: [15b7:5002] type 00 class 0x010802
[    0.362256] pci 0000:6c:00.0: reg 0x10: [mem 0x6e100000-0x6e103fff 64bit]
[    0.362289] pci 0000:6c:00.0: reg 0x20: [mem 0x6e104000-0x6e1040ff 64bit]
[    0.362498] pci 0000:00:1d.0: PCI bridge to [bus 6c]
[    0.362503] pci 0000:00:1d.0:   bridge window [mem 0x6e100000-0x6e1fffff]
[    0.365002] ACPI: PCI Interrupt Link [LNKA] (IRQs 3 4 5 6 10 *11 12 14 15)
[    0.365065] ACPI: PCI Interrupt Link [LNKB] (IRQs 3 4 5 6 *10 11 12 14 15)
[    0.365121] ACPI: PCI Interrupt Link [LNKC] (IRQs 3 4 5 6 10 *11 12 14 15)
[    0.365175] ACPI: PCI Interrupt Link [LNKD] (IRQs 3 4 5 6 10 *11 12 14 15)
[    0.365228] ACPI: PCI Interrupt Link [LNKE] (IRQs 3 4 5 6 10 *11 12 14 15)
[    0.365280] ACPI: PCI Interrupt Link [LNKF] (IRQs 3 4 5 6 10 *11 12 14 15)
[    0.365345] ACPI: PCI Interrupt Link [LNKG] (IRQs 3 4 5 6 10 *11 12 14 15)
[    0.365390] ACPI: PCI Interrupt Link [LNKH] (IRQs 3 4 5 6 10 *11 12 14 15)
[    0.373148] ACPI Warning: GPE type mismatch (level/edge) (20190215/evxface-792)
[    0.373150] ACPI: EC: interrupt unblocked
[    0.373169] ACPI: EC: event unblocked
[    0.373204] ACPI: \_SB_.PCI0.LPCB.H_EC: GPE=0x50, EC_CMD/EC_SC=0x66, EC_DATA=0x62
[    0.373205] ACPI: \_SB_.PCI0.LPCB.H_EC: Boot DSDT EC used to handle transactions and events
[    0.373272] pci 0000:00:02.0: vgaarb: setting as boot VGA device
[    0.373272] pci 0000:00:02.0: vgaarb: VGA device added: decodes=io+mem,owns=io+mem,locks=none
[    0.373272] pci 0000:00:02.0: vgaarb: bridge control possible
[    0.373272] vgaarb: loaded
[    0.373516] SCSI subsystem initialized
[    0.373529] libata version 3.00 loaded.
[    0.373529] ACPI: bus type USB registered
[    0.373529] usbcore: registered new interface driver usbfs
[    0.373529] usbcore: registered new interface driver hub
[    0.373529] usbcore: registered new device driver usb
[    0.373529] pps_core: LinuxPPS API ver. 1 registered
[    0.373529] pps_core: Software ver. 5.3.6 - Copyright 2005-2007 Rodolfo Giometti <giometti@linux.it>
[    0.373529] PTP clock support registered
[    0.373993] EDAC MC: Ver: 3.0.0
[    0.374302] Registered efivars operations
[    0.412017] PCI: Using ACPI for IRQ routing
[    0.431285] PCI: pci_cache_line_size set to 64 bytes
[    0.431705] e820: reserve RAM buffer [mem 0x00058000-0x0005ffff]
[    0.431705] e820: reserve RAM buffer [mem 0x0009e000-0x0009ffff]
[    0.431706] e820: reserve RAM buffer [mem 0x14b47018-0x17ffffff]
[    0.431706] e820: reserve RAM buffer [mem 0x16f6e000-0x17ffffff]
[    0.431707] e820: reserve RAM buffer [mem 0x18388000-0x1bffffff]
[    0.431707] e820: reserve RAM buffer [mem 0x2ee9e000-0x2fffffff]
[    0.431708] e820: reserve RAM buffer [mem 0x2ffff000-0x2fffffff]
[    0.431708] e820: reserve RAM buffer [mem 0x4c2000000-0x4c3ffffff]
[    0.431980] NetLabel: Initializing
[    0.431980] NetLabel:  domain hash size = 128
[    0.431980] NetLabel:  protocols = UNLABELED CIPSOv4 CALIPSO
[    0.431980] NetLabel:  unlabeled traffic allowed by default
[    0.432086] hpet0: at MMIO 0xfed00000, IRQs 2, 8, 0, 0, 0, 0, 0, 0
[    0.432088] hpet0: 8 comparators, 64-bit 24.000000 MHz counter
[    0.433996] clocksource: Switched to clocksource tsc-early
[    0.443175] VFS: Disk quotas dquot_6.6.0
[    0.443185] VFS: Dquot-cache hash table entries: 512 (order 0, 4096 bytes)
[    0.443217] *** VALIDATE hugetlbfs ***
[    0.443235] pnp: PnP ACPI init
[    0.443405] system 00:00: [mem 0xfd000000-0xfdabffff] has been reserved
[    0.443406] system 00:00: [mem 0xfdad0000-0xfdadffff] has been reserved
[    0.443406] system 00:00: [mem 0xfdb00000-0xfdffffff] has been reserved
[    0.443407] system 00:00: [mem 0xfe000000-0xfe01ffff] has been reserved
[    0.443408] system 00:00: [mem 0xfe036000-0xfe03bfff] has been reserved
[    0.443408] system 00:00: [mem 0xfe03d000-0xfe3fffff] has been reserved
[    0.443409] system 00:00: [mem 0xfe410000-0xfe7fffff] has been reserved
[    0.443412] system 00:00: Plug and Play ACPI device, IDs PNP0c02 (active)
[    0.443617] system 00:01: [io  0x2000-0x20fe] has been reserved
[    0.443619] system 00:01: Plug and Play ACPI device, IDs PNP0c02 (active)
[    0.443688] system 00:02: [io  0x06a4] has been reserved
[    0.443689] system 00:02: [io  0x06a0] has been reserved
[    0.443690] system 00:02: Plug and Play ACPI device, IDs PNP0c02 (active)
[    0.443863] system 00:03: [io  0x0680-0x069f] has been reserved
[    0.443863] system 00:03: [io  0xffff] has been reserved
[    0.443864] system 00:03: [io  0xffff] has been reserved
[    0.443865] system 00:03: [io  0xffff] has been reserved
[    0.443865] system 00:03: [io  0x1800-0x18fe] has been reserved
[    0.443866] system 00:03: [io  0x164e-0x164f] has been reserved
[    0.443868] system 00:03: Plug and Play ACPI device, IDs PNP0c02 (active)
[    0.443931] pnp 00:04: Plug and Play ACPI device, IDs PNP0b00 (active)
[    0.443953] system 00:05: [io  0x1854-0x1857] has been reserved
[    0.443955] system 00:05: Plug and Play ACPI device, IDs INT3f0d PNP0c02 (active)
[    0.443987] pnp 00:06: Plug and Play ACPI device, IDs PNP0303 (active)
[    0.444762] system 00:07: [mem 0xfdaf0000-0xfdafffff] has been reserved
[    0.444763] system 00:07: [mem 0xfdae0000-0xfdaeffff] has been reserved
[    0.444764] system 00:07: [mem 0xfdac0000-0xfdacffff] has been reserved
[    0.444766] system 00:07: Plug and Play ACPI device, IDs PNP0c02 (active)
[    0.445120] system 00:08: [mem 0xfed10000-0xfed17fff] has been reserved
[    0.445121] system 00:08: [mem 0xfed18000-0xfed18fff] has been reserved
[    0.445122] system 00:08: [mem 0xfed19000-0xfed19fff] has been reserved
[    0.445123] system 00:08: [mem 0xe0000000-0xefffffff] has been reserved
[    0.445123] system 00:08: [mem 0xfed20000-0xfed3ffff] has been reserved
[    0.445124] system 00:08: [mem 0xfed90000-0xfed93fff] could not be reserved
[    0.445125] system 00:08: [mem 0xfed45000-0xfed8ffff] could not be reserved
[    0.445125] system 00:08: [mem 0xff000000-0xffffffff] could not be reserved
[    0.445126] system 00:08: [mem 0xfee00000-0xfeefffff] could not be reserved
[    0.445127] system 00:08: [mem 0x3d000000-0x3d01ffff] has been reserved
[    0.445129] system 00:08: Plug and Play ACPI device, IDs PNP0c02 (active)
[    0.445571] pnp: PnP ACPI: found 9 devices
[    0.450839] clocksource: acpi_pm: mask: 0xffffff max_cycles: 0xffffff, max_idle_ns: 2085701024 ns
[    0.450864] pci 0000:00:1c.0: bridge window [io  0x1000-0x0fff] to [bus 01-6a] add_size 1000
[    0.450869] pci 0000:00:1c.0: BAR 13: assigned [io  0x4000-0x4fff]
[    0.450870] pci 0000:00:1c.0: PCI bridge to [bus 01-6a]
[    0.450873] pci 0000:00:1c.0:   bridge window [io  0x4000-0x4fff]
[    0.450876] pci 0000:00:1c.0:   bridge window [mem 0x40000000-0x6e0fffff]
[    0.450878] pci 0000:00:1c.0:   bridge window [mem 0x2fb0000000-0x2ff9ffffff 64bit pref]
[    0.450882] pci 0000:00:1c.4: PCI bridge to [bus 6b]
[    0.450886] pci 0000:00:1c.4:   bridge window [mem 0x6e200000-0x6e2fffff]
[    0.450891] pci 0000:00:1d.0: PCI bridge to [bus 6c]
[    0.450894] pci 0000:00:1d.0:   bridge window [mem 0x6e100000-0x6e1fffff]
[    0.450899] pci_bus 0000:00: resource 4 [io  0x0000-0x0cf7 window]
[    0.450899] pci_bus 0000:00: resource 5 [io  0x0d00-0xffff window]
[    0.450900] pci_bus 0000:00: resource 6 [mem 0x000a0000-0x000bffff window]
[    0.450901] pci_bus 0000:00: resource 7 [mem 0x000c0000-0x000c3fff window]
[    0.450901] pci_bus 0000:00: resource 8 [mem 0x000c4000-0x000c7fff window]
[    0.450902] pci_bus 0000:00: resource 9 [mem 0x000c8000-0x000cbfff window]
[    0.450902] pci_bus 0000:00: resource 10 [mem 0x000cc000-0x000cffff window]
[    0.450903] pci_bus 0000:00: resource 11 [mem 0x000d0000-0x000d3fff window]
[    0.450903] pci_bus 0000:00: resource 12 [mem 0x000d4000-0x000d7fff window]
[    0.450904] pci_bus 0000:00: resource 13 [mem 0x000d8000-0x000dbfff window]
[    0.450904] pci_bus 0000:00: resource 14 [mem 0x000dc000-0x000dffff window]
[    0.450905] pci_bus 0000:00: resource 15 [mem 0x3d000000-0xdfffffff window]
[    0.450906] pci_bus 0000:00: resource 16 [mem 0x2000000000-0x2fffffffff window]
[    0.450906] pci_bus 0000:00: resource 17 [mem 0xfd000000-0xfe7fffff window]
[    0.450907] pci_bus 0000:01: resource 0 [io  0x4000-0x4fff]
[    0.450908] pci_bus 0000:01: resource 1 [mem 0x40000000-0x6e0fffff]
[    0.450908] pci_bus 0000:01: resource 2 [mem 0x2fb0000000-0x2ff9ffffff 64bit pref]
[    0.450909] pci_bus 0000:6b: resource 1 [mem 0x6e200000-0x6e2fffff]
[    0.450910] pci_bus 0000:6c: resource 1 [mem 0x6e100000-0x6e1fffff]
[    0.451026] NET: Registered protocol family 2
[    0.451151] tcp_listen_portaddr_hash hash table entries: 8192 (order: 5, 131072 bytes)
[    0.451188] TCP established hash table entries: 131072 (order: 8, 1048576 bytes)
[    0.451350] TCP bind hash table entries: 65536 (order: 8, 1048576 bytes)
[    0.451492] TCP: Hash tables configured (established 131072 bind 65536)
[    0.451522] UDP hash table entries: 8192 (order: 6, 262144 bytes)
[    0.451557] UDP-Lite hash table entries: 8192 (order: 6, 262144 bytes)
[    0.451656] NET: Registered protocol family 1
[    0.451660] NET: Registered protocol family 44
[    0.451666] pci 0000:00:02.0: Video device with shadowed ROM at [mem 0x000c0000-0x000dffff]
[    0.453332] PCI: CLS 64 bytes, default 64
[    0.453359] Unpacking initramfs...
[    0.691296] Freeing initrd memory: 24064K
[    0.691334] DMAR: ACPI device "device:7d" under DMAR at fed91000 as 00:15.0
[    0.691336] DMAR: ACPI device "device:7e" under DMAR at fed91000 as 00:15.1
[    0.691338] DMAR: ACPI device "device:7f" under DMAR at fed91000 as 00:15.3
[    0.691339] DMAR: ACPI device "device:80" under DMAR at fed91000 as 00:19.0
[    0.700049] PCI-DMA: Using software bounce buffering for IO (SWIOTLB)
[    0.700055] software IO TLB: mapped [mem 0x2a97b000-0x2e97b000] (64MB)
[    0.700185] clocksource: tsc: mask: 0xffffffffffffffff max_cycles: 0x396d519840e, max_idle_ns: 881590569543 ns
[    0.700202] clocksource: Switched to clocksource tsc
[    0.702696] Initialise system trusted keyrings
[    0.702704] Key type blacklist registered
[    0.702733] workingset: timestamp_bits=36 max_order=22 bucket_order=0
[    0.704018] zbud: loaded
[    0.704732] Platform Keyring initialized
[    0.807131] alg: No test for lzo-rle (lzo-rle-generic)
[    0.807649] alg: No test for lzo-rle (lzo-rle-scomp)
[    0.808165] alg: No test for 842 (842-generic)
[    0.808681] alg: No test for 842 (842-scomp)
[    0.825721] NET: Registered protocol family 38
[    0.825722] Key type asymmetric registered
[    0.825723] Asymmetric key parser 'x509' registered
[    0.825730] Block layer SCSI generic (bsg) driver version 0.4 loaded (major 244)
[    0.825753] io scheduler mq-deadline registered
[    0.825802] atomic64_test: passed for x86-64 platform with CX8 and with SSE
[    0.826061] pcieport 0000:00:1c.0: Signaling PME with IRQ 122
[    0.826086] pciehp 0000:00:1c.0:pcie004: Slot #0 AttnBtn- PwrCtrl- MRL- AttnInd- PwrInd- HotPlug+ Surprise+ Interlock- NoCompl+ LLActRep+
[    0.826312] pcieport 0000:00:1c.4: Signaling PME with IRQ 123
[    0.826342] aer 0000:00:1c.4:pcie002: AER enabled with IRQ 123
[    0.826517] pcieport 0000:00:1d.0: Signaling PME with IRQ 124
[    0.826543] aer 0000:00:1d.0:pcie002: AER enabled with IRQ 124
[    0.826602] shpchp: Standard Hot Plug PCI Controller Driver version: 0.4
[    0.826635] efifb: probing for efifb
[    0.826646] efifb: showing boot graphics
[    0.831054] efifb: framebuffer at 0x2fa0000000, using 32400k, total 32400k
[    0.831055] efifb: mode is 3840x2160x32, linelength=15360, pages=1
[    0.831055] efifb: scrolling: redraw
[    0.831056] efifb: Truecolor: size=8:8:8:8, shift=24:16:8:0
[    0.831080] fbcon: Deferring console take-over
[    0.831081] fb0: EFI VGA frame buffer device
[    0.831085] intel_idle: MWAIT substates: 0x11142120
[    0.831086] intel_idle: v0.4.1 model 0x8E
[    0.831352] intel_idle: lapic_timer_reliable_states 0xffffffff
[    0.831478] ACPI: AC Adapter [ADP1] (on-line)
[    0.831510] input: Lid Switch as /devices/LNXSYSTM:00/LNXSYBUS:00/PNP0A08:00/device:19/PNP0C09:00/PNP0C0D:00/input/input0
[    0.831513] ACPI: Lid Switch [LID0]
[    0.831562] input: Power Button as /devices/LNXSYSTM:00/LNXSYBUS:00/PNP0C0C:00/input/input1
[    0.831569] ACPI: Power Button [PWRB]
[    0.831586] input: Power Button as /devices/LNXSYSTM:00/LNXPWRBN:00/input/input2
[    0.831589] ACPI: Power Button [PWRF]
[    0.832834] thermal LNXTHERM:00: registered as thermal_zone0
[    0.832835] ACPI: Thermal Zone [TZ00] (28 C)
[    0.832904] thermal LNXTHERM:01: registered as thermal_zone1
[    0.832904] ACPI: Thermal Zone [TZ01] (30 C)
[    0.833122] Serial: 8250/16550 driver, 32 ports, IRQ sharing enabled
[    0.844325] Non-volatile memory driver v1.3
[    0.844377] Linux agpgart interface v0.103
[    0.846803] battery: ACPI: Battery Slot [BAT1] (battery present)
[    0.854405] libphy: Fixed MDIO Bus: probed
[    0.854478] ehci_hcd: USB 2.0 'Enhanced' Host Controller (EHCI) Driver
[    0.854480] ehci-pci: EHCI PCI platform driver
[    0.854484] ohci_hcd: USB 1.1 'Open' Host Controller (OHCI) Driver
[    0.854485] ohci-pci: OHCI PCI platform driver
[    0.854489] uhci_hcd: USB Universal Host Controller Interface driver
[    0.854575] xhci_hcd 0000:00:14.0: xHCI Host Controller
[    0.854638] xhci_hcd 0000:00:14.0: new USB bus registered, assigned bus number 1
[    0.855698] xhci_hcd 0000:00:14.0: hcc params 0x200077c1 hci version 0x100 quirks 0x0000000081109810
[    0.855702] xhci_hcd 0000:00:14.0: cache line size of 64 is not supported
[    0.855848] usb usb1: New USB device found, idVendor=1d6b, idProduct=0002, bcdDevice= 5.01
[    0.855848] usb usb1: New USB device strings: Mfr=3, Product=2, SerialNumber=1
[    0.855849] usb usb1: Product: xHCI Host Controller
[    0.855850] usb usb1: Manufacturer: Linux 5.1.0-0.rc5.git2.1.vanilla.knurd.1.fc29.x86_64 xhci-hcd
[    0.855850] usb usb1: SerialNumber: 0000:00:14.0
[    0.855945] hub 1-0:1.0: USB hub found
[    0.855958] hub 1-0:1.0: 12 ports detected
[    0.856521] xhci_hcd 0000:00:14.0: xHCI Host Controller
[    0.856577] xhci_hcd 0000:00:14.0: new USB bus registered, assigned bus number 2
[    0.856580] xhci_hcd 0000:00:14.0: Host supports USB 3.0  SuperSpeed
[    0.856602] usb usb2: New USB device found, idVendor=1d6b, idProduct=0003, bcdDevice= 5.01
[    0.856603] usb usb2: New USB device strings: Mfr=3, Product=2, SerialNumber=1
[    0.856604] usb usb2: Product: xHCI Host Controller
[    0.856604] usb usb2: Manufacturer: Linux 5.1.0-0.rc5.git2.1.vanilla.knurd.1.fc29.x86_64 xhci-hcd
[    0.856605] usb usb2: SerialNumber: 0000:00:14.0
[    0.856683] hub 2-0:1.0: USB hub found
[    0.856691] hub 2-0:1.0: 6 ports detected
[    0.856800] usb: port power management may be unreliable
[    0.857085] usbcore: registered new interface driver usbserial_generic
[    0.857087] usbserial: USB Serial support registered for generic
[    0.857120] i8042: PNP: PS/2 Controller [PNP0303:PS2K] at 0x60,0x64 irq 1
[    0.857120] i8042: PNP: PS/2 appears to have AUX port disabled, if this is incorrect please boot with i8042.nopnp
[    0.858334] serio: i8042 KBD port at 0x60,0x64 irq 1
[    0.858448] mousedev: PS/2 mouse device common for all mice
[    0.858788] rtc_cmos 00:04: RTC can wake from S4
[    0.859325] rtc_cmos 00:04: registered as rtc0
[    0.859325] rtc_cmos 00:04: alarms up to one month, y3k, 242 bytes nvram
[    0.859349] device-mapper: uevent: version 1.0.3
[    0.859440] device-mapper: ioctl: 4.40.0-ioctl (2019-01-18) initialised: dm-devel@redhat.com
[    0.859485] intel_pstate: Intel P-state driver initializing
[    0.860112] intel_pstate: HWP enabled
[    0.860245] hidraw: raw HID events driver (C) Jiri Kosina
[    0.860261] usbcore: registered new interface driver usbhid
[    0.860262] usbhid: USB HID core driver
[    0.860296] intel_pmc_core:  initialized
[    0.860345] drop_monitor: Initializing network drop monitor service
[    0.860413] Initializing XFRM netlink socket
[    0.860494] NET: Registered protocol family 10
[    0.863359] Segment Routing with IPv6
[    0.863370] mip6: Mobile IPv6
[    0.863371] NET: Registered protocol family 17
[    0.863393] input: AT Translated Set 2 keyboard as /devices/platform/i8042/serio0/input/input3
[    0.863971] RAS: Correctable Errors collector initialized.
[    0.863992] microcode: sig=0x806ea, pf=0x80, revision=0x96
[    0.864288] microcode: Microcode Update Driver: v2.2.
[    0.864293] AVX2 version of gcm_enc/dec engaged.
[    0.864294] AES CTR mode by8 optimization enabled
[    0.888183] sched_clock: Marking stable (888693833, -516149)->(896318336, -8140652)
[    0.888643] registered taskstats version 1
[    0.888649] Loading compiled-in X.509 certificates
[    0.913891] Loaded X.509 cert 'Fedora kernel signing key: db45d06f5468fde964f8fa0a55312befa892e2a7'
[    0.913906] zswap: loaded using pool lzo/zbud
[    0.918392] Key type big_key registered
[    0.920248] Key type encrypted registered
[    0.922192] integrity: Loading X.509 certificate: UEFI:db
[    0.922220] integrity: Loaded X.509 cert 'Microsoft Windows Production PCA 2011: a92902398e16c49778cd90f99e4f9ae17c55af53'
[    0.922220] integrity: Loading X.509 certificate: UEFI:db
[    0.922232] integrity: Loaded X.509 cert 'Microsoft Corporation UEFI CA 2011: 13adbf4309bd82709c8cd54f316ed522988a1bd4'
[    0.922232] integrity: Loading X.509 certificate: UEFI:db
[    0.922238] integrity: Loaded X.509 cert '8GAriel: a88fde0b694da7b14d3f5d79bdaeecbe'
[    0.922239] integrity: Loading X.509 certificate: UEFI:db
[    0.922244] integrity: Loaded X.509 cert 'Mocca: eee4ae78c24bf4a5488b6b77c611edde'
[    0.922245] integrity: Loading X.509 certificate: UEFI:db
[    0.922364] integrity: Loaded X.509 cert 'LCFC: 16e5000ec0e008a3434536c06d55a3b6'
[    0.922649] Couldn't get size: 0x800000000000000e
[    0.922650] Couldn't get UEFI MokListRT
[    0.924185] ima: Allocated hash algorithm: sha1
[    0.938918] No architecture policies found
[    0.941100] PM:   Magic number: 15:601:894
[    0.941408] rtc_cmos 00:04: setting system clock to 2019-04-21T16:52:46 UTC (1555865566)
[    0.943679] Freeing unused decrypted memory: 2040K
[    0.944425] Freeing unused kernel image memory: 2184K
[    0.955243] Write protecting the kernel read-only data: 18432k
[    0.956414] Freeing unused kernel image memory: 2016K
[    0.956717] Freeing unused kernel image memory: 36K
[    0.975726] x86/mm: Checked W+X mappings: passed, no W+X pages found.
[    0.975733] rodata_test: all tests were successful
[    0.975735] x86/mm: Checking user space page tables
[    0.986924] x86/mm: Checked W+X mappings: passed, no W+X pages found.
[    0.986925] Run /init as init process
[    1.069442] systemd[1]: systemd 239 running in system mode. (+PAM +AUDIT +SELINUX +IMA -APPARMOR +SMACK +SYSVINIT +UTMP +LIBCRYPTSETUP +GCRYPT +GNUTLS +ACL +XZ +LZ4 +SECCOMP +BLKID +ELFUTILS +KMOD +IDN2 -IDN +PCRE2 default-hierarchy=hybrid)
[    1.081456] systemd[1]: Detected architecture x86-64.
[    1.081458] systemd[1]: Running in initial RAM disk.
[    1.084499] systemd[1]: Set hostname to <droserasprout-c930>.
[    1.117190] systemd[1]: Reached target Timers.
[    1.117270] systemd[1]: Listening on Journal Audit Socket.
[    1.118388] systemd[1]: Created slice system-systemd\x2dcryptsetup.slice.
[    1.118497] systemd[1]: Created slice system-systemd\x2dhibernate\x2dresume.slice.
[    1.118504] systemd[1]: Reached target Slices.
[    1.118514] systemd[1]: Reached target Swap.
[    1.183028] usb 1-1: new high-speed USB device number 2 using xhci_hcd
[    1.309804] audit: type=1130 audit(1555865566.867:2): pid=1 uid=0 auid=4294967295 ses=4294967295 subj=kernel msg='unit=systemd-journald comm="systemd" exe="/usr/lib/systemd/systemd" hostname=? addr=? terminal=? res=success'
[    1.355098] usb 1-1: New USB device found, idVendor=04f2, idProduct=b61e, bcdDevice= 4.25
[    1.355099] usb 1-1: New USB device strings: Mfr=3, Product=1, SerialNumber=2
[    1.355100] usb 1-1: Product: Integrated Camera
[    1.355100] usb 1-1: Manufacturer: Chicony Electronics Co.,Ltd.
[    1.355101] usb 1-1: SerialNumber: 0001
[    1.436453] audit: type=1130 audit(1555865566.994:3): pid=1 uid=0 auid=4294967295 ses=4294967295 subj=kernel msg='unit=systemd-udevd comm="systemd" exe="/usr/lib/systemd/systemd" hostname=? addr=? terminal=? res=success'
[    1.472061] usb 1-5: new full-speed USB device number 3 using xhci_hcd
[    1.491927] audit: type=1130 audit(1555865567.049:4): pid=1 uid=0 auid=4294967295 ses=4294967295 subj=kernel msg='unit=systemd-udev-trigger comm="systemd" exe="/usr/lib/systemd/systemd" hostname=? addr=? terminal=? res=success'
[    1.509520] audit: type=1130 audit(1555865567.067:5): pid=1 uid=0 auid=4294967295 ses=4294967295 subj=kernel msg='unit=plymouth-start comm="systemd" exe="/usr/lib/systemd/systemd" hostname=? addr=? terminal=? res=success'
[    1.525802] acpi PNP0C14:02: duplicate WMI GUID 05901221-D566-11D1-B2F0-00A0C9062910 (first instance was on PNP0C14:00)
[    1.525853] acpi PNP0C14:03: duplicate WMI GUID 05901221-D566-11D1-B2F0-00A0C9062910 (first instance was on PNP0C14:00)
[    1.532659] nvme nvme0: pci function 0000:6c:00.0
[    1.599072] usb 1-5: New USB device found, idVendor=06cb, idProduct=0081, bcdDevice= 1.64
[    1.599075] usb 1-5: New USB device strings: Mfr=0, Product=0, SerialNumber=1
[    1.599076] usb 1-5: SerialNumber: 5a019486378a
[    1.670948] checking generic (2fa0000000 1fa4000) vs hw (2fa0000000 10000000)
[    1.670949] fb0: switching to inteldrmfb from EFI VGA
[    1.671177] i915 0000:00:02.0: vgaarb: deactivate vga console
[    1.672841] [drm] Supports vblank timestamp caching Rev 2 (21.10.2013).
[    1.672841] [drm] Driver supports precise vblank timestamp query.
[    1.673208] i915 0000:00:02.0: vgaarb: changed VGA decodes: olddecodes=io+mem,decodes=io+mem:owns=io+mem
[    1.673636] [drm] Finished loading DMC firmware i915/kbl_dmc_ver1_04.bin (v1.4)
[    1.691121] [drm] Initialized i915 1.6.0 20190207 for 0000:00:02.0 on minor 0
[    1.692580] ACPI: Video Device [GFX0] (multi-head: yes  rom: no  post: no)
[    1.692810] input: Video Bus as /devices/LNXSYSTM:00/LNXSYBUS:00/PNP0A08:00/LNXVIDEO:00/input/input4
[    1.699268] fbcon: inteldrmfb (fb0) is primary device
[    1.699269] fbcon: Deferring console take-over
[    1.699272] i915 0000:00:02.0: fb0: inteldrmfb frame buffer device
[    1.714413] usb 1-8: new full-speed USB device number 4 using xhci_hcd
[    1.742439] nvme nvme0: 8/0/0 default/read/poll queues
[    1.746152]  nvme0n1: p1 p2 p3
[    1.783775] audit: type=1130 audit(1555865567.341:6): pid=1 uid=0 auid=4294967295 ses=4294967295 subj=kernel msg='unit=systemd-ask-password-plymouth comm="systemd" exe="/usr/lib/systemd/systemd" hostname=? addr=? terminal=? res=success'
[    1.826515] audit: type=1130 audit(1555865567.384:7): pid=1 uid=0 auid=4294967295 ses=4294967295 subj=kernel msg='unit=systemd-vconsole-setup comm="systemd" exe="/usr/lib/systemd/systemd" hostname=? addr=? terminal=? res=success'
[    1.826517] audit: type=1131 audit(1555865567.384:8): pid=1 uid=0 auid=4294967295 ses=4294967295 subj=kernel msg='unit=systemd-vconsole-setup comm="systemd" exe="/usr/lib/systemd/systemd" hostname=? addr=? terminal=? res=success'
[    1.841293] usb 1-8: New USB device found, idVendor=8087, idProduct=0025, bcdDevice= 0.02
[    1.841295] usb 1-8: New USB device strings: Mfr=0, Product=0, SerialNumber=0
[    8.303600] device-mapper: crypt: xts(aes) using implementation "xts-aes-aesni"
[    8.337386] audit: type=1130 audit(1555865573.895:9): pid=1 uid=0 auid=4294967295 ses=4294967295 subj=kernel msg='unit=systemd-cryptsetup@luks\x2d2fa18852\x2d37cb\x2d41cb\x2d86ea\x2d41766c499859 comm="systemd" exe="/usr/lib/systemd/systemd" hostname=? addr=? terminal=? res=success'
[    8.820073] PM: Image not found (code -22)
[    8.822609] audit: type=1130 audit(1555865574.380:10): pid=1 uid=0 auid=4294967295 ses=4294967295 subj=kernel msg='unit=systemd-hibernate-resume@dev-mapper-fedora\x2dswap comm="systemd" exe="/usr/lib/systemd/systemd" hostname=? addr=? terminal=? res=success'
[    8.822616] audit: type=1131 audit(1555865574.380:11): pid=1 uid=0 auid=4294967295 ses=4294967295 subj=kernel msg='unit=systemd-hibernate-resume@dev-mapper-fedora\x2dswap comm="systemd" exe="/usr/lib/systemd/systemd" hostname=? addr=? terminal=? res=success'
[    8.840529] audit: type=1130 audit(1555865574.398:12): pid=1 uid=0 auid=4294967295 ses=4294967295 subj=kernel msg='unit=systemd-tmpfiles-setup comm="systemd" exe="/usr/lib/systemd/systemd" hostname=? addr=? terminal=? res=success'
[    8.842295] audit: type=1130 audit(1555865574.400:13): pid=1 uid=0 auid=4294967295 ses=4294967295 subj=kernel msg='unit=dracut-initqueue comm="systemd" exe="/usr/lib/systemd/systemd" hostname=? addr=? terminal=? res=success'
[    8.866488] audit: type=1130 audit(1555865574.424:14): pid=1 uid=0 auid=4294967295 ses=4294967295 subj=kernel msg='unit=systemd-fsck-root comm="systemd" exe="/usr/lib/systemd/systemd" hostname=? addr=? terminal=? res=success'
[    8.877505] EXT4-fs (dm-1): mounted filesystem with ordered data mode. Opts: (null)
[    8.998629] audit: type=1130 audit(1555865574.556:15): pid=1 uid=0 auid=4294967295 ses=4294967295 subj=kernel msg='unit=initrd-parse-etc comm="systemd" exe="/usr/lib/systemd/systemd" hostname=? addr=? terminal=? res=success'
[    8.998631] audit: type=1131 audit(1555865574.556:16): pid=1 uid=0 auid=4294967295 ses=4294967295 subj=kernel msg='unit=initrd-parse-etc comm="systemd" exe="/usr/lib/systemd/systemd" hostname=? addr=? terminal=? res=success'
[    9.131764] audit: type=1130 audit(1555865574.689:17): pid=1 uid=0 auid=4294967295 ses=4294967295 subj=kernel msg='unit=dracut-pre-pivot comm="systemd" exe="/usr/lib/systemd/systemd" hostname=? addr=? terminal=? res=success'
[    9.152716] audit: type=1131 audit(1555865574.710:18): pid=1 uid=0 auid=4294967295 ses=4294967295 subj=kernel msg='unit=dracut-pre-pivot comm="systemd" exe="/usr/lib/systemd/systemd" hostname=? addr=? terminal=? res=success'
[    9.249666] systemd-journald[310]: Received SIGTERM from PID 1 (systemd).
[    9.265055] printk: systemd: 20 output lines suppressed due to ratelimiting
[    9.719624] SELinux:  Class xdp_socket not defined in policy.
[    9.719625] SELinux: the above unknown classes and permissions will be allowed
[    9.719627] SELinux:  policy capability network_peer_controls=1
[    9.719628] SELinux:  policy capability open_perms=1
[    9.719628] SELinux:  policy capability extended_socket_class=1
[    9.719628] SELinux:  policy capability always_check_network=0
[    9.719628] SELinux:  policy capability cgroup_seclabel=1
[    9.719629] SELinux:  policy capability nnp_nosuid_transition=1
[    9.734997] systemd[1]: Successfully loaded SELinux policy in 413.085ms.
[    9.742252] systemd[1]: RTC configured in localtime, applying delta of 180 minutes to system time.
[    9.775364] systemd[1]: Relabelled /dev, /run and /sys/fs/cgroup in 18.357ms.
[    9.777481] systemd[1]: systemd 239 running in system mode. (+PAM +AUDIT +SELINUX +IMA -APPARMOR +SMACK +SYSVINIT +UTMP +LIBCRYPTSETUP +GCRYPT +GNUTLS +ACL +XZ +LZ4 +SECCOMP +BLKID +ELFUTILS +KMOD +IDN2 -IDN +PCRE2 default-hierarchy=hybrid)
[    9.789382] systemd[1]: Detected architecture x86-64.
[    9.790489] systemd[1]: Set hostname to <droserasprout-c930>.
[    9.954965] systemd[1]: Stopped Switch Root.
[    9.955141] systemd[1]: systemd-journald.service: Service has no hold-off time (RestartSec=0), scheduling restart.
[    9.955188] systemd[1]: systemd-journald.service: Scheduled restart job, restart counter is at 1.
[    9.955204] systemd[1]: Stopped Journal Service.
[    9.955970] systemd[1]: Starting Journal Service...
[    9.958448] systemd[1]: Listening on Process Core Dump Socket.
[    9.958557] systemd[1]: Listening on initctl Compatibility Named Pipe.
[    9.967252] EXT4-fs (dm-1): re-mounted. Opts: (null)
[    9.974856] Adding 8151036k swap on /dev/mapper/fedora-swap.  Priority:-2 extents:1 across:8151036k SSFS
[   10.130392] systemd-journald[877]: File /run/log/journal/5dad8ca51080468fb8b96bba1f1dd324/system.journal corrupted or uncleanly shut down, renaming and replacing.
[   10.141012] systemd-journald[877]: Received request to flush runtime journal from PID 1
[   10.312372] input: Ideapad extra buttons as /devices/pci0000:00/0000:00:1f.0/PNP0C09:00/VPC2004:00/input/input5
[   10.324538] i801_smbus 0000:00:1f.4: SPD Write Disable is set
[   10.324973] i801_smbus 0000:00:1f.4: SMBus using PCI interrupt
[   10.329817] mei_me 0000:00:16.0: enabling device (0004 -> 0006)
[   10.331354] intel-lpss 0000:00:15.0: enabling device (0000 -> 0002)
[   10.337141] idma64 idma64.0: Found Intel integrated DMA 64-bit
[   10.338146] input: PC Speaker as /devices/platform/pcspkr/input/input6
[   10.342792] proc_thermal 0000:00:04.0: Creating sysfs group for PROC_THERMAL_PCI
[   10.346504] ucsi_acpi USBC000:00: Failed to reset PPM! Trying again..
[   10.366681] i2c_hid i2c-WCOM5195:00: i2c-WCOM5195:00 supply vdd not found, using dummy regulator
[   10.366698] i2c_hid i2c-WCOM5195:00: i2c-WCOM5195:00 supply vddl not found, using dummy regulator
[   10.371759] RAPL PMU: API unit is 2^-32 Joules, 5 fixed counters, 655360 ms ovfl timer
[   10.371760] RAPL PMU: hw unit of domain pp0-core 2^-14 Joules
[   10.371761] RAPL PMU: hw unit of domain package 2^-14 Joules
[   10.371762] RAPL PMU: hw unit of domain dram 2^-14 Joules
[   10.371762] RAPL PMU: hw unit of domain pp1-gpu 2^-14 Joules
[   10.371763] RAPL PMU: hw unit of domain psys 2^-14 Joules
[   10.384093] cfg80211: Loading compiled-in X.509 certificates for regulatory database
[   10.384623] cfg80211: Loaded X.509 cert 'sforshee: 00b28ddf47aef9cea7'
[   10.421511] Intel(R) Wireless WiFi driver for Linux
[   10.421512] Copyright(c) 2003- 2015 Intel Corporation
[   10.436168] iwlwifi 0000:6b:00.0: Direct firmware load for iwlwifi-9260-th-b0-jf-b0-46.ucode failed with error -2
[   10.436180] iwlwifi 0000:6b:00.0: Direct firmware load for iwlwifi-9260-th-b0-jf-b0-45.ucode failed with error -2
[   10.436190] iwlwifi 0000:6b:00.0: Direct firmware load for iwlwifi-9260-th-b0-jf-b0-44.ucode failed with error -2
[   10.441284] iwlwifi 0000:6b:00.0: loaded firmware version 43.95eb4e97.0 op_mode iwlmvm
[   10.445190] snd_hda_intel 0000:00:1f.3: bound 0000:00:02.0 (ops i915_audio_component_bind_ops [i915])
[   10.490424] iTCO_vendor_support: vendor-support=0
[   10.492252] iTCO_wdt: Intel TCO WatchDog Timer Driver v1.11
[   10.492431] iTCO_wdt: Found a Intel PCH TCO device (Version=4, TCOBASE=0x0400)
[   10.492559] snd_hda_codec_realtek hdaudioC0D0: autoconfig for ALC298: line_outs=1 (0x14/0x0/0x0/0x0/0x0) type:speaker
[   10.492561] snd_hda_codec_realtek hdaudioC0D0:    speaker_outs=0 (0x0/0x0/0x0/0x0/0x0)
[   10.492563] snd_hda_codec_realtek hdaudioC0D0:    hp_outs=1 (0x21/0x0/0x0/0x0/0x0)
[   10.492563] snd_hda_codec_realtek hdaudioC0D0:    mono: mono_out=0x0
[   10.492564] snd_hda_codec_realtek hdaudioC0D0:    inputs:
[   10.492566] snd_hda_codec_realtek hdaudioC0D0:      Mic=0x18
[   10.492634] iTCO_wdt: initialized. heartbeat=30 sec (nowayout=0)
[   10.526966] input: WCOM5195:00 056A:5195 Touchscreen as /devices/pci0000:00/0000:00:15.0/i2c_designware.0/i2c-7/i2c-WCOM5195:00/0018:056A:5195.0001/input/input7
[   10.527258] input: WCOM5195:00 056A:5195 as /devices/pci0000:00/0000:00:15.0/i2c_designware.0/i2c-7/i2c-WCOM5195:00/0018:056A:5195.0001/input/input8
[   10.527421] input: WCOM5195:00 056A:5195 as /devices/pci0000:00/0000:00:15.0/i2c_designware.0/i2c-7/i2c-WCOM5195:00/0018:056A:5195.0001/input/input9
[   10.528518] input: WCOM5195:00 056A:5195 as /devices/pci0000:00/0000:00:15.0/i2c_designware.0/i2c-7/i2c-WCOM5195:00/0018:056A:5195.0001/input/input10
[   10.528601] input: WCOM5195:00 056A:5195 Mouse as /devices/pci0000:00/0000:00:15.0/i2c_designware.0/i2c-7/i2c-WCOM5195:00/0018:056A:5195.0001/input/input11
[   10.528701] hid-generic 0018:056A:5195.0001: input,hidraw0: I2C HID v1.00 Mouse [WCOM5195:00 056A:5195] on i2c-WCOM5195:00
[   10.533995] intel_rapl: Found RAPL domain package
[   10.533996] intel_rapl: Found RAPL domain core
[   10.533997] intel_rapl: Found RAPL domain uncore
[   10.533998] intel_rapl: Found RAPL domain dram
[   10.539087] intel-lpss 0000:00:15.1: enabling device (0000 -> 0002)
[   10.539411] idma64 idma64.1: Found Intel integrated DMA 64-bit
[   10.543673] i2c_hid i2c-SYNA2B31:00: i2c-SYNA2B31:00 supply vdd not found, using dummy regulator
[   10.543687] i2c_hid i2c-SYNA2B31:00: i2c-SYNA2B31:00 supply vddl not found, using dummy regulator
[   10.554778] input: HDA Intel PCH Mic as /devices/pci0000:00/0000:00:1f.3/sound/card0/input12
[   10.554824] input: HDA Intel PCH Headphone as /devices/pci0000:00/0000:00:1f.3/sound/card0/input13
[   10.554857] input: HDA Intel PCH HDMI/DP,pcm=3 as /devices/pci0000:00/0000:00:1f.3/sound/card0/input14
[   10.554897] input: HDA Intel PCH HDMI/DP,pcm=7 as /devices/pci0000:00/0000:00:1f.3/sound/card0/input15
[   10.554926] input: HDA Intel PCH HDMI/DP,pcm=8 as /devices/pci0000:00/0000:00:1f.3/sound/card0/input16
[   10.554961] input: HDA Intel PCH HDMI/DP,pcm=9 as /devices/pci0000:00/0000:00:1f.3/sound/card0/input17
[   10.555012] input: HDA Intel PCH HDMI/DP,pcm=10 as /devices/pci0000:00/0000:00:1f.3/sound/card0/input18
[   10.559209] iwlwifi 0000:6b:00.0: Detected Intel(R) Wireless-AC 9260 160MHz, REV=0x324
[   10.571704] input: SYNA2B31:00 06CB:CD3E Mouse as /devices/pci0000:00/0000:00:15.1/i2c_designware.1/i2c-8/i2c-SYNA2B31:00/0018:06CB:CD3E.0002/input/input19
[   10.572080] input: SYNA2B31:00 06CB:CD3E Touchpad as /devices/pci0000:00/0000:00:15.1/i2c_designware.1/i2c-8/i2c-SYNA2B31:00/0018:06CB:CD3E.0002/input/input20
[   10.572459] hid-generic 0018:06CB:CD3E.0002: input,hidraw1: I2C HID v1.00 Mouse [SYNA2B31:00 06CB:CD3E] on i2c-SYNA2B31:00
[   10.574205] intel-lpss 0000:00:15.3: enabling device (0000 -> 0002)
[   10.574491] idma64 idma64.2: Found Intel integrated DMA 64-bit
[   10.577377] i2c_hid i2c-ITE8353:00: i2c-ITE8353:00 supply vdd not found, using dummy regulator
[   10.577388] i2c_hid i2c-ITE8353:00: i2c-ITE8353:00 supply vddl not found, using dummy regulator
[   10.617900] iwlwifi 0000:6b:00.0: base HW address: 48:f1:7f:cf:e6:99
[   10.699736] ieee80211 phy0: Selected rate control algorithm 'iwl-mvm-rs'
[   10.700254] thermal thermal_zone7: failed to read out thermal zone (-61)
[   10.713480] iwlwifi 0000:6b:00.0 wlp107s0: renamed from wlan0
[   10.888299] hid-generic 0018:048D:8380.0003: hidraw2: I2C HID v1.00 Device [ITE8353:00 048D:8380] on i2c-ITE8353:00
[   10.889376] intel-lpss 0000:00:19.0: enabling device (0000 -> 0002)
[   10.889793] dw-apb-uart.3: ttyS4 at MMIO 0x2ffb01d000 (irq = 32, base_baud = 115200) is a 16550A
[   10.972114] input: SYNA2B31:00 06CB:CD3E Touchpad as /devices/pci0000:00/0000:00:15.1/i2c_designware.1/i2c-8/i2c-SYNA2B31:00/0018:06CB:CD3E.0002/input/input23
[   10.973546] hid-multitouch 0018:06CB:CD3E.0002: input,hidraw1: I2C HID v1.00 Mouse [SYNA2B31:00 06CB:CD3E] on i2c-SYNA2B31:00
[   11.159311] input: Wacom HID 5195 Pen as /devices/pci0000:00/0000:00:15.0/i2c_designware.0/i2c-7/i2c-WCOM5195:00/0018:056A:5195.0001/input/input25
[   11.159676] input: Wacom HID 5195 Finger as /devices/pci0000:00/0000:00:15.0/i2c_designware.0/i2c-7/i2c-WCOM5195:00/0018:056A:5195.0001/input/input26
[   11.160038] wacom 0018:056A:5195.0001: hidraw0: I2C HID v1.00 Mouse [WCOM5195:00 056A:5195] on i2c-WCOM5195:00
[   11.429780] media: Linux media interface: v0.10
[   11.499404] videodev: Linux video capture interface: v2.00
[   11.535817] Bluetooth: Core ver 2.22
[   11.535833] NET: Registered protocol family 31
[   11.535834] Bluetooth: HCI device and connection manager initialized
[   11.535838] Bluetooth: HCI socket layer initialized
[   11.535840] Bluetooth: L2CAP socket layer initialized
[   11.535843] Bluetooth: SCO socket layer initialized
[   11.634539] uvcvideo: Found UVC 1.00 device Integrated Camera (04f2:b61e)
[   11.643566] usbcore: registered new interface driver btusb
[   11.644700] uvcvideo 1-1:1.0: Entity type for entity Realtek Extended Controls Unit was not initialized!
[   11.644705] Bluetooth: hci0: Firmware revision 0.1 build 139 week 49 2018
[   11.644709] uvcvideo 1-1:1.0: Entity type for entity Extension 4 was not initialized!
[   11.644712] uvcvideo 1-1:1.0: Entity type for entity Processing 2 was not initialized!
[   11.644715] uvcvideo 1-1:1.0: Entity type for entity Camera 1 was not initialized!
[   11.644933] input: Integrated Camera: Integrated C as /devices/pci0000:00/0000:00:14.0/usb1/1-1/1-1:1.0/input/input28
[   11.645207] usbcore: registered new interface driver uvcvideo
[   11.645209] USB Video Class driver (1.1.1)
[   12.358534] EXT4-fs (nvme0n1p2): mounted filesystem with ordered data mode. Opts: (null)
[   12.365863] EXT4-fs (dm-3): mounted filesystem with ordered data mode. Opts: (null)
[   12.470484] RPC: Registered named UNIX socket transport module.
[   12.470485] RPC: Registered udp transport module.
[   12.470486] RPC: Registered tcp transport module.
[   12.470486] RPC: Registered tcp NFSv4.1 backchannel transport module.
[   12.559636] Bluetooth: BNEP (Ethernet Emulation) ver 1.3
[   12.559638] Bluetooth: BNEP filters: protocol multicast
[   12.559641] Bluetooth: BNEP socket layer initialized
[   13.461982] bridge: filtering via arp/ip/ip6tables is no longer available by default. Update your scripts to load br_netfilter if you need this.
[   13.467630] tun: Universal TUN/TAP device driver, 1.6
[   13.468658] virbr0: port 1(virbr0-nic) entered blocking state
[   13.468659] virbr0: port 1(virbr0-nic) entered disabled state
[   13.468698] device virbr0-nic entered promiscuous mode
[   13.532074] virbr0: port 1(virbr0-nic) entered blocking state
[   13.532076] virbr0: port 1(virbr0-nic) entered listening state
[   13.562164] virbr0: port 1(virbr0-nic) entered disabled state
[   19.301056] Bluetooth: RFCOMM TTY layer initialized
[   19.301060] Bluetooth: RFCOMM socket layer initialized
[   19.301094] Bluetooth: RFCOMM ver 1.11
[   20.003110] wlp107s0: authenticate with 78:11:dc:3a:05:03
[   20.013590] wlp107s0: send auth to 78:11:dc:3a:05:03 (try 1/3)
[   20.044809] fuse init (API version 7.29)
[   20.054347] wlp107s0: authenticated
[   20.054982] wlp107s0: associate with 78:11:dc:3a:05:03 (try 1/3)
[   20.055963] wlp107s0: RX AssocResp from 78:11:dc:3a:05:03 (capab=0x831 status=0 aid=2)
[   20.057944] wlp107s0: associated
[   20.269864] IPv6: ADDRCONF(NETDEV_CHANGE): wlp107s0: link becomes ready
[   21.131386] rfkill: input handler disabled
[   22.930648] pciehp 0000:00:1c.0:pcie004: Slot(0): Card present
[   23.059043] pci 0000:01:00.0: [8086:15d3] type 01 class 0x060400
[   23.059142] pci 0000:01:00.0: enabling Extended Tags
[   23.059319] pci 0000:01:00.0: supports D1 D2
[   23.059323] pci 0000:01:00.0: PME# supported from D0 D1 D2 D3hot D3cold
[   23.062024] pci 0000:01:00.0: bridge configuration invalid ([bus 00-00]), reconfiguring
[   23.062214] pci 0000:02:00.0: [8086:15d3] type 01 class 0x060400
[   23.062297] pci 0000:02:00.0: enabling Extended Tags
[   23.062434] pci 0000:02:00.0: supports D1 D2
[   23.062437] pci 0000:02:00.0: PME# supported from D0 D1 D2 D3hot D3cold
[   23.062674] pci 0000:02:01.0: [8086:15d3] type 01 class 0x060400
[   23.062755] pci 0000:02:01.0: enabling Extended Tags
[   23.062884] pci 0000:02:01.0: supports D1 D2
[   23.062887] pci 0000:02:01.0: PME# supported from D0 D1 D2 D3hot D3cold
[   23.063089] pci 0000:02:02.0: [8086:15d3] type 01 class 0x060400
[   23.063171] pci 0000:02:02.0: enabling Extended Tags
[   23.063295] pci 0000:02:02.0: supports D1 D2
[   23.063298] pci 0000:02:02.0: PME# supported from D0 D1 D2 D3hot D3cold
[   23.063509] pci 0000:02:04.0: [8086:15d3] type 01 class 0x060400
[   23.063584] pci 0000:02:04.0: enabling Extended Tags
[   23.063698] pci 0000:02:04.0: supports D1 D2
[   23.063700] pci 0000:02:04.0: PME# supported from D0 D1 D2 D3hot D3cold
[   23.063876] pci 0000:01:00.0: PCI bridge to [bus 02-6a]
[   23.063886] pci 0000:01:00.0:   bridge window [io  0x0000-0x0fff]
[   23.063891] pci 0000:01:00.0:   bridge window [mem 0x00000000-0x000fffff]
[   23.063898] pci 0000:01:00.0:   bridge window [mem 0x00000000-0x000fffff 64bit pref]
[   23.063902] pci 0000:02:00.0: bridge configuration invalid ([bus 00-00]), reconfiguring
[   23.063912] pci 0000:02:01.0: bridge configuration invalid ([bus 00-00]), reconfiguring
[   23.063921] pci 0000:02:02.0: bridge configuration invalid ([bus 00-00]), reconfiguring
[   23.063930] pci 0000:02:04.0: bridge configuration invalid ([bus 00-00]), reconfiguring
[   23.064038] pci 0000:03:00.0: [8086:15d2] type 00 class 0x088000
[   23.064075] pci 0000:03:00.0: reg 0x10: [mem 0x00000000-0x0003ffff]
[   23.064088] pci 0000:03:00.0: reg 0x14: [mem 0x00000000-0x00000fff]
[   23.064146] pci 0000:03:00.0: enabling Extended Tags
[   23.064274] pci 0000:03:00.0: supports D1 D2
[   23.064276] pci 0000:03:00.0: PME# supported from D0 D1 D2 D3hot D3cold
[   23.064484] pci 0000:02:00.0: PCI bridge to [bus 03-6a]
[   23.064493] pci 0000:02:00.0:   bridge window [io  0x0000-0x0fff]
[   23.064498] pci 0000:02:00.0:   bridge window [mem 0x00000000-0x000fffff]
[   23.064505] pci 0000:02:00.0:   bridge window [mem 0x00000000-0x000fffff 64bit pref]
[   23.064509] pci_bus 0000:03: busn_res: [bus 03-6a] end is updated to 03
[   23.064581] pci 0000:02:01.0: PCI bridge to [bus 04-6a]
[   23.064589] pci 0000:02:01.0:   bridge window [io  0x0000-0x0fff]
[   23.064594] pci 0000:02:01.0:   bridge window [mem 0x00000000-0x000fffff]
[   23.064601] pci 0000:02:01.0:   bridge window [mem 0x00000000-0x000fffff 64bit pref]
[   23.064603] pci_bus 0000:04: busn_res: [bus 04-6a] end is updated to 37
[   23.064719] pci 0000:38:00.0: [8086:15d4] type 00 class 0x0c0330
[   23.064757] pci 0000:38:00.0: reg 0x10: [mem 0x00000000-0x0000ffff]
[   23.064957] pci 0000:38:00.0: supports D1 D2
[   23.064959] pci 0000:38:00.0: PME# supported from D0 D1 D2 D3hot D3cold
[   23.065038] pci 0000:38:00.0: 8.000 Gb/s available PCIe bandwidth, limited by 2.5 GT/s x4 link at 0000:02:02.0 (capable of 31.504 Gb/s with 8 GT/s x4 link)
[   23.065216] pci 0000:02:02.0: PCI bridge to [bus 38-6a]
[   23.065225] pci 0000:02:02.0:   bridge window [io  0x0000-0x0fff]
[   23.065229] pci 0000:02:02.0:   bridge window [mem 0x00000000-0x000fffff]
[   23.065237] pci 0000:02:02.0:   bridge window [mem 0x00000000-0x000fffff 64bit pref]
[   23.065239] pci_bus 0000:38: busn_res: [bus 38-6a] end is updated to 38
[   23.065326] pci 0000:02:04.0: PCI bridge to [bus 39-6a]
[   23.065334] pci 0000:02:04.0:   bridge window [io  0x0000-0x0fff]
[   23.065338] pci 0000:02:04.0:   bridge window [mem 0x00000000-0x000fffff]
[   23.065346] pci 0000:02:04.0:   bridge window [mem 0x00000000-0x000fffff 64bit pref]
[   23.065348] pci_bus 0000:39: busn_res: [bus 39-6a] end is updated to 6a
[   23.065353] pci_bus 0000:02: busn_res: [bus 02-6a] end is updated to 6a
[   23.065362] pci 0000:02:01.0: bridge window [mem 0x00100000-0x001fffff 64bit pref] to [bus 04-37] add_size 100000 add_align 100000
[   23.065365] pci 0000:02:01.0: bridge window [mem 0x00100000-0x001fffff] to [bus 04-37] add_size 100000 add_align 100000
[   23.065368] pci 0000:02:04.0: bridge window [mem 0x00100000-0x001fffff 64bit pref] to [bus 39-6a] add_size 100000 add_align 100000
[   23.065370] pci 0000:02:04.0: bridge window [mem 0x00100000-0x001fffff] to [bus 39-6a] add_size 100000 add_align 100000
[   23.065374] pci 0000:01:00.0: bridge window [mem 0x00100000-0x004fffff 64bit pref] to [bus 02-6a] add_size 200000 add_align 100000
[   23.065377] pci 0000:01:00.0: bridge window [mem 0x00100000-0x004fffff] to [bus 02-6a] add_size 200000 add_align 100000
[   23.065387] pci 0000:01:00.0: BAR 14: assigned [mem 0x40000000-0x6e0fffff]
[   23.065390] pci 0000:01:00.0: BAR 15: assigned [mem 0x2fb0000000-0x2ff9ffffff 64bit pref]
[   23.065393] pci 0000:01:00.0: BAR 13: no space for [io  size 0x4000]
[   23.065394] pci 0000:01:00.0: BAR 13: failed to assign [io  size 0x4000]
[   23.065398] pci 0000:01:00.0: BAR 13: no space for [io  size 0x4000]
[   23.065399] pci 0000:01:00.0: BAR 13: failed to assign [io  size 0x4000]
[   23.065408] pci 0000:02:00.0: BAR 14: assigned [mem 0x40000000-0x400fffff]
[   23.065410] pci 0000:02:00.0: BAR 15: assigned [mem 0x2fb0000000-0x2fb00fffff 64bit pref]
[   23.065413] pci 0000:02:01.0: BAR 14: assigned [mem 0x40100000-0x571fffff]
[   23.065415] pci 0000:02:01.0: BAR 15: assigned [mem 0x2fb0100000-0x2fd50fffff 64bit pref]
[   23.065417] pci 0000:02:02.0: BAR 14: assigned [mem 0x57200000-0x572fffff]
[   23.065419] pci 0000:02:02.0: BAR 15: assigned [mem 0x2fd5100000-0x2fd51fffff 64bit pref]
[   23.065421] pci 0000:02:04.0: BAR 14: assigned [mem 0x57300000-0x6e0fffff]
[   23.065423] pci 0000:02:04.0: BAR 15: assigned [mem 0x2fd5200000-0x2ff9ffffff 64bit pref]
[   23.065425] pci 0000:02:00.0: BAR 13: no space for [io  size 0x1000]
[   23.065426] pci 0000:02:00.0: BAR 13: failed to assign [io  size 0x1000]
[   23.065428] pci 0000:02:01.0: BAR 13: no space for [io  size 0x1000]
[   23.065429] pci 0000:02:01.0: BAR 13: failed to assign [io  size 0x1000]
[   23.065431] pci 0000:02:02.0: BAR 13: no space for [io  size 0x1000]
[   23.065433] pci 0000:02:02.0: BAR 13: failed to assign [io  size 0x1000]
[   23.065434] pci 0000:02:04.0: BAR 13: no space for [io  size 0x1000]
[   23.065436] pci 0000:02:04.0: BAR 13: failed to assign [io  size 0x1000]
[   23.065440] pci 0000:02:00.0: BAR 13: no space for [io  size 0x1000]
[   23.065442] pci 0000:02:00.0: BAR 13: failed to assign [io  size 0x1000]
[   23.065443] pci 0000:02:01.0: BAR 13: no space for [io  size 0x1000]
[   23.065445] pci 0000:02:01.0: BAR 13: failed to assign [io  size 0x1000]
[   23.065446] pci 0000:02:02.0: BAR 13: no space for [io  size 0x1000]
[   23.065448] pci 0000:02:02.0: BAR 13: failed to assign [io  size 0x1000]
[   23.065449] pci 0000:02:04.0: BAR 13: no space for [io  size 0x1000]
[   23.065451] pci 0000:02:04.0: BAR 13: failed to assign [io  size 0x1000]
[   23.065454] pci 0000:03:00.0: BAR 0: assigned [mem 0x40000000-0x4003ffff]
[   23.065461] pci 0000:03:00.0: BAR 1: assigned [mem 0x40040000-0x40040fff]
[   23.065466] pci 0000:02:00.0: PCI bridge to [bus 03]
[   23.065473] pci 0000:02:00.0:   bridge window [mem 0x40000000-0x400fffff]
[   23.065478] pci 0000:02:00.0:   bridge window [mem 0x2fb0000000-0x2fb00fffff 64bit pref]
[   23.065486] pci 0000:02:01.0: PCI bridge to [bus 04-37]
[   23.065492] pci 0000:02:01.0:   bridge window [mem 0x40100000-0x571fffff]
[   23.065498] pci 0000:02:01.0:   bridge window [mem 0x2fb0100000-0x2fd50fffff 64bit pref]
[   23.065508] pci 0000:38:00.0: BAR 0: assigned [mem 0x57200000-0x5720ffff]
[   23.065515] pci 0000:02:02.0: PCI bridge to [bus 38]
[   23.065522] pci 0000:02:02.0:   bridge window [mem 0x57200000-0x572fffff]
[   23.065527] pci 0000:02:02.0:   bridge window [mem 0x2fd5100000-0x2fd51fffff 64bit pref]
[   23.065534] pci 0000:02:04.0: PCI bridge to [bus 39-6a]
[   23.065541] pci 0000:02:04.0:   bridge window [mem 0x57300000-0x6e0fffff]
[   23.065545] pci 0000:02:04.0:   bridge window [mem 0x2fd5200000-0x2ff9ffffff 64bit pref]
[   23.065553] pci 0000:01:00.0: PCI bridge to [bus 02-6a]
[   23.065559] pci 0000:01:00.0:   bridge window [mem 0x40000000-0x6e0fffff]
[   23.065564] pci 0000:01:00.0:   bridge window [mem 0x2fb0000000-0x2ff9ffffff 64bit pref]
[   23.065571] pcieport 0000:00:1c.0: PCI bridge to [bus 01-6a]
[   23.065574] pcieport 0000:00:1c.0:   bridge window [io  0x4000-0x4fff]
[   23.065579] pcieport 0000:00:1c.0:   bridge window [mem 0x40000000-0x6e0fffff]
[   23.065583] pcieport 0000:00:1c.0:   bridge window [mem 0x2fb0000000-0x2ff9ffffff 64bit pref]
[   23.065589] PCI: No. 2 try to assign unassigned res
[   23.065594] pcieport 0000:00:1c.0: resource 13 [io  0x4000-0x4fff] released
[   23.065598] pcieport 0000:00:1c.0: PCI bridge to [bus 01-6a]
[   23.065616] pcieport 0000:00:1c.0: BAR 13: assigned [io  0x4000-0x7fff]
[   23.065620] pci 0000:01:00.0: BAR 13: assigned [io  0x4000-0x7fff]
[   23.065625] pci 0000:02:00.0: BAR 13: assigned [io  0x4000-0x4fff]
[   23.065628] pci 0000:02:01.0: BAR 13: assigned [io  0x5000-0x5fff]
[   23.065630] pci 0000:02:02.0: BAR 13: assigned [io  0x6000-0x6fff]
[   23.065632] pci 0000:02:04.0: BAR 13: assigned [io  0x7000-0x7fff]
[   23.065634] pci 0000:02:00.0: PCI bridge to [bus 03]
[   23.065637] pci 0000:02:00.0:   bridge window [io  0x4000-0x4fff]
[   23.065644] pci 0000:02:00.0:   bridge window [mem 0x40000000-0x400fffff]
[   23.065648] pci 0000:02:00.0:   bridge window [mem 0x2fb0000000-0x2fb00fffff 64bit pref]
[   23.065656] pci 0000:02:01.0: PCI bridge to [bus 04-37]
[   23.065659] pci 0000:02:01.0:   bridge window [io  0x5000-0x5fff]
[   23.065665] pci 0000:02:01.0:   bridge window [mem 0x40100000-0x571fffff]
[   23.065670] pci 0000:02:01.0:   bridge window [mem 0x2fb0100000-0x2fd50fffff 64bit pref]
[   23.065678] pci 0000:02:02.0: PCI bridge to [bus 38]
[   23.065682] pci 0000:02:02.0:   bridge window [io  0x6000-0x6fff]
[   23.065689] pci 0000:02:02.0:   bridge window [mem 0x57200000-0x572fffff]
[   23.065695] pci 0000:02:02.0:   bridge window [mem 0x2fd5100000-0x2fd51fffff 64bit pref]
[   23.065703] pci 0000:02:04.0: PCI bridge to [bus 39-6a]
[   23.065706] pci 0000:02:04.0:   bridge window [io  0x7000-0x7fff]
[   23.065713] pci 0000:02:04.0:   bridge window [mem 0x57300000-0x6e0fffff]
[   23.065718] pci 0000:02:04.0:   bridge window [mem 0x2fd5200000-0x2ff9ffffff 64bit pref]
[   23.065725] pci 0000:01:00.0: PCI bridge to [bus 02-6a]
[   23.065728] pci 0000:01:00.0:   bridge window [io  0x4000-0x7fff]
[   23.065734] pci 0000:01:00.0:   bridge window [mem 0x40000000-0x6e0fffff]
[   23.065739] pci 0000:01:00.0:   bridge window [mem 0x2fb0000000-0x2ff9ffffff 64bit pref]
[   23.065746] pcieport 0000:00:1c.0: PCI bridge to [bus 01-6a]
[   23.065749] pcieport 0000:00:1c.0:   bridge window [io  0x4000-0x7fff]
[   23.065753] pcieport 0000:00:1c.0:   bridge window [mem 0x40000000-0x6e0fffff]
[   23.065757] pcieport 0000:00:1c.0:   bridge window [mem 0x2fb0000000-0x2ff9ffffff 64bit pref]
[   23.065809] pcieport 0000:01:00.0: enabling device (0000 -> 0003)
[   23.066216] pcieport 0000:02:00.0: enabling device (0000 -> 0003)
[   23.066777] pcieport 0000:02:01.0: enabling device (0000 -> 0003)
[   23.066964] pciehp 0000:02:01.0:pcie204: Slot #1 AttnBtn- PwrCtrl- MRL- AttnInd- PwrInd- HotPlug+ Surprise+ Interlock- NoCompl+ LLActRep+
[   23.067254] pcieport 0000:02:02.0: enabling device (0000 -> 0003)
[   23.067577] pcieport 0000:02:04.0: enabling device (0000 -> 0003)
[   23.067785] pciehp 0000:02:04.0:pcie204: Slot #4 AttnBtn- PwrCtrl- MRL- AttnInd- PwrInd- HotPlug+ Surprise+ Interlock- NoCompl+ LLActRep+
[   23.069287] pci 0000:38:00.0: enabling device (0000 -> 0002)
[   23.069649] xhci_hcd 0000:38:00.0: xHCI Host Controller
[   23.070239] xhci_hcd 0000:38:00.0: new USB bus registered, assigned bus number 3
[   23.071384] xhci_hcd 0000:38:00.0: hcc params 0x200077c1 hci version 0x110 quirks 0x0000000200009810
[   23.071743] usb usb3: New USB device found, idVendor=1d6b, idProduct=0002, bcdDevice= 5.01
[   23.071746] usb usb3: New USB device strings: Mfr=3, Product=2, SerialNumber=1
[   23.071748] usb usb3: Product: xHCI Host Controller
[   23.071750] usb usb3: Manufacturer: Linux 5.1.0-0.rc5.git2.1.vanilla.knurd.1.fc29.x86_64 xhci-hcd
[   23.071751] usb usb3: SerialNumber: 0000:38:00.0
[   23.072162] hub 3-0:1.0: USB hub found
[   23.072175] hub 3-0:1.0: 2 ports detected
[   23.072815] xhci_hcd 0000:38:00.0: xHCI Host Controller
[   23.072934] xhci_hcd 0000:38:00.0: new USB bus registered, assigned bus number 4
[   23.072939] xhci_hcd 0000:38:00.0: Host supports USB 3.1 Enhanced SuperSpeed
[   23.072998] usb usb4: New USB device found, idVendor=1d6b, idProduct=0003, bcdDevice= 5.01
[   23.073000] usb usb4: New USB device strings: Mfr=3, Product=2, SerialNumber=1
[   23.073002] usb usb4: Product: xHCI Host Controller
[   23.073004] usb usb4: Manufacturer: Linux 5.1.0-0.rc5.git2.1.vanilla.knurd.1.fc29.x86_64 xhci-hcd
[   23.073006] usb usb4: SerialNumber: 0000:38:00.0
[   23.073381] hub 4-0:1.0: USB hub found
[   23.073393] hub 4-0:1.0: 2 ports detected
[   23.089030] thunderbolt 0000:03:00.0: enabling device (0000 -> 0002)
[   23.304184] pcieport 0000:00:1c.0: PCI bridge to [bus 01-6a]
[   23.304187] pcieport 0000:00:1c.0:   bridge window [io  0x4000-0x7fff]
[   23.304191] pcieport 0000:00:1c.0:   bridge window [mem 0x40000000-0x6e0fffff]
[   23.304193] pcieport 0000:00:1c.0:   bridge window [mem 0x2fb0000000-0x2ff9ffffff 64bit pref]
[   63.122932] pciehp 0000:00:1c.0:pcie004: Slot(0): Link Down
[   63.122943] pciehp 0000:00:1c.0:pcie004: Slot(0): Card not present
[   63.122949] pci_raw_set_power_state: 67 callbacks suppressed
[   63.122950] pcieport 0000:02:04.0: Refused to change power state, currently in D3
[   63.123324] pcieport 0000:02:02.0: Refused to change power state, currently in D3
[   63.435493] xhci_hcd 0000:38:00.0: Refused to change power state, currently in D3
[   63.603445] xhci_hcd 0000:38:00.0: Refused to change power state, currently in D3
[   63.603519] xhci_hcd 0000:38:00.0: WARN: xHC restore state timeout
[   63.603534] xhci_hcd 0000:38:00.0: PCI post-resume error -110!
[   63.603536] xhci_hcd 0000:38:00.0: HC died; cleaning up
[   63.603585] xhci_hcd 0000:38:00.0: remove, state 4
[   63.603605] usb usb4: USB disconnect, device number 1
[   63.604747] xhci_hcd 0000:38:00.0: USB bus 4 deregistered
[   63.605037] xhci_hcd 0000:38:00.0: remove, state 4
[   63.605049] usb usb3: USB disconnect, device number 1
[   63.605655] xhci_hcd 0000:38:00.0: Host halt failed, -19
[   63.605667] xhci_hcd 0000:38:00.0: Host not accessible, reset failed.
[   63.605899] xhci_hcd 0000:38:00.0: USB bus 3 deregistered
[   63.606454] pcieport 0000:02:02.0: Refused to change power state, currently in D3
[   63.607032] pcieport 0000:02:01.0: Refused to change power state, currently in D3
[   64.108453] pci_bus 0000:03: busn_res: [bus 03] is released
[   64.108494] pci_bus 0000:04: busn_res: [bus 04-37] is released
[   64.112532] pci_bus 0000:38: busn_res: [bus 38] is released
[   64.112640] pci_bus 0000:39: busn_res: [bus 39-6a] is released
[   64.112716] pci_bus 0000:02: busn_res: [bus 02-6a] is released
